0 verbose cli C:\Program Files\nodejs\node.exe C:\Program Files\nodejs\node_modules\npm\bin\npm-cli.js
1 info using npm@11.6.2
2 info using node@v24.12.0
3 silly config load:file:C:\Program Files\nodejs\node_modules\npm\npmrc
4 silly config load:file:D:\Projects\Mussa haruni\Pajedhowfurnitures\.npmrc
5 silly config load:file:C:\Users\lenovo\.npmrc
6 silly config load:file:C:\Users\lenovo\AppData\Roaming\npm\etc\npmrc
7 verbose title npm exec agent-browser --session paje-free-video upload @e31 D:\Projects\Mussa haruni\Pajedhowfurnitures\output\paje-dhow-film-50s\sources\oil.png
8 verbose argv "exec" "--yes" "--cache" "D:\\Projects\\Mussa haruni\\Pajedhowfurnitures\\output\\browser-cache" "--" "agent-browser" "--session" "paje-free-video" "upload" "@e31" "D:\\Projects\\Mussa haruni\\Pajedhowfurnitures\\output\\paje-dhow-film-50s\\sources\\oil.png"
9 verbose logfile logs-max:10 dir:D:\Projects\Mussa haruni\Pajedhowfurnitures\output\browser-cache\_logs\2026-09-13T12_10_52_730Z-
10 verbose logfile D:\Projects\Mussa haruni\Pajedhowfurnitures\output\browser-cache\_logs\2026-09-13T12_10_52_730Z-debug-0.log
11 silly logfile done cleaning log files
12 silly packumentCache heap:2348810240 maxSize:587202560 maxEntrySize:293601280
13 http fetch GET 200 https://registry.npmjs.org/agent-browser 674ms (cache revalidated)
14 silly packumentCache heap:2348810240 maxSize:587202560 maxEntrySize:293601280
15 silly packumentCache heap:2348810240 maxSize:587202560 maxEntrySize:293601280
16 verbose cwd D:\Projects\Mussa haruni\Pajedhowfurnitures
17 verbose os Windows_NT 10.0.26200
18 verbose node v24.12.0
19 verbose npm  v11.6.2
20 verbose exit 1
21 verbose code 1
