▲ Next.js 16.2.12 (Turbopack)
- Local:         http://localhost:3000
- Network:       http://10.78.188.38:3000
- Environments: .env.local
✓ Ready in 6.8s

○ Compiling / ...
 GET / 200 in 12.5s (next.js: 9.9s, application-code: 2.7s)
 GET / 200 in 782ms (next.js: 216ms, application-code: 566ms)
 GET / 200 in 117ms (next.js: 10ms, application-code: 107ms)
 GET / 200 in 83ms (next.js: 6ms, application-code: 77ms)
 GET / 200 in 237ms (next.js: 14ms, application-code: 223ms)
 GET / 200 in 386ms (next.js: 18ms, application-code: 367ms)
 GET / 200 in 218ms (next.js: 13ms, application-code: 205ms)
 GET / 200 in 200ms (next.js: 15ms, application-code: 186ms)
 GET / 200 in 188ms (next.js: 9ms, application-code: 179ms)
 GET / 200 in 191ms (next.js: 13ms, application-code: 178ms)
 GET / 200 in 216ms (next.js: 13ms, application-code: 203ms)
 GET / 200 in 201ms (next.js: 13ms, application-code: 188ms)
 GET / 200 in 231ms (next.js: 12ms, application-code: 219ms)
 GET / 200 in 93ms (next.js: 7ms, application-code: 85ms)
 GET /api/products?size=1 200 in 1366ms (next.js: 1227ms, application-code: 139ms)
 GET / 200 in 83ms (next.js: 8ms, application-code: 75ms)
 GET /api/config/store 200 in 47ms (next.js: 16ms, application-code: 31ms)
 GET /api/products?size=12&sort=createdAt,desc 200 in 51ms (next.js: 6ms, application-code: 45ms)
 GET /api/products?size=12&sort=createdAt,desc 200 in 50ms (next.js: 5ms, application-code: 45ms)
 GET /shop 200 in 107ms (next.js: 58ms, application-code: 49ms)
 GET /api/products?size=100 200 in 82ms (next.js: 30ms, application-code: 52ms)
 GET /api/products?size=100 200 in 62ms (next.js: 25ms, application-code: 37ms)
 GET /api/categories 200 in 121ms (next.js: 16ms, application-code: 105ms)
 GET /api/categories 200 in 148ms (next.js: 16ms, application-code: 132ms)
 GET /wishlist 200 in 146ms (next.js: 89ms, application-code: 56ms)
 GET /login 200 in 68ms (next.js: 39ms, application-code: 28ms)
 GET /api/banners/active 200 in 1424ms (next.js: 15ms, application-code: 1409ms)
 GET /api/banners/active 200 in 1427ms (next.js: 28ms, application-code: 1399ms)
 POST /api/auth/login 200 in 701ms (next.js: 13ms, application-code: 688ms)
 GET /api/account/orders 200 in 173ms (next.js: 4ms, application-code: 169ms)
 GET /account 200 in 128ms (next.js: 91ms, application-code: 37ms)
 GET /account 200 in 51ms (next.js: 13ms, application-code: 39ms)
 GET /cart 200 in 94ms (next.js: 58ms, application-code: 36ms)
 GET /wishlist 200 in 42ms (next.js: 7ms, application-code: 35ms)
 GET /shop 200 in 31ms (next.js: 7ms, application-code: 24ms)
 GET /api/categories 200 in 82ms (next.js: 20ms, application-code: 62ms)
 GET /api/products?size=100 200 in 49ms (next.js: 17ms, application-code: 33ms)
 GET /api/products?size=100 200 in 90ms (next.js: 28ms, application-code: 62ms)
 GET /api/categories 200 in 76ms (next.js: 6ms, application-code: 70ms)
 GET /cart 200 in 44ms (next.js: 8ms, application-code: 36ms)
 GET /account 200 in 31ms (next.js: 5ms, application-code: 26ms)
 GET /login 200 in 271ms (next.js: 11ms, application-code: 261ms)
 GET /api/config/store 200 in 76ms (next.js: 52ms, application-code: 24ms)
 GET /api/banners/active 200 in 82ms (next.js: 24ms, application-code: 57ms)
 POST /api/auth/login 200 in 683ms (next.js: 21ms, application-code: 662ms)
 GET /api/account/orders 200 in 305ms (next.js: 4ms, application-code: 300ms)
 GET /account 200 in 64ms (next.js: 9ms, application-code: 55ms)
 GET /account 200 in 43ms (next.js: 8ms, application-code: 35ms)
 GET /shop 200 in 90ms (next.js: 9ms, application-code: 80ms)
 GET /api/products?size=100 200 in 94ms (next.js: 25ms, application-code: 69ms)
 GET /api/products?size=100 200 in 72ms (next.js: 21ms, application-code: 52ms)
 GET /api/categories 200 in 131ms (next.js: 43ms, application-code: 88ms)
 GET /api/categories 200 in 95ms (next.js: 6ms, application-code: 88ms)
 GET /api/products/slug/relaxing-chair 200 in 174ms (next.js: 18ms, application-code: 156ms)
 GET /product/relaxing-chair 200 in 1266ms (next.js: 1006ms, application-code: 261ms)
 GET /api/products?category=chairs&size=8 200 in 71ms (next.js: 8ms, application-code: 63ms)
 GET /api/products?category=chairs&size=8 200 in 48ms (next.js: 9ms, application-code: 39ms)
 GET /api/reviews/product/19 200 in 97ms (next.js: 19ms, application-code: 78ms)
 GET /api/reviews/product/19 200 in 67ms (next.js: 20ms, application-code: 47ms)
 GET / 200 in 150ms (next.js: 9ms, application-code: 141ms)
 GET /api/products?size=12&sort=createdAt,desc 200 in 66ms (next.js: 24ms, application-code: 43ms)
 GET /api/products?size=12&sort=createdAt,desc 200 in 58ms (next.js: 7ms, application-code: 51ms)
✓ Compiled in 4.1s
○ Compiling / ...
 GET /account 200 in 7.6s (next.js: 3.5s, application-code: 4.1s)
 GET /account 200 in 1460ms (next.js: 78ms, application-code: 1382ms)
 GET /account 200 in 708ms (next.js: 41ms, application-code: 667ms)
 GET / 200 in 6.4s (next.js: 4.3s, application-code: 2.1s)
 GET / 200 in 1551ms (next.js: 379ms, application-code: 1172ms)
 GET / 200 in 555ms (next.js: 82ms, application-code: 473ms)
 GET /shop 200 in 252ms (next.js: 148ms, application-code: 104ms)
 GET /api/products?size=100 200 in 169ms (next.js: 39ms, application-code: 130ms)
 GET /api/products?size=100 200 in 395ms (next.js: 187ms, application-code: 208ms)
 GET /api/categories 200 in 194ms (next.js: 12ms, application-code: 182ms)
 GET /api/categories 200 in 439ms (next.js: 143ms, application-code: 296ms)
 GET / 200 in 145ms (next.js: 18ms, application-code: 127ms)
 GET /api/products?size=12&sort=createdAt,desc 200 in 96ms (next.js: 16ms, application-code: 80ms)
 GET /api/products?size=12&sort=createdAt,desc 200 in 235ms (next.js: 13ms, application-code: 222ms)
 GET /shop 200 in 151ms (next.js: 13ms, application-code: 138ms)
 GET /api/products?size=100 200 in 285ms (next.js: 107ms, application-code: 178ms)
 GET /api/categories 200 in 306ms (next.js: 65ms, application-code: 241ms)
 GET /api/products?size=100 200 in 225ms (next.js: 143ms, application-code: 82ms)
 GET /api/categories 200 in 239ms (next.js: 82ms, application-code: 158ms)
 GET / 200 in 1142ms (next.js: 10ms, application-code: 1132ms)
 GET / 200 in 637ms (next.js: 28ms, application-code: 609ms)
