#
# There is insufficient memory for the Java Runtime Environment to continue.
# Native memory allocation (malloc) failed to allocate 2023840 bytes. Error detail: Chunk::new
# Possible reasons:
#   The system is out of physical RAM or swap space
#   This process is running with CompressedOops enabled, and the Java Heap may be blocking the growth of the native heap
# Possible solutions:
#   Reduce memory load on the system
#   Increase physical memory or swap space
#   Check if swap backing store is full
#   Decrease Java heap size (-Xmx/-Xms)
#   Decrease number of Java threads
#   Decrease Java thread stack sizes (-Xss)
#   Set larger code cache with -XX:ReservedCodeCacheSize=
#   JVM is running with Unscaled Compressed Oops mode in which the Java heap is
#     placed in the first 4GB address space. The Java Heap base address is the
#     maximum limit for the native heap growth. Please use -XX:HeapBaseMinAddress
#     to set the Java Heap base and to place the Java Heap above 4GB virtual address.
# This output file may be truncated or incomplete.
#
#  Out of Memory Error (arena.cpp:168), pid=19096, tid=10136
#
# JRE version: OpenJDK Runtime Environment Temurin-21.0.11+10 (21.0.11+10) (build 21.0.11+10-LTS)
# Java VM: OpenJDK 64-Bit Server VM Temurin-21.0.11+10 (21.0.11+10-LTS, mixed mode, sharing, tiered, compressed oops, compressed class ptrs, parallel gc, windows-amd64)
# No core dump will be written. Minidumps are not enabled by default on client versions of Windows
#

---------------  S U M M A R Y ------------

Command Line: --add-modules=ALL-SYSTEM --add-opens=java.base/java.util=ALL-UNNAMED --add-opens=java.base/java.lang=ALL-UNNAMED --add-opens=java.base/sun.nio.fs=ALL-UNNAMED -Declipse.application=org.eclipse.jdt.ls.core.id1 -Dosgi.bundles.defaultStartLevel=4 -Declipse.product=org.eclipse.jdt.ls.core.product -Djava.import.generatesMetadataFilesAtProjectRoot=false -DDetectVMInstallationsJob.disabled=true -Dfile.encoding=utf8 -XX:+UseParallelGC -XX:GCTimeRatio=4 -XX:AdaptiveSizePolicyWeight=90 -Dsun.zip.disableMemoryMapping=true -Xmx2G -Xms100m -Xlog:disable -javaagent:c:\Users\lenovo\.vscode\extensions\redhat.java-1.55.0-win32-x64\lombok\lombok-1.18.39-4050.jar -XX:+HeapDumpOnOutOfMemoryError -XX:HeapDumpPath=c:\Users\lenovo\AppData\Roaming\Code\User\workspaceStorage\3ccf0c871bdb3054dc9797006317609d\redhat.java -Daether.dependencyCollector.impl=bf c:\Users\lenovo\.vscode\extensions\redhat.java-1.55.0-win32-x64\server\plugins\org.eclipse.equinox.launcher_1.7.200.v20260619-2039.jar -configuration c:\Users\lenovo\AppData\Roaming\Code\User\globalStorage\redhat.java\1.55.0\config_win -data c:\Users\lenovo\AppData\Roaming\Code\User\workspaceStorage\3ccf0c871bdb3054dc9797006317609d\redhat.java\jdt_ws --pipe=\\.\pipe\lsp-6dee980fb35b15bb1e301b864916f4fd-sock

Host: 11th Gen Intel(R) Core(TM) i5-1135G7 @ 2.40GHz, 8 cores, 7G,  Windows 11 , 64 bit Build 26100 (10.0.26100.7309)
Time: Wed Jul  8 08:07:16 2026 E. Africa Standard Time elapsed time: 50.658543 seconds (0d 0h 0m 50s)

---------------  T H R E A D  ---------------

Current thread (0x0000029bda3250c0):  JavaThread "C2 CompilerThread1" daemon [_thread_in_native, id=10136, stack(0x000000ad1ae00000,0x000000ad1af00000) (1024K)]


Current CompileTask:
C2:50658 10064       4       org.lombokweb.asm.ClassReader::readMethod (1070 bytes)

Stack: [0x000000ad1ae00000,0x000000ad1af00000]
Native frames: (J=compiled Java code, j=interpreted, Vv=VM code, C=native code)
V  [jvm.dll+0x6d7e19]
V  [jvm.dll+0x8b5096]
V  [jvm.dll+0x8b764e]
V  [jvm.dll+0x8b7d33]
V  [jvm.dll+0x284596]
V  [jvm.dll+0xc685d]
V  [jvm.dll+0xc6da1]
V  [jvm.dll+0x3bed6b]
V  [jvm.dll+0x1e4149]
V  [jvm.dll+0x24c853]
V  [jvm.dll+0x24bce0]
V  [jvm.dll+0x1cb4ae]
V  [jvm.dll+0x25baad]
V  [jvm.dll+0x25a03a]
V  [jvm.dll+0x3f868e]
V  [jvm.dll+0x85fb0d]
V  [jvm.dll+0x6d664d]
C  [ucrtbase.dll+0x37b0]
C  [KERNEL32.DLL+0x2e8d7]
C  [ntdll.dll+0x8c53c]


---------------  P R O C E S S  ---------------

Threads class SMR info:
_java_thread_list=0x0000029bd85e5570, length=40, elements={
0x0000029bf7178e20, 0x0000029bfcccdcf0, 0x0000029bfcccfb20, 0x0000029bfccd3aa0,
0x0000029bfccd4700, 0x0000029bfccddd40, 0x0000029bfcd043a0, 0x0000029bfcd08730,
0x0000029bfe6b9910, 0x0000029bfe90b040, 0x0000029bfead01c0, 0x0000029bd8357410,
0x0000029bfef904f0, 0x0000029bfef8eab0, 0x0000029bfef8fe60, 0x0000029bfef8f140,
0x0000029bfef8f7d0, 0x0000029bfef90b80, 0x0000029bfef8d700, 0x0000029bfef8dd90,
0x0000029bfef8e420, 0x0000029bd8dc81c0, 0x0000029bd8dc5a60, 0x0000029bd8dc74a0,
0x0000029bd8dc6e10, 0x0000029bd8dc53d0, 0x0000029bd8dc4d40, 0x0000029bd8dc8850,
0x0000029bd8dc9570, 0x0000029bd8dc8ee0, 0x0000029bd8dc7b30, 0x0000029bd8dc60f0,
0x0000029bd8dc9c00, 0x0000029bd8dc6780, 0x0000029bd8dca290, 0x0000029bd8dca920,
0x0000029bd8dcbcd0, 0x0000029bd8dcafb0, 0x0000029bda5790d0, 0x0000029bda3250c0
}

Java Threads: ( => current thread )
  0x0000029bf7178e20 JavaThread "main"                              [_thread_blocked, id=9508, stack(0x000000ad19800000,0x000000ad19900000) (1024K)]
  0x0000029bfcccdcf0 JavaThread "Reference Handler"          daemon [_thread_blocked, id=11908, stack(0x000000ad19c00000,0x000000ad19d00000) (1024K)]
  0x0000029bfcccfb20 JavaThread "Finalizer"                  daemon [_thread_blocked, id=14288, stack(0x000000ad19d00000,0x000000ad19e00000) (1024K)]
  0x0000029bfccd3aa0 JavaThread "Signal Dispatcher"          daemon [_thread_blocked, id=17560, stack(0x000000ad19e00000,0x000000ad19f00000) (1024K)]
  0x0000029bfccd4700 JavaThread "Attach Listener"            daemon [_thread_blocked, id=5068, stack(0x000000ad19f00000,0x000000ad1a000000) (1024K)]
  0x0000029bfccddd40 JavaThread "Service Thread"             daemon [_thread_blocked, id=11228, stack(0x000000ad1a000000,0x000000ad1a100000) (1024K)]
  0x0000029bfcd043a0 JavaThread "Monitor Deflation Thread"   daemon [_thread_blocked, id=5304, stack(0x000000ad1a100000,0x000000ad1a200000) (1024K)]
  0x0000029bfcd08730 JavaThread "C2 CompilerThread0"         daemon [_thread_blocked, id=11084, stack(0x000000ad1a200000,0x000000ad1a300000) (1024K)]
  0x0000029bfe6b9910 JavaThread "C1 CompilerThread0"         daemon [_thread_blocked, id=5200, stack(0x000000ad1a300000,0x000000ad1a400000) (1024K)]
  0x0000029bfe90b040 JavaThread "Common-Cleaner"             daemon [_thread_blocked, id=11732, stack(0x000000ad1a400000,0x000000ad1a500000) (1024K)]
  0x0000029bfead01c0 JavaThread "Notification Thread"        daemon [_thread_blocked, id=9504, stack(0x000000ad1a600000,0x000000ad1a700000) (1024K)]
  0x0000029bd8357410 JavaThread "Active Thread: Equinox Container: 334a5477-ec23-4840-8c53-749f1eb6dd77"        [_thread_blocked, id=10960, stack(0x000000ad1b400000,0x000000ad1b500000) (1024K)]
  0x0000029bfef904f0 JavaThread "Framework Event Dispatcher: Equinox Container: 334a5477-ec23-4840-8c53-749f1eb6dd77" daemon [_thread_blocked, id=4896, stack(0x000000ad1a500000,0x000000ad1a600000) (1024K)]
  0x0000029bfef8eab0 JavaThread "Start Level: Equinox Container: 334a5477-ec23-4840-8c53-749f1eb6dd77" daemon [_thread_blocked, id=3180, stack(0x000000ad1ad00000,0x000000ad1ae00000) (1024K)]
  0x0000029bfef8fe60 JavaThread "Bundle File Closer"         daemon [_thread_blocked, id=13340, stack(0x000000ad1b700000,0x000000ad1b800000) (1024K)]
  0x0000029bfef8f140 JavaThread "Refresh Thread: Equinox Container: 334a5477-ec23-4840-8c53-749f1eb6dd77" daemon [_thread_blocked, id=5108, stack(0x000000ad1b800000,0x000000ad1b900000) (1024K)]
  0x0000029bfef8f7d0 JavaThread "SCR Component Actor"        daemon [_thread_blocked, id=16696, stack(0x000000ad1af00000,0x000000ad1b000000) (1024K)]
  0x0000029bfef90b80 JavaThread "Worker-JM"                         [_thread_blocked, id=17532, stack(0x000000ad1b000000,0x000000ad1b100000) (1024K)]
  0x0000029bfef8d700 JavaThread "Worker-0: Java indexing... "        [_thread_blocked, id=12060, stack(0x000000ad1b100000,0x000000ad1b200000) (1024K)]
  0x0000029bfef8dd90 JavaThread "Worker-1"                          [_thread_blocked, id=10776, stack(0x000000ad1b200000,0x000000ad1b300000) (1024K)]
  0x0000029bfef8e420 JavaThread "Worker-2"                          [_thread_blocked, id=10552, stack(0x000000ad1b600000,0x000000ad1b700000) (1024K)]
  0x0000029bd8dc81c0 JavaThread "Java indexing"              daemon [_thread_in_native, id=2856, stack(0x000000ad1b300000,0x000000ad1b400000) (1024K)]
  0x0000029bd8dc5a60 JavaThread "Worker-3: Initialize Workspace"        [_thread_in_native, id=19308, stack(0x000000ad1ba00000,0x000000ad1bb00000) (1024K)]
  0x0000029bd8dc74a0 JavaThread "JNA Cleaner"                daemon [_thread_blocked, id=16188, stack(0x000000ad1bb00000,0x000000ad1bc00000) (1024K)]
  0x0000029bd8dc6e10 JavaThread "Worker-4"                          [_thread_blocked, id=4680, stack(0x000000ad1be00000,0x000000ad1bf00000) (1024K)]
  0x0000029bd8dc53d0 JavaThread "Worker-5"                          [_thread_blocked, id=6120, stack(0x000000ad1bf00000,0x000000ad1c000000) (1024K)]
  0x0000029bd8dc4d40 JavaThread "Thread-1"                   daemon [_thread_in_native, id=9788, stack(0x000000ad1c000000,0x000000ad1c100000) (1024K)]
  0x0000029bd8dc8850 JavaThread "Thread-2"                   daemon [_thread_in_native, id=9876, stack(0x000000ad1c100000,0x000000ad1c200000) (1024K)]
  0x0000029bd8dc9570 JavaThread "Thread-3"                   daemon [_thread_in_native, id=6624, stack(0x000000ad1c200000,0x000000ad1c300000) (1024K)]
  0x0000029bd8dc8ee0 JavaThread "Thread-4"                   daemon [_thread_in_native, id=16352, stack(0x000000ad1c300000,0x000000ad1c400000) (1024K)]
  0x0000029bd8dc7b30 JavaThread "Thread-5"                   daemon [_thread_in_native, id=4908, stack(0x000000ad1c400000,0x000000ad1c500000) (1024K)]
  0x0000029bd8dc60f0 JavaThread "Thread-6"                   daemon [_thread_in_native, id=11244, stack(0x000000ad1c500000,0x000000ad1c600000) (1024K)]
  0x0000029bd8dc9c00 JavaThread "Thread-7"                   daemon [_thread_in_native, id=18812, stack(0x000000ad1c600000,0x000000ad1c700000) (1024K)]
  0x0000029bd8dc6780 JavaThread "Thread-8"                   daemon [_thread_in_native, id=11724, stack(0x000000ad1c700000,0x000000ad1c800000) (1024K)]
  0x0000029bd8dca290 JavaThread "Thread-9"                   daemon [_thread_in_native, id=4168, stack(0x000000ad1c800000,0x000000ad1c900000) (1024K)]
  0x0000029bd8dca920 JavaThread "pool-2-thread-1"                   [_thread_blocked, id=9996, stack(0x000000ad1c900000,0x000000ad1ca00000) (1024K)]
  0x0000029bd8dcbcd0 JavaThread "WorkspaceEventsHandler"            [_thread_blocked, id=16140, stack(0x000000ad1ca00000,0x000000ad1cb00000) (1024K)]
  0x0000029bd8dcafb0 JavaThread "pool-1-thread-1"                   [_thread_blocked, id=7120, stack(0x000000ad1cb00000,0x000000ad1cc00000) (1024K)]
  0x0000029bda5790d0 JavaThread "ProjectImportProgressReporter" daemon [_thread_blocked, id=10988, stack(0x000000ad1d500000,0x000000ad1d600000) (1024K)]
=>0x0000029bda3250c0 JavaThread "C2 CompilerThread1"         daemon [_thread_in_native, id=10136, stack(0x000000ad1ae00000,0x000000ad1af00000) (1024K)]
Total: 40

Other Threads:
  0x0000029bfccb1470 VMThread "VM Thread"                           [id=15036, stack(0x000000ad19b00000,0x000000ad19c00000) (1024K)]
  0x0000029bf957a8e0 WatcherThread "VM Periodic Task Thread"        [id=10028, stack(0x000000ad19a00000,0x000000ad19b00000) (1024K)]
  0x0000029bf952dda0 WorkerThread "GC Thread#0"                     [id=2080, stack(0x000000ad19900000,0x000000ad19a00000) (1024K)]
  0x0000029bfed896f0 WorkerThread "GC Thread#1"                     [id=16080, stack(0x000000ad1a700000,0x000000ad1a800000) (1024K)]
  0x0000029bfeaae6d0 WorkerThread "GC Thread#2"                     [id=15488, stack(0x000000ad1a800000,0x000000ad1a900000) (1024K)]
  0x0000029bfeaaea80 WorkerThread "GC Thread#3"                     [id=16360, stack(0x000000ad1a900000,0x000000ad1aa00000) (1024K)]
  0x0000029bfeca0810 WorkerThread "GC Thread#4"                     [id=9880, stack(0x000000ad1aa00000,0x000000ad1ab00000) (1024K)]
  0x0000029bfeca0bc0 WorkerThread "GC Thread#5"                     [id=7640, stack(0x000000ad1ab00000,0x000000ad1ac00000) (1024K)]
  0x0000029bfeca0f70 WorkerThread "GC Thread#6"                     [id=4116, stack(0x000000ad1ac00000,0x000000ad1ad00000) (1024K)]
  0x0000029bfe715070 WorkerThread "GC Thread#7"                     [id=9720, stack(0x000000ad1b500000,0x000000ad1b600000) (1024K)]
Total: 10

Threads with active compile tasks:
C2 CompilerThread1  50720 10064       4       org.lombokweb.asm.ClassReader::readMethod (1070 bytes)
Total: 1

VM state: at safepoint (normal execution)

VM Mutex/Monitor currently owned by a thread:  ([mutex/lock_event])
[0x00007ffa1d07f570] Threads_lock - owner thread: 0x0000029bfccb1470
[0x00007ffa1d07f670] Heap_lock - owner thread: 0x0000029bd8dcafb0

Heap address: 0x0000000080000000, size: 2048 MB, Compressed Oops mode: 32-bit

CDS archive(s) mapped at: [0x0000029b93000000-0x0000029b93ba0000-0x0000029b93ba0000), size 12189696, SharedBaseAddress: 0x0000029b93000000, ArchiveRelocationMode: 1.
Compressed class space mapped at: 0x0000029b94000000-0x0000029bd4000000, reserved size: 1073741824
Narrow klass base: 0x0000029b93000000, Narrow klass shift: 0, Narrow klass range: 0x100000000

GC Precious Log:
 CardTable entry size: 512
 CPUs: 8 total, 8 available
 Memory: 7856M
 Large Page Support: Disabled
 NUMA Support: Disabled
 Compressed Oops: Enabled (32-bit)
 Alignments: Space 512K, Generation 512K, Heap 2M
 Heap Min Capacity: 100M
 Heap Initial Capacity: 100M
 Heap Max Capacity: 2G
 Pre-touch: Disabled
 Parallel Workers: 8

Heap:
 PSYoungGen      total 17408K, used 17056K [0x00000000d5580000, 0x00000000d6800000, 0x0000000100000000)
  eden space 16896K, 100% used [0x00000000d5580000,0x00000000d6600000,0x00000000d6600000)
  from space 512K, 31% used [0x00000000d6780000,0x00000000d67a8000,0x00000000d6800000)
  to   space 512K, 100% used [0x00000000d6700000,0x00000000d6780000,0x00000000d6780000)
 ParOldGen       total 68608K, used 36061K [0x0000000080000000, 0x0000000084300000, 0x00000000d5580000)
  object space 68608K, 52% used [0x0000000080000000,0x000000008233b7f8,0x0000000084300000)
 Metaspace       used 63474K, committed 64832K, reserved 1114112K
  class space    used 6841K, committed 7424K, reserved 1048576K

Card table byte_map: [0x0000029bf8dc0000,0x0000029bf91d0000] _byte_map_base: 0x0000029bf89c0000

Marking Bits: (ParMarkBitMap*) 0x00007ffa1d084460
 Begin Bits: [0x0000029b8f000000, 0x0000029b91000000)
 End Bits:   [0x0000029b91000000, 0x0000029b93000000)

Polling page: 0x0000029bf7280000

Metaspace:

Usage:
  Non-class:     55.31 MB used.
      Class:      6.68 MB used.
       Both:     61.99 MB used.

Virtual space:
  Non-class space:       64.00 MB reserved,      56.06 MB ( 88%) committed,  1 nodes.
      Class space:        1.00 GB reserved,       7.25 MB ( <1%) committed,  1 nodes.
             Both:        1.06 GB reserved,      63.31 MB (  6%) committed. 

Chunk freelists:
   Non-Class:  7.34 MB
       Class:  8.64 MB
        Both:  15.98 MB

MaxMetaspaceSize: unlimited
CompressedClassSpaceSize: 1.00 GB
Initial GC threshold: 21.00 MB
Current GC threshold: 97.31 MB
CDS: on
 - commit_granule_bytes: 65536.
 - commit_granule_words: 8192.
 - virtual_space_node_default_size: 8388608.
 - enlarge_chunks_in_place: 1.
 - use_allocation_guard: 0.


Internal statistics:

num_allocs_failed_limit: 9.
num_arena_births: 994.
num_arena_deaths: 38.
num_vsnodes_births: 2.
num_vsnodes_deaths: 0.
num_space_committed: 1013.
num_space_uncommitted: 0.
num_chunks_returned_to_freelist: 52.
num_chunks_taken_from_freelist: 3610.
num_chunk_merges: 19.
num_chunk_splits: 2263.
num_chunks_enlarged: 1411.
num_inconsistent_stats: 0.

CodeHeap 'non-profiled nmethods': size=120000Kb used=5824Kb max_used=5824Kb free=114175Kb
 bounds [0x0000029b87ad0000, 0x0000029b88090000, 0x0000029b8f000000]
CodeHeap 'profiled nmethods': size=120000Kb used=20376Kb max_used=20376Kb free=99623Kb
 bounds [0x0000029b80000000, 0x0000029b813f0000, 0x0000029b87530000]
CodeHeap 'non-nmethods': size=5760Kb used=1452Kb max_used=1509Kb free=4307Kb
 bounds [0x0000029b87530000, 0x0000029b877a0000, 0x0000029b87ad0000]
CodeCache: size=245760Kb, used=27652Kb, max_used=27709Kb, free=218105Kb
 total_blobs=10115, nmethods=9361, adapters=660, full_count=0
Compilation: enabled, stopped_count=0, restarted_count=0

Compilation events (20 events):
Event: 50.535 Thread 0x0000029bfe6b9910 nmethod 10193 0x0000029b809ec890 code [0x0000029b809eca20, 0x0000029b809ecb28]
Event: 50.556 Thread 0x0000029bfe6b9910 10197       3       java.net.URI::toLower (19 bytes)
Event: 50.556 Thread 0x0000029bfe6b9910 nmethod 10197 0x0000029b813dfd10 code [0x0000029b813dfec0, 0x0000029b813e0040]
Event: 50.559 Thread 0x0000029bfe6b9910 10198       3       java.lang.System$2::join (11 bytes)
Event: 50.559 Thread 0x0000029bfcd08730 10200       4       jdk.internal.org.objectweb.asm.SymbolTable::addConstantMemberReference (147 bytes)
Event: 50.561 Thread 0x0000029bfe6b9910 nmethod 10198 0x0000029b813e0110 code [0x0000029b813e0480, 0x0000029b813e19c0]
Event: 50.561 Thread 0x0000029bfe6b9910 10199       3       java.lang.reflect.Method::toShortSignature (78 bytes)
Event: 50.562 Thread 0x0000029bfe6b9910 nmethod 10199 0x0000029b813e2490 code [0x0000029b813e2700, 0x0000029b813e2e70]
Event: 50.607 Thread 0x0000029bfe6b9910 10202       3       lombok.core.configuration.ConfigurationFile::hashCode (8 bytes)
Event: 50.608 Thread 0x0000029bfe6b9910 nmethod 10202 0x0000029b813e3210 code [0x0000029b813e33c0, 0x0000029b813e3500]
Event: 50.608 Thread 0x0000029bfe6b9910 10203       3       lombok.core.LombokImmutableList$1::next (43 bytes)
Event: 50.608 Thread 0x0000029bfe6b9910 nmethod 10203 0x0000029b813e3610 code [0x0000029b813e37e0, 0x0000029b813e3a58]
Event: 50.612 Thread 0x0000029bfe6b9910 10204   !   3       org.eclipse.osgi.storage.bundlefile.BundleFile::createURL (36 bytes)
Event: 50.612 Thread 0x0000029bfe6b9910 nmethod 10204 0x0000029b813e3b90 code [0x0000029b813e3e00, 0x0000029b813e45a8]
Event: 50.629 Thread 0x0000029bfe6b9910 10205       3       lombok.launch.ShadowClassLoader::partOfShadow (46 bytes)
Event: 50.629 Thread 0x0000029bfe6b9910 nmethod 10205 0x0000029b813e4a10 code [0x0000029b813e4c00, 0x0000029b813e4fe8]
Event: 50.632 Thread 0x0000029bfcd08730 nmethod 10200 0x0000029b8807a110 code [0x0000029b8807a440, 0x0000029b8807c210]
Event: 50.632 Thread 0x0000029bfcd08730 10201       4       jdk.internal.org.objectweb.asm.ByteVector::putByteArray (49 bytes)
Event: 50.634 Thread 0x0000029bfcd08730 nmethod 10201 0x0000029b8807d490 code [0x0000029b8807d620, 0x0000029b8807d7e8]
Event: 50.635 Thread 0x0000029bfcd08730 10206   !   4       java.io.WinNTFileSystem::resolve (362 bytes)

GC Heap History (20 events):
Event: 45.766 GC heap before
{Heap before GC invocations=36 (full 2):
 PSYoungGen      total 19456K, used 19136K [0x00000000d5580000, 0x00000000d6d00000, 0x0000000100000000)
  eden space 16896K, 100% used [0x00000000d5580000,0x00000000d6600000,0x00000000d6600000)
  from space 2560K, 87% used [0x00000000d6800000,0x00000000d6a30000,0x00000000d6a80000)
  to   space 2560K, 0% used [0x00000000d6a80000,0x00000000d6a80000,0x00000000d6d00000)
 ParOldGen       total 68608K, used 42088K [0x0000000080000000, 0x0000000084300000, 0x00000000d5580000)
  object space 68608K, 61% used [0x0000000080000000,0x000000008291a010,0x0000000084300000)
 Metaspace       used 55612K, committed 56896K, reserved 1114112K
  class space    used 6063K, committed 6656K, reserved 1048576K
}
Event: 45.769 GC heap after
{Heap after GC invocations=36 (full 2):
 PSYoungGen      total 18432K, used 1216K [0x00000000d5580000, 0x00000000d6c00000, 0x0000000100000000)
  eden space 16896K, 0% used [0x00000000d5580000,0x00000000d5580000,0x00000000d6600000)
  from space 1536K, 79% used [0x00000000d6a80000,0x00000000d6bb0000,0x00000000d6c00000)
  to   space 2048K, 0% used [0x00000000d6800000,0x00000000d6800000,0x00000000d6a00000)
 ParOldGen       total 68608K, used 43535K [0x0000000080000000, 0x0000000084300000, 0x00000000d5580000)
  object space 68608K, 63% used [0x0000000080000000,0x0000000082a83d20,0x0000000084300000)
 Metaspace       used 55612K, committed 56896K, reserved 1114112K
  class space    used 6063K, committed 6656K, reserved 1048576K
}
Event: 46.470 GC heap before
{Heap before GC invocations=37 (full 2):
 PSYoungGen      total 18432K, used 18112K [0x00000000d5580000, 0x00000000d6c00000, 0x0000000100000000)
  eden space 16896K, 100% used [0x00000000d5580000,0x00000000d6600000,0x00000000d6600000)
  from space 1536K, 79% used [0x00000000d6a80000,0x00000000d6bb0000,0x00000000d6c00000)
  to   space 2048K, 0% used [0x00000000d6800000,0x00000000d6800000,0x00000000d6a00000)
 ParOldGen       total 68608K, used 43535K [0x0000000080000000, 0x0000000084300000, 0x00000000d5580000)
  object space 68608K, 63% used [0x0000000080000000,0x0000000082a83d20,0x0000000084300000)
 Metaspace       used 55771K, committed 57088K, reserved 1114112K
  class space    used 6063K, committed 6656K, reserved 1048576K
}
Event: 46.472 GC heap after
{Heap after GC invocations=37 (full 2):
 PSYoungGen      total 17920K, used 1024K [0x00000000d5580000, 0x00000000d6b00000, 0x0000000100000000)
  eden space 16896K, 0% used [0x00000000d5580000,0x00000000d5580000,0x00000000d6600000)
  from space 1024K, 100% used [0x00000000d6800000,0x00000000d6900000,0x00000000d6900000)
  to   space 1536K, 0% used [0x00000000d6980000,0x00000000d6980000,0x00000000d6b00000)
 ParOldGen       total 68608K, used 44359K [0x0000000080000000, 0x0000000084300000, 0x00000000d5580000)
  object space 68608K, 64% used [0x0000000080000000,0x0000000082b51d20,0x0000000084300000)
 Metaspace       used 55771K, committed 57088K, reserved 1114112K
  class space    used 6063K, committed 6656K, reserved 1048576K
}
Event: 47.443 GC heap before
{Heap before GC invocations=38 (full 2):
 PSYoungGen      total 17920K, used 17920K [0x00000000d5580000, 0x00000000d6b00000, 0x0000000100000000)
  eden space 16896K, 100% used [0x00000000d5580000,0x00000000d6600000,0x00000000d6600000)
  from space 1024K, 100% used [0x00000000d6800000,0x00000000d6900000,0x00000000d6900000)
  to   space 1536K, 0% used [0x00000000d6980000,0x00000000d6980000,0x00000000d6b00000)
 ParOldGen       total 68608K, used 44359K [0x0000000080000000, 0x0000000084300000, 0x00000000d5580000)
  object space 68608K, 64% used [0x0000000080000000,0x0000000082b51d20,0x0000000084300000)
 Metaspace       used 56667K, committed 57920K, reserved 1114112K
  class space    used 6151K, committed 6720K, reserved 1048576K
}
Event: 47.445 GC heap after
{Heap after GC invocations=38 (full 2):
 PSYoungGen      total 17920K, used 992K [0x00000000d5580000, 0x00000000d6a80000, 0x0000000100000000)
  eden space 16896K, 0% used [0x00000000d5580000,0x00000000d5580000,0x00000000d6600000)
  from space 1024K, 96% used [0x00000000d6980000,0x00000000d6a78000,0x00000000d6a80000)
  to   space 1536K, 0% used [0x00000000d6780000,0x00000000d6780000,0x00000000d6900000)
 ParOldGen       total 68608K, used 45206K [0x0000000080000000, 0x0000000084300000, 0x00000000d5580000)
  object space 68608K, 65% used [0x0000000080000000,0x0000000082c25ad0,0x0000000084300000)
 Metaspace       used 56667K, committed 57920K, reserved 1114112K
  class space    used 6151K, committed 6720K, reserved 1048576K
}
Event: 48.381 GC heap before
{Heap before GC invocations=39 (full 2):
 PSYoungGen      total 17920K, used 17888K [0x00000000d5580000, 0x00000000d6a80000, 0x0000000100000000)
  eden space 16896K, 100% used [0x00000000d5580000,0x00000000d6600000,0x00000000d6600000)
  from space 1024K, 96% used [0x00000000d6980000,0x00000000d6a78000,0x00000000d6a80000)
  to   space 1536K, 0% used [0x00000000d6780000,0x00000000d6780000,0x00000000d6900000)
 ParOldGen       total 68608K, used 45206K [0x0000000080000000, 0x0000000084300000, 0x00000000d5580000)
  object space 68608K, 65% used [0x0000000080000000,0x0000000082c25ad0,0x0000000084300000)
 Metaspace       used 58134K, committed 59392K, reserved 1114112K
  class space    used 6323K, committed 6912K, reserved 1048576K
}
Event: 48.385 GC heap after
{Heap after GC invocations=39 (full 2):
 PSYoungGen      total 18432K, used 1510K [0x00000000d5580000, 0x00000000d6b00000, 0x0000000100000000)
  eden space 16896K, 0% used [0x00000000d5580000,0x00000000d5580000,0x00000000d6600000)
  from space 1536K, 98% used [0x00000000d6780000,0x00000000d68f9860,0x00000000d6900000)
  to   space 2048K, 0% used [0x00000000d6900000,0x00000000d6900000,0x00000000d6b00000)
 ParOldGen       total 68608K, used 45974K [0x0000000080000000, 0x0000000084300000, 0x00000000d5580000)
  object space 68608K, 67% used [0x0000000080000000,0x0000000082ce5af0,0x0000000084300000)
 Metaspace       used 58134K, committed 59392K, reserved 1114112K
  class space    used 6323K, committed 6912K, reserved 1048576K
}
Event: 48.515 GC heap before
{Heap before GC invocations=40 (full 2):
 PSYoungGen      total 18432K, used 4036K [0x00000000d5580000, 0x00000000d6b00000, 0x0000000100000000)
  eden space 16896K, 14% used [0x00000000d5580000,0x00000000d57f7920,0x00000000d6600000)
  from space 1536K, 98% used [0x00000000d6780000,0x00000000d68f9860,0x00000000d6900000)
  to   space 2048K, 0% used [0x00000000d6900000,0x00000000d6900000,0x00000000d6b00000)
 ParOldGen       total 68608K, used 45974K [0x0000000080000000, 0x0000000084300000, 0x00000000d5580000)
  object space 68608K, 67% used [0x0000000080000000,0x0000000082ce5af0,0x0000000084300000)
 Metaspace       used 58489K, committed 59776K, reserved 1114112K
  class space    used 6360K, committed 6976K, reserved 1048576K
}
Event: 48.518 GC heap after
{Heap after GC invocations=40 (full 2):
 PSYoungGen      total 17920K, used 512K [0x00000000d5580000, 0x00000000d6a00000, 0x0000000100000000)
  eden space 16896K, 0% used [0x00000000d5580000,0x00000000d5580000,0x00000000d6600000)
  from space 1024K, 50% used [0x00000000d6900000,0x00000000d6980020,0x00000000d6a00000)
  to   space 1536K, 0% used [0x00000000d6700000,0x00000000d6700000,0x00000000d6880000)
 ParOldGen       total 68608K, used 47441K [0x0000000080000000, 0x0000000084300000, 0x00000000d5580000)
  object space 68608K, 69% used [0x0000000080000000,0x0000000082e546e8,0x0000000084300000)
 Metaspace       used 58489K, committed 59776K, reserved 1114112K
  class space    used 6360K, committed 6976K, reserved 1048576K
}
Event: 48.518 GC heap before
{Heap before GC invocations=41 (full 3):
 PSYoungGen      total 17920K, used 512K [0x00000000d5580000, 0x00000000d6a00000, 0x0000000100000000)
  eden space 16896K, 0% used [0x00000000d5580000,0x00000000d5580000,0x00000000d6600000)
  from space 1024K, 50% used [0x00000000d6900000,0x00000000d6980020,0x00000000d6a00000)
  to   space 1536K, 0% used [0x00000000d6700000,0x00000000d6700000,0x00000000d6880000)
 ParOldGen       total 68608K, used 47441K [0x0000000080000000, 0x0000000084300000, 0x00000000d5580000)
  object space 68608K, 69% used [0x0000000080000000,0x0000000082e546e8,0x0000000084300000)
 Metaspace       used 58489K, committed 59776K, reserved 1114112K
  class space    used 6360K, committed 6976K, reserved 1048576K
}
Event: 48.667 GC heap after
{Heap after GC invocations=41 (full 3):
 PSYoungGen      total 17920K, used 0K [0x00000000d5580000, 0x00000000d6a00000, 0x0000000100000000)
  eden space 16896K, 0% used [0x00000000d5580000,0x00000000d5580000,0x00000000d6600000)
  from space 1024K, 0% used [0x00000000d6900000,0x00000000d6900000,0x00000000d6a00000)
  to   space 1536K, 0% used [0x00000000d6700000,0x00000000d6700000,0x00000000d6880000)
 ParOldGen       total 68608K, used 34158K [0x0000000080000000, 0x0000000084300000, 0x00000000d5580000)
  object space 68608K, 49% used [0x0000000080000000,0x000000008215b9b8,0x0000000084300000)
 Metaspace       used 58484K, committed 59776K, reserved 1114112K
  class space    used 6359K, committed 6976K, reserved 1048576K
}
Event: 49.191 GC heap before
{Heap before GC invocations=42 (full 3):
 PSYoungGen      total 17920K, used 16832K [0x00000000d5580000, 0x00000000d6a00000, 0x0000000100000000)
  eden space 16896K, 99% used [0x00000000d5580000,0x00000000d65f01c0,0x00000000d6600000)
  from space 1024K, 0% used [0x00000000d6900000,0x00000000d6900000,0x00000000d6a00000)
  to   space 1536K, 0% used [0x00000000d6700000,0x00000000d6700000,0x00000000d6880000)
 ParOldGen       total 68608K, used 34158K [0x0000000080000000, 0x0000000084300000, 0x00000000d5580000)
  object space 68608K, 49% used [0x0000000080000000,0x000000008215b9b8,0x0000000084300000)
 Metaspace       used 59550K, committed 60928K, reserved 1114112K
  class space    used 6511K, committed 7104K, reserved 1048576K
}
Event: 49.193 GC heap after
{Heap after GC invocations=42 (full 3):
 PSYoungGen      total 18432K, used 443K [0x00000000d5580000, 0x00000000d6980000, 0x0000000100000000)
  eden space 16896K, 0% used [0x00000000d5580000,0x00000000d5580000,0x00000000d6600000)
  from space 1536K, 28% used [0x00000000d6700000,0x00000000d676eed8,0x00000000d6880000)
  to   space 1024K, 0% used [0x00000000d6880000,0x00000000d6880000,0x00000000d6980000)
 ParOldGen       total 68608K, used 34166K [0x0000000080000000, 0x0000000084300000, 0x00000000d5580000)
  object space 68608K, 49% used [0x0000000080000000,0x000000008215d9b8,0x0000000084300000)
 Metaspace       used 59550K, committed 60928K, reserved 1114112K
  class space    used 6511K, committed 7104K, reserved 1048576K
}
Event: 49.648 GC heap before
{Heap before GC invocations=43 (full 3):
 PSYoungGen      total 18432K, used 17339K [0x00000000d5580000, 0x00000000d6980000, 0x0000000100000000)
  eden space 16896K, 100% used [0x00000000d5580000,0x00000000d6600000,0x00000000d6600000)
  from space 1536K, 28% used [0x00000000d6700000,0x00000000d676eed8,0x00000000d6880000)
  to   space 1024K, 0% used [0x00000000d6880000,0x00000000d6880000,0x00000000d6980000)
 ParOldGen       total 68608K, used 34166K [0x0000000080000000, 0x0000000084300000, 0x00000000d5580000)
  object space 68608K, 49% used [0x0000000080000000,0x000000008215d9b8,0x0000000084300000)
 Metaspace       used 61024K, committed 62336K, reserved 1114112K
  class space    used 6618K, committed 7232K, reserved 1048576K
}
Event: 49.651 GC heap after
{Heap after GC invocations=43 (full 3):
 PSYoungGen      total 17920K, used 1017K [0x00000000d5580000, 0x00000000d6b00000, 0x0000000100000000)
  eden space 16896K, 0% used [0x00000000d5580000,0x00000000d5580000,0x00000000d6600000)
  from space 1024K, 99% used [0x00000000d6880000,0x00000000d697e6b0,0x00000000d6980000)
  to   space 2560K, 0% used [0x00000000d6600000,0x00000000d6600000,0x00000000d6880000)
 ParOldGen       total 68608K, used 35315K [0x0000000080000000, 0x0000000084300000, 0x00000000d5580000)
  object space 68608K, 51% used [0x0000000080000000,0x000000008227cfa8,0x0000000084300000)
 Metaspace       used 61024K, committed 62336K, reserved 1114112K
  class space    used 6618K, committed 7232K, reserved 1048576K
}
Event: 49.802 GC heap before
{Heap before GC invocations=44 (full 3):
 PSYoungGen      total 17920K, used 17913K [0x00000000d5580000, 0x00000000d6b00000, 0x0000000100000000)
  eden space 16896K, 100% used [0x00000000d5580000,0x00000000d6600000,0x00000000d6600000)
  from space 1024K, 99% used [0x00000000d6880000,0x00000000d697e6b0,0x00000000d6980000)
  to   space 2560K, 0% used [0x00000000d6600000,0x00000000d6600000,0x00000000d6880000)
 ParOldGen       total 68608K, used 35315K [0x0000000080000000, 0x0000000084300000, 0x00000000d5580000)
  object space 68608K, 51% used [0x0000000080000000,0x000000008227cfa8,0x0000000084300000)
 Metaspace       used 61056K, committed 62400K, reserved 1114112K
  class space    used 6618K, committed 7232K, reserved 1048576K
}
Event: 49.804 GC heap after
{Heap after GC invocations=44 (full 3):
 PSYoungGen      total 17920K, used 809K [0x00000000d5580000, 0x00000000d6900000, 0x0000000100000000)
  eden space 16896K, 0% used [0x00000000d5580000,0x00000000d5580000,0x00000000d6600000)
  from space 1024K, 79% used [0x00000000d6600000,0x00000000d66ca6c0,0x00000000d6700000)
  to   space 1536K, 0% used [0x00000000d6780000,0x00000000d6780000,0x00000000d6900000)
 ParOldGen       total 68608K, used 35912K [0x0000000080000000, 0x0000000084300000, 0x00000000d5580000)
  object space 68608K, 52% used [0x0000000080000000,0x0000000082312030,0x0000000084300000)
 Metaspace       used 61056K, committed 62400K, reserved 1114112K
  class space    used 6618K, committed 7232K, reserved 1048576K
}
Event: 49.964 GC heap before
{Heap before GC invocations=45 (full 3):
 PSYoungGen      total 17920K, used 17705K [0x00000000d5580000, 0x00000000d6900000, 0x0000000100000000)
  eden space 16896K, 100% used [0x00000000d5580000,0x00000000d6600000,0x00000000d6600000)
  from space 1024K, 79% used [0x00000000d6600000,0x00000000d66ca6c0,0x00000000d6700000)
  to   space 1536K, 0% used [0x00000000d6780000,0x00000000d6780000,0x00000000d6900000)
 ParOldGen       total 68608K, used 35912K [0x0000000080000000, 0x0000000084300000, 0x00000000d5580000)
  object space 68608K, 52% used [0x0000000080000000,0x0000000082312030,0x0000000084300000)
 Metaspace       used 61351K, committed 62656K, reserved 1114112K
  class space    used 6637K, committed 7232K, reserved 1048576K
}
Event: 49.965 GC heap after
{Heap after GC invocations=45 (full 3):
 PSYoungGen      total 17408K, used 160K [0x00000000d5580000, 0x00000000d6800000, 0x0000000100000000)
  eden space 16896K, 0% used [0x00000000d5580000,0x00000000d5580000,0x00000000d6600000)
  from space 512K, 31% used [0x00000000d6780000,0x00000000d67a8000,0x00000000d6800000)
  to   space 512K, 0% used [0x00000000d6700000,0x00000000d6700000,0x00000000d6780000)
 ParOldGen       total 68608K, used 35952K [0x0000000080000000, 0x0000000084300000, 0x00000000d5580000)
  object space 68608K, 52% used [0x0000000080000000,0x000000008231c030,0x0000000084300000)
 Metaspace       used 61351K, committed 62656K, reserved 1114112K
  class space    used 6637K, committed 7232K, reserved 1048576K
}

Dll operation events (14 events):
Event: 0.013 Loaded shared library c:\Users\lenovo\.vscode\extensions\redhat.java-1.55.0-win32-x64\jre\21.0.11-win32-x86_64\bin\java.dll
Event: 0.075 Loaded shared library c:\Users\lenovo\.vscode\extensions\redhat.java-1.55.0-win32-x64\jre\21.0.11-win32-x86_64\bin\zip.dll
Event: 0.094 Loaded shared library C:\Users\lenovo\.vscode\extensions\redhat.java-1.55.0-win32-x64\jre\21.0.11-win32-x86_64\bin\instrument.dll
Event: 0.098 Loaded shared library C:\Users\lenovo\.vscode\extensions\redhat.java-1.55.0-win32-x64\jre\21.0.11-win32-x86_64\bin\net.dll
Event: 0.100 Loaded shared library C:\Users\lenovo\.vscode\extensions\redhat.java-1.55.0-win32-x64\jre\21.0.11-win32-x86_64\bin\nio.dll
Event: 0.102 Loaded shared library C:\Users\lenovo\.vscode\extensions\redhat.java-1.55.0-win32-x64\jre\21.0.11-win32-x86_64\bin\zip.dll
Event: 0.116 Loaded shared library C:\Users\lenovo\.vscode\extensions\redhat.java-1.55.0-win32-x64\jre\21.0.11-win32-x86_64\bin\jimage.dll
Event: 0.165 Loaded shared library c:\Users\lenovo\.vscode\extensions\redhat.java-1.55.0-win32-x64\jre\21.0.11-win32-x86_64\bin\verify.dll
Event: 7.900 Loaded shared library C:\Users\lenovo\AppData\Roaming\Code\User\globalStorage\redhat.java\1.55.0\config_win\org.eclipse.equinox.launcher\org.eclipse.equinox.launcher.win32.win32.x86_64_1.3.100.v20260613-0559\eclipse_11924.dll
Event: 25.245 Loaded shared library C:\Users\lenovo\.vscode\extensions\redhat.java-1.55.0-win32-x64\jre\21.0.11-win32-x86_64\bin\management.dll
Event: 25.252 Loaded shared library C:\Users\lenovo\.vscode\extensions\redhat.java-1.55.0-win32-x64\jre\21.0.11-win32-x86_64\bin\management_ext.dll
Event: 27.646 Loaded shared library C:\Users\lenovo\AppData\Local\Temp\jna--1106355917\jna1851873059706689226.dll
Event: 27.966 Loaded shared library C:\Users\lenovo\.vscode\extensions\redhat.java-1.55.0-win32-x64\jre\21.0.11-win32-x86_64\bin\sunmscapi.dll
Event: 28.873 Loaded shared library C:\Users\lenovo\.vscode\extensions\redhat.java-1.55.0-win32-x64\jre\21.0.11-win32-x86_64\bin\extnet.dll

Deoptimization events (20 events):
Event: 50.412 Thread 0x0000029bd8dc81c0 Uncommon trap: trap_request=0xffffffde fr.pc=0x0000029b87db6e98 relative=0x0000000000000078
Event: 50.412 Thread 0x0000029bd8dc81c0 Uncommon trap: reason=class_check action=maybe_recompile pc=0x0000029b87db6e98 method=java.util.Collections$UnmodifiableMap$UnmodifiableEntrySet$UnmodifiableEntry.getKey()Ljava/lang/Object; @ 4 c2
Event: 50.412 Thread 0x0000029bd8dc81c0 DEOPT PACKING pc=0x0000029b87db6e98 sp=0x000000ad1b3fdb10
Event: 50.412 Thread 0x0000029bd8dc81c0 DEOPT UNPACKING pc=0x0000029b87586da2 sp=0x000000ad1b3fda98 mode 2
Event: 50.412 Thread 0x0000029bd8dc81c0 Uncommon trap: trap_request=0xffffffde fr.pc=0x0000029b87db7198 relative=0x0000000000000078
Event: 50.412 Thread 0x0000029bd8dc81c0 Uncommon trap: reason=class_check action=maybe_recompile pc=0x0000029b87db7198 method=java.util.Collections$UnmodifiableMap$UnmodifiableEntrySet$UnmodifiableEntry.getValue()Ljava/lang/Object; @ 4 c2
Event: 50.412 Thread 0x0000029bd8dc81c0 DEOPT PACKING pc=0x0000029b87db7198 sp=0x000000ad1b3fdb10
Event: 50.412 Thread 0x0000029bd8dc81c0 DEOPT UNPACKING pc=0x0000029b87586da2 sp=0x000000ad1b3fda98 mode 2
Event: 50.461 Thread 0x0000029bd8dc81c0 Uncommon trap: trap_request=0xffffff45 fr.pc=0x0000029b87fa5c44 relative=0x0000000000000ee4
Event: 50.462 Thread 0x0000029bd8dc81c0 Uncommon trap: reason=unstable_if action=reinterpret pc=0x0000029b87fa5c44 method=java.util.regex.Pattern.sequence(Ljava/util/regex/Pattern$Node;)Ljava/util/regex/Pattern$Node; @ 471 c2
Event: 50.462 Thread 0x0000029bd8dc81c0 DEOPT PACKING pc=0x0000029b87fa5c44 sp=0x000000ad1b3fd580
Event: 50.462 Thread 0x0000029bd8dc81c0 DEOPT UNPACKING pc=0x0000029b87586da2 sp=0x000000ad1b3fd520 mode 2
Event: 50.507 Thread 0x0000029bd8dc81c0 Uncommon trap: trap_request=0xffffff45 fr.pc=0x0000029b87fcd44c relative=0x00000000000003ec
Event: 50.507 Thread 0x0000029bd8dc81c0 Uncommon trap: reason=unstable_if action=reinterpret pc=0x0000029b87fcd44c method=java.util.IdentityHashMap.maskNull(Ljava/lang/Object;)Ljava/lang/Object; @ 1 c2
Event: 50.507 Thread 0x0000029bd8dc81c0 DEOPT PACKING pc=0x0000029b87fcd44c sp=0x000000ad1b3fcba0
Event: 50.507 Thread 0x0000029bd8dc81c0 DEOPT UNPACKING pc=0x0000029b87586da2 sp=0x000000ad1b3fcb00 mode 2
Event: 50.554 Thread 0x0000029bd8dc81c0 Uncommon trap: trap_request=0xffffff45 fr.pc=0x0000029b87e971ac relative=0x000000000000020c
Event: 50.554 Thread 0x0000029bd8dc81c0 Uncommon trap: reason=unstable_if action=reinterpret pc=0x0000029b87e971ac method=java.util.regex.Pattern.atom()Ljava/util/regex/Pattern$Node; @ 14 c2
Event: 50.554 Thread 0x0000029bd8dc81c0 DEOPT PACKING pc=0x0000029b87e971ac sp=0x000000ad1b3fd510
Event: 50.555 Thread 0x0000029bd8dc81c0 DEOPT UNPACKING pc=0x0000029b87586da2 sp=0x000000ad1b3fd4a0 mode 2

Classes loaded (20 events):
Event: 48.122 Loading class java/io/UTFDataFormatException
Event: 48.122 Loading class java/io/UTFDataFormatException done
Event: 48.710 Loading class sun/nio/cs/ThreadLocalCoders
Event: 48.710 Loading class sun/nio/cs/ThreadLocalCoders done
Event: 48.710 Loading class sun/nio/cs/ThreadLocalCoders$1
Event: 48.711 Loading class sun/nio/cs/ThreadLocalCoders$Cache
Event: 48.711 Loading class sun/nio/cs/ThreadLocalCoders$Cache done
Event: 48.711 Loading class sun/nio/cs/ThreadLocalCoders$1 done
Event: 48.711 Loading class sun/nio/cs/ThreadLocalCoders$2
Event: 48.711 Loading class sun/nio/cs/ThreadLocalCoders$2 done
Event: 49.563 Loading class java/util/stream/ReferencePipeline$4
Event: 49.563 Loading class java/util/stream/ReferencePipeline$4 done
Event: 49.563 Loading class java/util/stream/Nodes$IntFixedNodeBuilder
Event: 49.564 Loading class java/util/stream/Node$Builder$OfInt
Event: 49.564 Loading class java/util/stream/Node$Builder$OfInt done
Event: 49.564 Loading class java/util/stream/Nodes$IntArrayNode
Event: 49.564 Loading class java/util/stream/Nodes$IntArrayNode done
Event: 49.564 Loading class java/util/stream/Nodes$IntFixedNodeBuilder done
Event: 49.564 Loading class java/util/stream/ReferencePipeline$4$1
Event: 49.564 Loading class java/util/stream/ReferencePipeline$4$1 done

Classes unloaded (19 events):
Event: 26.291 Thread 0x0000029bfccb1470 Unloading class 0x0000029b941b4800 'java/lang/invoke/LambdaForm$MH+0x0000029b941b4800'
Event: 26.291 Thread 0x0000029bfccb1470 Unloading class 0x0000029b941b4400 'java/lang/invoke/LambdaForm$MH+0x0000029b941b4400'
Event: 26.291 Thread 0x0000029bfccb1470 Unloading class 0x0000029b941b4000 'java/lang/invoke/LambdaForm$MH+0x0000029b941b4000'
Event: 26.291 Thread 0x0000029bfccb1470 Unloading class 0x0000029b941b3c00 'java/lang/invoke/LambdaForm$MH+0x0000029b941b3c00'
Event: 26.291 Thread 0x0000029bfccb1470 Unloading class 0x0000029b941b3800 'java/lang/invoke/LambdaForm$BMH+0x0000029b941b3800'
Event: 26.291 Thread 0x0000029bfccb1470 Unloading class 0x0000029b941b3400 'java/lang/invoke/LambdaForm$DMH+0x0000029b941b3400'
Event: 26.291 Thread 0x0000029bfccb1470 Unloading class 0x0000029b941b2000 'java/lang/invoke/LambdaForm$DMH+0x0000029b941b2000'
Event: 28.192 Thread 0x0000029bfccb1470 Unloading class 0x0000029b94302c00 'java/lang/invoke/LambdaForm$MH+0x0000029b94302c00'
Event: 28.192 Thread 0x0000029bfccb1470 Unloading class 0x0000029b94302400 'java/lang/invoke/LambdaForm$MH+0x0000029b94302400'
Event: 28.192 Thread 0x0000029bfccb1470 Unloading class 0x0000029b94301c00 'java/lang/invoke/LambdaForm$MH+0x0000029b94301c00'
Event: 28.192 Thread 0x0000029bfccb1470 Unloading class 0x0000029b94301800 'java/lang/invoke/LambdaForm$DMH+0x0000029b94301800'
Event: 28.192 Thread 0x0000029bfccb1470 Unloading class 0x0000029b942fd400 'java/lang/invoke/LambdaForm$MH+0x0000029b942fd400'
Event: 28.192 Thread 0x0000029bfccb1470 Unloading class 0x0000029b942fc800 'java/lang/invoke/LambdaForm$MH+0x0000029b942fc800'
Event: 28.192 Thread 0x0000029bfccb1470 Unloading class 0x0000029b942fc000 'java/lang/invoke/LambdaForm$MH+0x0000029b942fc000'
Event: 28.192 Thread 0x0000029bfccb1470 Unloading class 0x0000029b942fb400 'java/lang/invoke/LambdaForm$MH+0x0000029b942fb400'
Event: 28.192 Thread 0x0000029bfccb1470 Unloading class 0x0000029b942fb000 'java/lang/invoke/LambdaForm$MH+0x0000029b942fb000'
Event: 48.544 Thread 0x0000029bfccb1470 Unloading class 0x0000029b94678800 'java/lang/invoke/LambdaForm$DMH+0x0000029b94678800'
Event: 48.544 Thread 0x0000029bfccb1470 Unloading class 0x0000029b94678400 'java/lang/invoke/LambdaForm$DMH+0x0000029b94678400'
Event: 48.544 Thread 0x0000029bfccb1470 Unloading class 0x0000029b94678000 'java/lang/invoke/LambdaForm$DMH+0x0000029b94678000'

Classes redefined (0 events):
No events

Internal exceptions (20 events):
Event: 47.306 Thread 0x0000029bd8dc5a60 Exception <a 'sun/nio/fs/WindowsException'{0x00000000d61d31f8}> (0x00000000d61d31f8) 
thrown [s\src\hotspot\share\prims\jni.cpp, line 520]
Event: 47.306 Thread 0x0000029bd8dc5a60 Exception <a 'sun/nio/fs/WindowsException'{0x00000000d61d45f8}> (0x00000000d61d45f8) 
thrown [s\src\hotspot\share\prims\jni.cpp, line 520]
Event: 47.762 Thread 0x0000029bd8dc5a60 Exception <a 'sun/nio/fs/WindowsException'{0x00000000d5a30ba0}> (0x00000000d5a30ba0) 
thrown [s\src\hotspot\share\prims\jni.cpp, line 520]
Event: 47.811 Thread 0x0000029bd8dc5a60 Exception <a 'sun/nio/fs/WindowsException'{0x00000000d5ad3ed0}> (0x00000000d5ad3ed0) 
thrown [s\src\hotspot\share\prims\jni.cpp, line 520]
Event: 47.814 Thread 0x0000029bd8dc5a60 Exception <a 'sun/nio/fs/WindowsException'{0x00000000d5ad9188}> (0x00000000d5ad9188) 
thrown [s\src\hotspot\share\prims\jni.cpp, line 520]
Event: 47.823 Thread 0x0000029bd8dc5a60 Exception <a 'sun/nio/fs/WindowsException'{0x00000000d5b1c818}> (0x00000000d5b1c818) 
thrown [s\src\hotspot\share\prims\jni.cpp, line 520]
Event: 47.823 Thread 0x0000029bd8dc5a60 Exception <a 'sun/nio/fs/WindowsException'{0x00000000d5b1d330}> (0x00000000d5b1d330) 
thrown [s\src\hotspot\share\prims\jni.cpp, line 520]
Event: 47.826 Thread 0x0000029bd8dc5a60 Exception <a 'sun/nio/fs/WindowsException'{0x00000000d5b23848}> (0x00000000d5b23848) 
thrown [s\src\hotspot\share\prims\jni.cpp, line 520]
Event: 47.826 Thread 0x0000029bd8dc5a60 Exception <a 'sun/nio/fs/WindowsException'{0x00000000d5b24238}> (0x00000000d5b24238) 
thrown [s\src\hotspot\share\prims\jni.cpp, line 520]
Event: 47.833 Thread 0x0000029bd8dc5a60 Exception <a 'sun/nio/fs/WindowsException'{0x00000000d5b55200}> (0x00000000d5b55200) 
thrown [s\src\hotspot\share\prims\jni.cpp, line 520]
Event: 47.833 Thread 0x0000029bd8dc5a60 Exception <a 'sun/nio/fs/WindowsException'{0x00000000d5b55d18}> (0x00000000d5b55d18) 
thrown [s\src\hotspot\share\prims\jni.cpp, line 520]
Event: 47.856 Thread 0x0000029bd8dc5a60 Exception <a 'sun/nio/fs/WindowsException'{0x00000000d5be0ef0}> (0x00000000d5be0ef0) 
thrown [s\src\hotspot\share\prims\jni.cpp, line 520]
Event: 47.856 Thread 0x0000029bd8dc5a60 Exception <a 'sun/nio/fs/WindowsException'{0x00000000d5be1a08}> (0x00000000d5be1a08) 
thrown [s\src\hotspot\share\prims\jni.cpp, line 520]
Event: 47.860 Thread 0x0000029bd8dc5a60 Exception <a 'sun/nio/fs/WindowsException'{0x00000000d5bf4008}> (0x00000000d5bf4008) 
thrown [s\src\hotspot\share\prims\jni.cpp, line 520]
Event: 47.860 Thread 0x0000029bd8dc5a60 Exception <a 'sun/nio/fs/WindowsException'{0x00000000d5bf4da8}> (0x00000000d5bf4da8) 
thrown [s\src\hotspot\share\prims\jni.cpp, line 520]
Event: 48.104 Thread 0x0000029bfef8e420 Exception <a 'sun/nio/fs/WindowsException'{0x00000000d5cac5b0}> (0x00000000d5cac5b0) 
thrown [s\src\hotspot\share\prims\jni.cpp, line 520]
Event: 48.109 Thread 0x0000029bfef8e420 Exception <a 'java/io/FileNotFoundException'{0x00000000d5ccc190}> (0x00000000d5ccc190) 
thrown [s\src\hotspot\share\prims\jni.cpp, line 520]
Event: 48.111 Thread 0x0000029bfef8e420 Exception <a 'sun/nio/fs/WindowsException'{0x00000000d5cd3a60}> (0x00000000d5cd3a60) 
thrown [s\src\hotspot\share\prims\jni.cpp, line 520]
Event: 48.113 Thread 0x0000029bfef8e420 Exception <a 'sun/nio/fs/WindowsException'{0x00000000d5cd53b8}> (0x00000000d5cd53b8) 
thrown [s\src\hotspot\share\prims\jni.cpp, line 520]
Event: 50.507 Thread 0x0000029bd8dc81c0 Implicit null exception at 0x0000029b87fcd0a7 to 0x0000029b87fcd43c

ZGC Phase Switch (0 events):
No events

VM Operations (20 events):
Event: 46.659 Executing non-safepoint VM operation: HandshakeAllThreads (Deoptimize)
Event: 46.659 Executing non-safepoint VM operation: HandshakeAllThreads (Deoptimize) done
Event: 47.164 Executing safepoint VM operation: ICBufferFull
Event: 47.164 Executing safepoint VM operation: ICBufferFull done
Event: 47.443 Executing safepoint VM operation: ParallelGCFailedAllocation (Allocation Failure)
Event: 47.445 Executing safepoint VM operation: ParallelGCFailedAllocation (Allocation Failure) done
Event: 48.381 Executing safepoint VM operation: ParallelGCFailedAllocation (Allocation Failure)
Event: 48.385 Executing safepoint VM operation: ParallelGCFailedAllocation (Allocation Failure) done
Event: 48.515 Executing safepoint VM operation: CollectForMetadataAllocation (Metadata GC Threshold)
Event: 48.667 Executing safepoint VM operation: CollectForMetadataAllocation (Metadata GC Threshold) done
Event: 49.191 Executing safepoint VM operation: ParallelGCFailedAllocation (Allocation Failure)
Event: 49.193 Executing safepoint VM operation: ParallelGCFailedAllocation (Allocation Failure) done
Event: 49.648 Executing safepoint VM operation: ParallelGCFailedAllocation (Allocation Failure)
Event: 49.652 Executing safepoint VM operation: ParallelGCFailedAllocation (Allocation Failure) done
Event: 49.802 Executing safepoint VM operation: ParallelGCFailedAllocation (Allocation Failure)
Event: 49.804 Executing safepoint VM operation: ParallelGCFailedAllocation (Allocation Failure) done
Event: 49.964 Executing safepoint VM operation: ParallelGCFailedAllocation (Allocation Failure)
Event: 49.965 Executing safepoint VM operation: ParallelGCFailedAllocation (Allocation Failure) done
Event: 50.138 Executing non-safepoint VM operation: HandshakeAllThreads (Deoptimize)
Event: 50.139 Executing non-safepoint VM operation: HandshakeAllThreads (Deoptimize) done

Memory protections (0 events):
No events

Nmethod flushes (20 events):
Event: 48.584 Thread 0x0000029bfccb1470 flushing  nmethod 0x0000029b80938710
Event: 48.584 Thread 0x0000029bfccb1470 flushing  nmethod 0x0000029b8093d410
Event: 48.584 Thread 0x0000029bfccb1470 flushing  nmethod 0x0000029b80945910
Event: 48.584 Thread 0x0000029bfccb1470 flushing  nmethod 0x0000029b80973610
Event: 48.584 Thread 0x0000029bfccb1470 flushing  nmethod 0x0000029b8097b210
Event: 48.584 Thread 0x0000029bfccb1470 flushing  nmethod 0x0000029b8097b710
Event: 48.584 Thread 0x0000029bfccb1470 flushing  nmethod 0x0000029b80983c90
Event: 48.584 Thread 0x0000029bfccb1470 flushing  nmethod 0x0000029b80984b90
Event: 48.584 Thread 0x0000029bfccb1470 flushing  nmethod 0x0000029b80985190
Event: 48.584 Thread 0x0000029bfccb1470 flushing  nmethod 0x0000029b80986390
Event: 48.584 Thread 0x0000029bfccb1470 flushing  nmethod 0x0000029b80987e90
Event: 48.584 Thread 0x0000029bfccb1470 flushing  nmethod 0x0000029b80994b10
Event: 48.584 Thread 0x0000029bfccb1470 flushing  nmethod 0x0000029b80998d90
Event: 48.584 Thread 0x0000029bfccb1470 flushing  nmethod 0x0000029b809a1610
Event: 48.584 Thread 0x0000029bfccb1470 flushing  nmethod 0x0000029b809dbb10
Event: 48.584 Thread 0x0000029bfccb1470 flushing  nmethod 0x0000029b809dbf90
Event: 48.584 Thread 0x0000029bfccb1470 flushing  nmethod 0x0000029b809ec010
Event: 48.584 Thread 0x0000029bfccb1470 flushing  nmethod 0x0000029b809ec890
Event: 48.584 Thread 0x0000029bfccb1470 flushing  nmethod 0x0000029b809ee310
Event: 48.584 Thread 0x0000029bfccb1470 flushing osr nmethod 0x0000029b80a15590

Events (20 events):
Event: 46.587 Thread 0x0000029bda578a40 Thread exited: 0x0000029bda578a40
Event: 46.587 Thread 0x0000029bda577690 Thread exited: 0x0000029bda577690
Event: 46.887 Thread 0x0000029bda3272d0 Thread exited: 0x0000029bda3272d0
Event: 47.201 Thread 0x0000029bfe6b9910 Thread added: 0x0000029bda3272d0
Event: 47.339 Thread 0x0000029bd8dc5a60 Thread added: 0x0000029bda577d20
Event: 47.339 Thread 0x0000029bd8dc5a60 Thread added: 0x0000029bda577000
Event: 47.339 Thread 0x0000029bd8dc5a60 Thread added: 0x0000029bda575c50
Event: 47.340 Thread 0x0000029bd8dc5a60 Thread added: 0x0000029bda5762e0
Event: 47.340 Thread 0x0000029bd8dc5a60 Thread added: 0x0000029bda5783b0
Event: 47.564 Thread 0x0000029bda575c50 Thread exited: 0x0000029bda575c50
Event: 47.564 Thread 0x0000029bda5762e0 Thread exited: 0x0000029bda5762e0
Event: 47.564 Thread 0x0000029bda577d20 Thread exited: 0x0000029bda577d20
Event: 47.564 Thread 0x0000029bda5783b0 Thread exited: 0x0000029bda5783b0
Event: 47.564 Thread 0x0000029bda577000 Thread exited: 0x0000029bda577000
Event: 47.697 Thread 0x0000029bda3272d0 Thread exited: 0x0000029bda3272d0
Event: 47.775 Thread 0x0000029bfe6b9910 Thread added: 0x0000029bda3272d0
Event: 47.991 Thread 0x0000029bda3272d0 Thread exited: 0x0000029bda3272d0
Event: 48.305 Thread 0x0000029bfe6b9910 Thread added: 0x0000029bda3250c0
Event: 49.752 Thread 0x0000029bfe6b9910 Thread added: 0x0000029bda324320
Event: 50.452 Thread 0x0000029bda324320 Thread exited: 0x0000029bda324320


Dynamic libraries:
0x00007ff73e8a0000 - 0x00007ff73e8ae000 	c:\Users\lenovo\.vscode\extensions\redhat.java-1.55.0-win32-x64\jre\21.0.11-win32-x86_64\bin\java.exe
0x00007ffa85fc0000 - 0x00007ffa86227000 	C:\Windows\SYSTEM32\ntdll.dll
0x00007ffa84960000 - 0x00007ffa84a29000 	C:\Windows\System32\KERNEL32.DLL
0x00007ffa83400000 - 0x00007ffa837ef000 	C:\Windows\System32\KERNELBASE.dll
0x00007ffa838f0000 - 0x00007ffa83a3b000 	C:\Windows\System32\ucrtbase.dll
0x00007ffa571e0000 - 0x00007ffa571fe000 	c:\Users\lenovo\.vscode\extensions\redhat.java-1.55.0-win32-x64\jre\21.0.11-win32-x86_64\bin\VCRUNTIME140.dll
0x00007ffa505e0000 - 0x00007ffa505f8000 	c:\Users\lenovo\.vscode\extensions\redhat.java-1.55.0-win32-x64\jre\21.0.11-win32-x86_64\bin\jli.dll
0x00007ffa85150000 - 0x00007ffa85315000 	C:\Windows\System32\USER32.dll
0x00007ffa69d80000 - 0x00007ffa6a013000 	C:\Windows\WinSxS\amd64_microsoft.windows.common-controls_6595b64144ccf1df_6.0.26100.7309_none_3e05feeae336a044\COMCTL32.dll
0x00007ffa83800000 - 0x00007ffa83827000 	C:\Windows\System32\win32u.dll
0x00007ffa848b0000 - 0x00007ffa84959000 	C:\Windows\System32\msvcrt.dll
0x00007ffa85120000 - 0x00007ffa8514b000 	C:\Windows\System32\GDI32.dll
0x00007ffa83ba0000 - 0x00007ffa83ccc000 	C:\Windows\System32\gdi32full.dll
0x00007ffa83af0000 - 0x00007ffa83b93000 	C:\Windows\System32\msvcp_win.dll
0x00007ffa83dd0000 - 0x00007ffa83e01000 	C:\Windows\System32\IMM32.DLL
0x00007ffa72f90000 - 0x00007ffa72f9c000 	c:\Users\lenovo\.vscode\extensions\redhat.java-1.55.0-win32-x64\jre\21.0.11-win32-x86_64\bin\vcruntime140_1.dll
0x00007ffa250c0000 - 0x00007ffa2514d000 	c:\Users\lenovo\.vscode\extensions\redhat.java-1.55.0-win32-x64\jre\21.0.11-win32-x86_64\bin\msvcp140.dll
0x00007ffa1c3c0000 - 0x00007ffa1d162000 	c:\Users\lenovo\.vscode\extensions\redhat.java-1.55.0-win32-x64\jre\21.0.11-win32-x86_64\bin\server\jvm.dll
0x00007ffa85b30000 - 0x00007ffa85be4000 	C:\Windows\System32\ADVAPI32.dll
0x00007ffa85a80000 - 0x00007ffa85b26000 	C:\Windows\System32\sechost.dll
0x00007ffa85c00000 - 0x00007ffa85d18000 	C:\Windows\System32\RPCRT4.dll
0x00007ffa84080000 - 0x00007ffa840f4000 	C:\Windows\System32\WS2_32.dll
0x00007ffa82f70000 - 0x00007ffa82fce000 	C:\Windows\SYSTEM32\POWRPROF.dll
0x00007ffa7b270000 - 0x00007ffa7b2a5000 	C:\Windows\SYSTEM32\WINMM.dll
0x00007ffa7ad30000 - 0x00007ffa7ad3b000 	C:\Windows\SYSTEM32\VERSION.dll
0x00007ffa82f50000 - 0x00007ffa82f64000 	C:\Windows\SYSTEM32\UMPDC.dll
0x00007ffa81e80000 - 0x00007ffa81e9b000 	C:\Windows\SYSTEM32\kernel.appcore.dll
0x00007ffa72e70000 - 0x00007ffa72e7a000 	c:\Users\lenovo\.vscode\extensions\redhat.java-1.55.0-win32-x64\jre\21.0.11-win32-x86_64\bin\jimage.dll
0x00007ffa80270000 - 0x00007ffa804b2000 	C:\Windows\SYSTEM32\DBGHELP.DLL
0x00007ffa84520000 - 0x00007ffa848a5000 	C:\Windows\System32\combase.dll
0x00007ffa84a30000 - 0x00007ffa84b06000 	C:\Windows\System32\OLEAUT32.dll
0x00007ffa5ade0000 - 0x00007ffa5ae1c000 	C:\Windows\SYSTEM32\dbgcore.DLL
0x00007ffa83a40000 - 0x00007ffa83ae5000 	C:\Windows\System32\bcryptPrimitives.dll
0x00007ffa652b0000 - 0x00007ffa652bf000 	c:\Users\lenovo\.vscode\extensions\redhat.java-1.55.0-win32-x64\jre\21.0.11-win32-x86_64\bin\instrument.dll
0x00007ffa5a8f0000 - 0x00007ffa5a910000 	c:\Users\lenovo\.vscode\extensions\redhat.java-1.55.0-win32-x64\jre\21.0.11-win32-x86_64\bin\java.dll
0x00007ffa85320000 - 0x00007ffa85a73000 	C:\Windows\System32\SHELL32.dll
0x00007ffa83110000 - 0x00007ffa8327a000 	C:\Windows\System32\wintypes.dll
0x00007ffa80cd0000 - 0x00007ffa8152e000 	C:\Windows\SYSTEM32\windows.storage.dll
0x00007ffa843c0000 - 0x00007ffa844b5000 	C:\Windows\System32\SHCORE.dll
0x00007ffa83d60000 - 0x00007ffa83dc6000 	C:\Windows\System32\shlwapi.dll
0x00007ffa83030000 - 0x00007ffa83059000 	C:\Windows\SYSTEM32\profapi.dll
0x00007ffa53e70000 - 0x00007ffa53e88000 	c:\Users\lenovo\.vscode\extensions\redhat.java-1.55.0-win32-x64\jre\21.0.11-win32-x86_64\bin\zip.dll
0x00007ffa64730000 - 0x00007ffa64740000 	C:\Users\lenovo\.vscode\extensions\redhat.java-1.55.0-win32-x64\jre\21.0.11-win32-x86_64\bin\net.dll
0x00007ffa74a50000 - 0x00007ffa74b78000 	C:\Windows\SYSTEM32\WINHTTP.dll
0x00007ffa823d0000 - 0x00007ffa8243b000 	C:\Windows\system32\mswsock.dll
0x00007ffa4fa20000 - 0x00007ffa4fa36000 	C:\Users\lenovo\.vscode\extensions\redhat.java-1.55.0-win32-x64\jre\21.0.11-win32-x86_64\bin\nio.dll
0x00007ffa63a80000 - 0x00007ffa63a90000 	c:\Users\lenovo\.vscode\extensions\redhat.java-1.55.0-win32-x64\jre\21.0.11-win32-x86_64\bin\verify.dll
0x00007ffa42d10000 - 0x00007ffa42d55000 	C:\Users\lenovo\AppData\Roaming\Code\User\globalStorage\redhat.java\1.55.0\config_win\org.eclipse.equinox.launcher\org.eclipse.equinox.launcher.win32.win32.x86_64_1.3.100.v20260613-0559\eclipse_11924.dll
0x00007ffa84210000 - 0x00007ffa843a7000 	C:\Windows\System32\ole32.dll
0x00007ffa62ac0000 - 0x00007ffa62aca000 	C:\Users\lenovo\.vscode\extensions\redhat.java-1.55.0-win32-x64\jre\21.0.11-win32-x86_64\bin\management.dll
0x00007ffa60e10000 - 0x00007ffa60e1c000 	C:\Users\lenovo\.vscode\extensions\redhat.java-1.55.0-win32-x64\jre\21.0.11-win32-x86_64\bin\management_ext.dll
0x00007ffa85110000 - 0x00007ffa85118000 	C:\Windows\System32\PSAPI.DLL
0x00007ffa827c0000 - 0x00007ffa827db000 	C:\Windows\SYSTEM32\CRYPTSP.dll
0x00007ffa81de0000 - 0x00007ffa81e1a000 	C:\Windows\system32\rsaenh.dll
0x00007ffa82480000 - 0x00007ffa824ab000 	C:\Windows\SYSTEM32\USERENV.dll
0x00007ffa83000000 - 0x00007ffa8302a000 	C:\Windows\SYSTEM32\bcrypt.dll
0x00007ffa82620000 - 0x00007ffa8262c000 	C:\Windows\SYSTEM32\CRYPTBASE.dll
0x00007ffa81920000 - 0x00007ffa81954000 	C:\Windows\SYSTEM32\IPHLPAPI.DLL
0x00007ffa843b0000 - 0x00007ffa843ba000 	C:\Windows\System32\NSI.dll
0x00007ffa10fd0000 - 0x00007ffa11019000 	C:\Users\lenovo\AppData\Local\Temp\jna--1106355917\jna1851873059706689226.dll
0x00007ffa7d4b0000 - 0x00007ffa7d4ce000 	C:\Windows\SYSTEM32\dhcpcsvc6.DLL
0x00007ffa7d3c0000 - 0x00007ffa7d3e3000 	C:\Windows\SYSTEM32\dhcpcsvc.DLL
0x00007ffa506c0000 - 0x00007ffa506ce000 	C:\Users\lenovo\.vscode\extensions\redhat.java-1.55.0-win32-x64\jre\21.0.11-win32-x86_64\bin\sunmscapi.dll
0x00007ffa83280000 - 0x00007ffa833f7000 	C:\Windows\System32\CRYPT32.dll
0x00007ffa82910000 - 0x00007ffa82940000 	C:\Windows\SYSTEM32\ncrypt.dll
0x00007ffa828c0000 - 0x00007ffa828ff000 	C:\Windows\SYSTEM32\NTASN1.dll
0x00007ffa81a00000 - 0x00007ffa81b2c000 	C:\Windows\SYSTEM32\DNSAPI.dll
0x00007ffa7af90000 - 0x00007ffa7af9b000 	C:\Windows\System32\rasadhlp.dll
0x00007ffa7d6a0000 - 0x00007ffa7d726000 	C:\Windows\System32\fwpuclnt.dll
0x00007ffa4fd40000 - 0x00007ffa4fd49000 	C:\Users\lenovo\.vscode\extensions\redhat.java-1.55.0-win32-x64\jre\21.0.11-win32-x86_64\bin\extnet.dll

JVMTI agents:
c:\Users\lenovo\.vscode\extensions\redhat.java-1.55.0-win32-x64\lombok\lombok-1.18.39-4050.jar path:c:\Users\lenovo\.vscode\extensions\redhat.java-1.55.0-win32-x64\jre\21.0.11-win32-x86_64\bin\instrument.dll, loaded, initialized, instrumentlib options:none

dbghelp: loaded successfully - version: 4.0.5 - missing functions: none
symbol engine: initialized successfully - sym options: 0x614 - pdb path: .;c:\Users\lenovo\.vscode\extensions\redhat.java-1.55.0-win32-x64\jre\21.0.11-win32-x86_64\bin;C:\Windows\SYSTEM32;C:\Windows\WinSxS\amd64_microsoft.windows.common-controls_6595b64144ccf1df_6.0.26100.7309_none_3e05feeae336a044;c:\Users\lenovo\.vscode\extensions\redhat.java-1.55.0-win32-x64\jre\21.0.11-win32-x86_64\bin\server;C:\Users\lenovo\AppData\Roaming\Code\User\globalStorage\redhat.java\1.55.0\config_win\org.eclipse.equinox.launcher\org.eclipse.equinox.launcher.win32.win32.x86_64_1.3.100.v20260613-0559;C:\Users\lenovo\AppData\Local\Temp\jna--1106355917

VM Arguments:
jvm_args: --add-modules=ALL-SYSTEM --add-opens=java.base/java.util=ALL-UNNAMED --add-opens=java.base/java.lang=ALL-UNNAMED --add-opens=java.base/sun.nio.fs=ALL-UNNAMED -Declipse.application=org.eclipse.jdt.ls.core.id1 -Dosgi.bundles.defaultStartLevel=4 -Declipse.product=org.eclipse.jdt.ls.core.product -Djava.import.generatesMetadataFilesAtProjectRoot=false -DDetectVMInstallationsJob.disabled=true -Dfile.encoding=utf8 -XX:+UseParallelGC -XX:GCTimeRatio=4 -XX:AdaptiveSizePolicyWeight=90 -Dsun.zip.disableMemoryMapping=true -Xmx2G -Xms100m -Xlog:disable -javaagent:c:\Users\lenovo\.vscode\extensions\redhat.java-1.55.0-win32-x64\lombok\lombok-1.18.39-4050.jar -XX:+HeapDumpOnOutOfMemoryError -XX:HeapDumpPath=c:\Users\lenovo\AppData\Roaming\Code\User\workspaceStorage\3ccf0c871bdb3054dc9797006317609d\redhat.java -Daether.dependencyCollector.impl=bf 
java_command: c:\Users\lenovo\.vscode\extensions\redhat.java-1.55.0-win32-x64\server\plugins\org.eclipse.equinox.launcher_1.7.200.v20260619-2039.jar -configuration c:\Users\lenovo\AppData\Roaming\Code\User\globalStorage\redhat.java\1.55.0\config_win -data c:\Users\lenovo\AppData\Roaming\Code\User\workspaceStorage\3ccf0c871bdb3054dc9797006317609d\redhat.java\jdt_ws --pipe=\\.\pipe\lsp-6dee980fb35b15bb1e301b864916f4fd-sock
java_class_path (initial): c:\Users\lenovo\.vscode\extensions\redhat.java-1.55.0-win32-x64\server\plugins\org.eclipse.equinox.launcher_1.7.200.v20260619-2039.jar
Launcher Type: SUN_STANDARD

[Global flags]
    uintx AdaptiveSizePolicyWeight                 = 90                                        {product} {command line}
     intx CICompilerCount                          = 4                                         {product} {ergonomic}
    uintx GCTimeRatio                              = 4                                         {product} {command line}
     bool HeapDumpOnOutOfMemoryError               = true                                   {manageable} {command line}
    ccstr HeapDumpPath                             = c:\Users\lenovo\AppData\Roaming\Code\User\workspaceStorage\3ccf0c871bdb3054dc9797006317609d\redhat.java         {manageable} {command line}
   size_t InitialHeapSize                          = 104857600                                 {product} {command line}
   size_t MaxHeapSize                              = 2147483648                                {product} {command line}
   size_t MaxNewSize                               = 715653120                                 {product} {ergonomic}
   size_t MinHeapDeltaBytes                        = 524288                                    {product} {ergonomic}
   size_t MinHeapSize                              = 104857600                                 {product} {command line}
   size_t NewSize                                  = 34603008                                  {product} {ergonomic}
    uintx NonNMethodCodeHeapSize                   = 5839372                                {pd product} {ergonomic}
    uintx NonProfiledCodeHeapSize                  = 122909434                              {pd product} {ergonomic}
   size_t OldSize                                  = 70254592                                  {product} {ergonomic}
    uintx ProfiledCodeHeapSize                     = 122909434                              {pd product} {ergonomic}
    uintx ReservedCodeCacheSize                    = 251658240                              {pd product} {ergonomic}
     bool SegmentedCodeCache                       = true                                      {product} {ergonomic}
   size_t SoftMaxHeapSize                          = 2147483648                             {manageable} {ergonomic}
     bool UseCompressedOops                        = true                           {product lp64_product} {ergonomic}
     bool UseLargePagesIndividualAllocation        = false                                  {pd product} {ergonomic}
     bool UseParallelGC                            = true                                      {product} {command line}

Logging:
Log output configuration:
 #0: stdout all=off uptime,level,tags foldmultilines=false
 #1: stderr all=off uptime,level,tags foldmultilines=false

Release file:
JAVA_VERSION="21.0.11" 
MODULES="java.base java.compiler java.datatransfer java.xml java.prefs java.desktop java.instrument java.logging java.management java.security.sasl java.naming java.rmi java.management.rmi java.net.http java.scripting java.security.jgss java.transaction.xa java.sql java.sql.rowset java.xml.crypto java.se java.smartcardio jdk.accessibility jdk.internal.jvmstat jdk.attach jdk.charsets jdk.internal.opt jdk.zipfs jdk.compiler jdk.crypto.ec jdk.crypto.cryptoki jdk.crypto.mscapi jdk.dynalink jdk.internal.ed jdk.editpad jdk.hotspot.agent jdk.httpserver jdk.internal.le jdk.internal.vm.ci jdk.internal.vm.compiler jdk.internal.vm.compiler.management jdk.jartool jdk.javadoc jdk.jcmd jdk.management jdk.management.agent jdk.jconsole jdk.jdeps jdk.jdwp.agent jdk.jdi jdk.jfr jdk.jshell jdk.jsobject jdk.jstatd jdk.localedata jdk.management.jfr jdk.naming.dns jdk.naming.rmi jdk.net jdk.nio.mapmode jdk.random jdk.sctp jdk.security.auth jdk.security.jgss jdk.unsupported jdk.unsupported.desktop jdk.xml.dom" 

Environment Variables:
PATH=C:\ProgramData\chocolatey\bin;C:\Windows\system32;C:\Windows;C:\Windows\System32\Wbem;C:\Windows\System32\WindowsPowerShell\v1.0\;C:\Windows\System32\OpenSSH\;C:\Program Files\nodejs\;C:\Program Files\Git\cmd;C:\Program Files\cursor\resources\app\bin;C:\Program Files\PuTTY\;C:\Program Files\Docker\Docker\resources\bin;%MAVEN_HOME%\bin;C:\Program Files\maven\apache-maven-3.9.12\bin;C:\Program Files\jdk\jdk-21.0.8_windows-x64_bin\jdk-21.0.8\bin;C:\Users\lenovo\flutter\bin;D:\New folder\bin\;C:\Users\lenovo\AppData\Local\Microsoft\WindowsApps;C:\Users\lenovo\AppData\Local\Programs\Microsoft VS Code\bin;C:\Users\lenovo\AppData\Roaming\npm;%MAVEN_HOME%\bin;;C:\tools\dart-sdk\bin;C:\Users\lenovo\AppData\Local\Pub\Cache\bin
USERNAME=lenovo
OS=Windows_NT
PROCESSOR_IDENTIFIER=Intel64 Family 6 Model 140 Stepping 1, GenuineIntel
TMP=C:\Users\lenovo\AppData\Local\Temp
TEMP=C:\Users\lenovo\AppData\Local\Temp




Periodic native trim disabled

---------------  S Y S T E M  ---------------

OS:
 Windows 11 , 64 bit Build 26100 (10.0.26100.7309)
OS uptime: 1 days 10:58 hours
Hyper-V role detected

CPU: total 8 (initial active 8) (4 cores per cpu, 2 threads per core) family 6 model 140 stepping 1 microcode 0xbe, cx8, cmov, fxsr, ht, mmx, 3dnowpref, sse, sse2, sse3, ssse3, sse4.1, sse4.2, popcnt, lzcnt, tsc, tscinvbit, avx, avx2, aes, erms, clmul, bmi1, bmi2, adx, avx512f, avx512dq, avx512cd, avx512bw, avx512vl, sha, fma, vzeroupper, avx512_vpopcntdq, avx512_vpclmulqdq, avx512_vaes, avx512_vnni, clflush, clflushopt, clwb, avx512_vbmi2, avx512_vbmi, hv, rdtscp, rdpid, fsrm, gfni, avx512_bitalg, f16c, cet_ibt, cet_ss, avx512_ifma
Processor Information for the first 8 processors :
  Max Mhz: 2419, Current Mhz: 907, Mhz Limit: 895

Memory: 4k page, system-wide physical 7856M (908M free)
TotalPageFile size 9979M (AvailPageFile size 8M)
current process WorkingSet (physical memory assigned to process): 280M, peak: 283M
current process commit charge ("private bytes"): 371M, peak: 373M

vm_info: OpenJDK 64-Bit Server VM (21.0.11+10-LTS) for windows-amd64 JRE (21.0.11+10-LTS), built on 2026-04-21T00:00:00Z by "admin" with MS VC++ 17.12 (VS2022)

END.
