#
# There is insufficient memory for the Java Runtime Environment to continue.
# Native memory allocation (malloc) failed to allocate 731376 bytes. Error detail: Chunk::new
# Possible reasons:
#   The system is out of physical RAM or swap space
#   This process is running with CompressedOops enabled, and the Java Heap may be blocking the growth of the native heap
# Possible solutions:
#   Reduce memory load on the system
#   Increase physical memory or swap space
#   Check if swap backing store is full
#   Decrease Java heap size (-Xmx/-Xms)
#   Decrease number of Java threads
#   Decrease Java thread stack sizes (-Xss)
#   Set larger code cache with -XX:ReservedCodeCacheSize=
#   JVM is running with Unscaled Compressed Oops mode in which the Java heap is
#     placed in the first 4GB address space. The Java Heap base address is the
#     maximum limit for the native heap growth. Please use -XX:HeapBaseMinAddress
#     to set the Java Heap base and to place the Java Heap above 4GB virtual address.
# This output file may be truncated or incomplete.
#
#  Out of Memory Error (arena.cpp:168), pid=18324, tid=21872
#
# JRE version: OpenJDK Runtime Environment Temurin-21.0.11+10 (21.0.11+10) (build 21.0.11+10-LTS)
# Java VM: OpenJDK 64-Bit Server VM Temurin-21.0.11+10 (21.0.11+10-LTS, mixed mode, sharing, tiered, compressed oops, compressed class ptrs, parallel gc, windows-amd64)
# No core dump will be written. Minidumps are not enabled by default on client versions of Windows
#

---------------  S U M M A R Y ------------

Command Line: --add-modules=ALL-SYSTEM --add-opens=java.base/java.util=ALL-UNNAMED --add-opens=java.base/java.lang=ALL-UNNAMED --add-opens=java.base/sun.nio.fs=ALL-UNNAMED -Declipse.application=org.eclipse.jdt.ls.core.id1 -Dosgi.bundles.defaultStartLevel=4 -Declipse.product=org.eclipse.jdt.ls.core.product -Djava.import.generatesMetadataFilesAtProjectRoot=false -DDetectVMInstallationsJob.disabled=true -Dfile.encoding=utf8 -XX:+UseParallelGC -XX:GCTimeRatio=4 -XX:AdaptiveSizePolicyWeight=90 -Dsun.zip.disableMemoryMapping=true -Xmx2G -Xms100m -Xlog:disable -javaagent:c:\Users\lenovo\.cursor\extensions\redhat.java-1.55.0-win32-x64\lombok\lombok-1.18.39-4050.jar -XX:+HeapDumpOnOutOfMemoryError -XX:HeapDumpPath=c:\Users\lenovo\AppData\Roaming\Cursor\User\workspaceStorage\3ccf0c871bdb3054dc9797006317609d\redhat.java -Daether.dependencyCollector.impl=bf c:\Users\lenovo\.cursor\extensions\redhat.java-1.55.0-win32-x64\server\plugins\org.eclipse.equinox.launcher_1.7.200.v20260619-2039.jar -configuration c:\Users\lenovo\AppData\Roaming\Cursor\User\globalStorage\redhat.java\1.55.0\config_win -data c:\Users\lenovo\AppData\Roaming\Cursor\User\workspaceStorage\3ccf0c871bdb3054dc9797006317609d\redhat.java\jdt_ws --pipe=\\.\pipe\lsp-87beb69cfb856a0daa1ce828463f2152-sock

Host: 11th Gen Intel(R) Core(TM) i5-1135G7 @ 2.40GHz, 8 cores, 7G,  Windows 11 , 64 bit Build 26100 (10.0.26100.7309)
Time: Tue Jul 14 19:02:27 2026 E. Africa Standard Time elapsed time: 68.523834 seconds (0d 0h 1m 8s)

---------------  T H R E A D  ---------------

Current thread (0x0000021efd236dd0):  JavaThread "C2 CompilerThread0" daemon [_thread_in_native, id=21872, stack(0x000000d7cce00000,0x000000d7ccf00000) (1024K)]


Current CompileTask:
C2:68524 12403   !   4       org.eclipse.jdt.internal.core.index.DiskIndex::mergeWith (623 bytes)

Stack: [0x000000d7cce00000,0x000000d7ccf00000]
Native frames: (J=compiled Java code, j=interpreted, Vv=VM code, C=native code)
V  [jvm.dll+0x6d7e19]
V  [jvm.dll+0x8b5096]
V  [jvm.dll+0x8b764e]
V  [jvm.dll+0x8b7d33]
V  [jvm.dll+0x284596]
V  [jvm.dll+0xc685d]
V  [jvm.dll+0xc6da1]
V  [jvm.dll+0x2fb4ee]
V  [jvm.dll+0x5fe9a4]
V  [jvm.dll+0x255d67]
V  [jvm.dll+0x24e2ca]
V  [jvm.dll+0x24bbe6]
V  [jvm.dll+0x1cb4ae]
V  [jvm.dll+0x25baad]
V  [jvm.dll+0x25a03a]
V  [jvm.dll+0x3f868e]
V  [jvm.dll+0x85fb0d]
V  [jvm.dll+0x6d664d]
C  [ucrtbase.dll+0x37b0]
C  [KERNEL32.DLL+0x2e8d7]
C  [ntdll.dll+0x8c53c]


---------------  P R O C E S S  ---------------

Threads class SMR info:
_java_thread_list=0x0000021edcefc050, length=39, elements={
0x0000021ef34c7d60, 0x0000021efd20bb90, 0x0000021efd20d830, 0x0000021efd2153b0,
0x0000021efd216010, 0x0000021efd218e70, 0x0000021efd22c9f0, 0x0000021efd236dd0,
0x0000021efd238540, 0x0000021efd22dda0, 0x0000021efd22fe70, 0x0000021efd22e430,
0x0000021efd22f7e0, 0x0000021efd22eac0, 0x0000021efd22d080, 0x0000021efd22f150,
0x0000021efed984f0, 0x0000021efed98b80, 0x0000021efed99210, 0x0000021efed9a5c0,
0x0000021efed9ac50, 0x0000021efed977d0, 0x0000021efed998a0, 0x0000021efed9b2e0,
0x0000021efed97e60, 0x0000021efed9d3b0, 0x0000021efed9e0d0, 0x0000021efed9b970,
0x0000021efed9da40, 0x0000021efed9e760, 0x0000021efed9c000, 0x0000021efed9c690,
0x0000021efed9cd20, 0x0000021ed5890160, 0x0000021ed588d370, 0x0000021ed588edb0,
0x0000021ed588cce0, 0x0000021ed5893c70, 0x0000021ed5891ba0
}

Java Threads: ( => current thread )
  0x0000021ef34c7d60 JavaThread "main"                              [_thread_blocked, id=26484, stack(0x000000d7cc400000,0x000000d7cc500000) (1024K)]
  0x0000021efd20bb90 JavaThread "Reference Handler"          daemon [_thread_blocked, id=23332, stack(0x000000d7cc800000,0x000000d7cc900000) (1024K)]
  0x0000021efd20d830 JavaThread "Finalizer"                  daemon [_thread_blocked, id=18704, stack(0x000000d7cc900000,0x000000d7cca00000) (1024K)]
  0x0000021efd2153b0 JavaThread "Signal Dispatcher"          daemon [_thread_blocked, id=23820, stack(0x000000d7cca00000,0x000000d7ccb00000) (1024K)]
  0x0000021efd216010 JavaThread "Attach Listener"            daemon [_thread_blocked, id=22236, stack(0x000000d7ccb00000,0x000000d7ccc00000) (1024K)]
  0x0000021efd218e70 JavaThread "Service Thread"             daemon [_thread_blocked, id=9804, stack(0x000000d7ccc00000,0x000000d7ccd00000) (1024K)]
  0x0000021efd22c9f0 JavaThread "Monitor Deflation Thread"   daemon [_thread_blocked, id=9880, stack(0x000000d7ccd00000,0x000000d7cce00000) (1024K)]
=>0x0000021efd236dd0 JavaThread "C2 CompilerThread0"         daemon [_thread_in_native, id=21872, stack(0x000000d7cce00000,0x000000d7ccf00000) (1024K)]
  0x0000021efd238540 JavaThread "C1 CompilerThread0"         daemon [_thread_blocked, id=25524, stack(0x000000d7ccf00000,0x000000d7cd000000) (1024K)]
  0x0000021efd22dda0 JavaThread "Common-Cleaner"             daemon [_thread_blocked, id=24320, stack(0x000000d7cd100000,0x000000d7cd200000) (1024K)]
  0x0000021efd22fe70 JavaThread "Notification Thread"        daemon [_thread_blocked, id=23900, stack(0x000000d7cd200000,0x000000d7cd300000) (1024K)]
  0x0000021efd22e430 JavaThread "Active Thread: Equinox Container: 100aedba-e5ba-47c3-a42e-98bee943781e"        [_thread_blocked, id=2628, stack(0x000000d7cda00000,0x000000d7cdb00000) (1024K)]
  0x0000021efd22f7e0 JavaThread "Refresh Thread: Equinox Container: 100aedba-e5ba-47c3-a42e-98bee943781e" daemon [_thread_blocked, id=21392, stack(0x000000d7cdb00000,0x000000d7cdc00000) (1024K)]
  0x0000021efd22eac0 JavaThread "Framework Event Dispatcher: Equinox Container: 100aedba-e5ba-47c3-a42e-98bee943781e" daemon [_thread_blocked, id=25628, stack(0x000000d7cd000000,0x000000d7cd100000) (1024K)]
  0x0000021efd22d080 JavaThread "Start Level: Equinox Container: 100aedba-e5ba-47c3-a42e-98bee943781e" daemon [_thread_blocked, id=18816, stack(0x000000d7cdc00000,0x000000d7cdd00000) (1024K)]
  0x0000021efd22f150 JavaThread "Bundle File Closer"         daemon [_thread_blocked, id=25308, stack(0x000000d7cde00000,0x000000d7cdf00000) (1024K)]
  0x0000021efed984f0 JavaThread "SCR Component Actor"        daemon [_thread_blocked, id=10480, stack(0x000000d7cdd00000,0x000000d7cde00000) (1024K)]
  0x0000021efed98b80 JavaThread "Worker-JM"                         [_thread_blocked, id=21220, stack(0x000000d7cdf00000,0x000000d7ce000000) (1024K)]
  0x0000021efed99210 JavaThread "JNA Cleaner"                daemon [_thread_blocked, id=22996, stack(0x000000d7ce000000,0x000000d7ce100000) (1024K)]
  0x0000021efed9a5c0 JavaThread "Worker-0"                          [_thread_blocked, id=7972, stack(0x000000d7ce100000,0x000000d7ce200000) (1024K)]
  0x0000021efed9ac50 JavaThread "Worker-1: Initialize workspace"        [_thread_blocked, id=8916, stack(0x000000d7ce200000,0x000000d7ce300000) (1024K)]
  0x0000021efed977d0 JavaThread "Worker-2: Java indexing... "        [_thread_blocked, id=23052, stack(0x000000d7ce300000,0x000000d7ce400000) (1024K)]
  0x0000021efed998a0 JavaThread "Java indexing"              daemon [_thread_blocked, id=21732, stack(0x000000d7ce500000,0x000000d7ce600000) (1024K)]
  0x0000021efed9b2e0 JavaThread "Worker-3"                          [_thread_blocked, id=17796, stack(0x000000d7ce900000,0x000000d7cea00000) (1024K)]
  0x0000021efed97e60 JavaThread "Worker-4"                          [_thread_blocked, id=18148, stack(0x000000d7cea00000,0x000000d7ceb00000) (1024K)]
  0x0000021efed9d3b0 JavaThread "Thread-1"                   daemon [_thread_in_native, id=25296, stack(0x000000d7ceb00000,0x000000d7cec00000) (1024K)]
  0x0000021efed9e0d0 JavaThread "Thread-2"                   daemon [_thread_in_native, id=18760, stack(0x000000d7cec00000,0x000000d7ced00000) (1024K)]
  0x0000021efed9b970 JavaThread "Thread-3"                   daemon [_thread_in_native, id=25492, stack(0x000000d7ced00000,0x000000d7cee00000) (1024K)]
  0x0000021efed9da40 JavaThread "Thread-4"                   daemon [_thread_in_native, id=2084, stack(0x000000d7cee00000,0x000000d7cef00000) (1024K)]
  0x0000021efed9e760 JavaThread "Thread-5"                   daemon [_thread_in_native, id=21044, stack(0x000000d7cef00000,0x000000d7cf000000) (1024K)]
  0x0000021efed9c000 JavaThread "Thread-6"                   daemon [_thread_in_native, id=24392, stack(0x000000d7cf000000,0x000000d7cf100000) (1024K)]
  0x0000021efed9c690 JavaThread "Thread-7"                   daemon [_thread_in_native, id=17932, stack(0x000000d7cf100000,0x000000d7cf200000) (1024K)]
  0x0000021efed9cd20 JavaThread "Thread-8"                   daemon [_thread_in_native, id=25192, stack(0x000000d7cf200000,0x000000d7cf300000) (1024K)]
  0x0000021ed5890160 JavaThread "Thread-9"                   daemon [_thread_in_native, id=17320, stack(0x000000d7cf300000,0x000000d7cf400000) (1024K)]
  0x0000021ed588d370 JavaThread "pool-2-thread-1"                   [_thread_blocked, id=10344, stack(0x000000d7cf400000,0x000000d7cf500000) (1024K)]
  0x0000021ed588edb0 JavaThread "WorkspaceEventsHandler"            [_thread_blocked, id=11556, stack(0x000000d7cf500000,0x000000d7cf600000) (1024K)]
  0x0000021ed588cce0 JavaThread "pool-1-thread-1"                   [_thread_blocked, id=19328, stack(0x000000d7cf600000,0x000000d7cf700000) (1024K)]
  0x0000021ed5893c70 JavaThread "ForkJoinPool.commonPool-worker-1" daemon [_thread_blocked, id=19916, stack(0x000000d7cf800000,0x000000d7cf900000) (1024K)]
  0x0000021ed5891ba0 JavaThread "PatternSearchJob-worker-1"  daemon [_thread_blocked, id=19628, stack(0x000000d7cf900000,0x000000d7cfa00000) (1024K)]
Total: 39

Other Threads:
  0x0000021efd1efc90 VMThread "VM Thread"                           [id=20520, stack(0x000000d7cc700000,0x000000d7cc800000) (1024K)]
  0x0000021ef58091a0 WatcherThread "VM Periodic Task Thread"        [id=26336, stack(0x000000d7cc600000,0x000000d7cc700000) (1024K)]
  0x0000021ef57ba5a0 WorkerThread "GC Thread#0"                     [id=13168, stack(0x000000d7cc500000,0x000000d7cc600000) (1024K)]
  0x0000021ed41846f0 WorkerThread "GC Thread#1"                     [id=25532, stack(0x000000d7cd300000,0x000000d7cd400000) (1024K)]
  0x0000021efee73a80 WorkerThread "GC Thread#2"                     [id=22892, stack(0x000000d7cd400000,0x000000d7cd500000) (1024K)]
  0x0000021eff4727e0 WorkerThread "GC Thread#3"                     [id=16060, stack(0x000000d7cd500000,0x000000d7cd600000) (1024K)]
  0x0000021efee4f030 WorkerThread "GC Thread#4"                     [id=24444, stack(0x000000d7cd600000,0x000000d7cd700000) (1024K)]
  0x0000021efee4f3e0 WorkerThread "GC Thread#5"                     [id=25988, stack(0x000000d7cd700000,0x000000d7cd800000) (1024K)]
  0x0000021efee4fba0 WorkerThread "GC Thread#6"                     [id=25768, stack(0x000000d7cd800000,0x000000d7cd900000) (1024K)]
  0x0000021eff19f1c0 WorkerThread "GC Thread#7"                     [id=2616, stack(0x000000d7cd900000,0x000000d7cda00000) (1024K)]
Total: 10

Threads with active compile tasks:
C2 CompilerThread0  68599 12403   !   4       org.eclipse.jdt.internal.core.index.DiskIndex::mergeWith (623 bytes)
Total: 1

VM state: not at safepoint (normal execution)

VM Mutex/Monitor currently owned by a thread: None

Heap address: 0x0000000080000000, size: 2048 MB, Compressed Oops mode: 32-bit

CDS archive(s) mapped at: [0x0000021e8f000000-0x0000021e8fba0000-0x0000021e8fba0000), size 12189696, SharedBaseAddress: 0x0000021e8f000000, ArchiveRelocationMode: 1.
Compressed class space mapped at: 0x0000021e90000000-0x0000021ed0000000, reserved size: 1073741824
Narrow klass base: 0x0000021e8f000000, Narrow klass shift: 0, Narrow klass range: 0x100000000

GC Precious Log:
 CardTable entry size: 512
 CPUs: 8 total, 8 available
 Memory: 7856M
 Large Page Support: Disabled
 NUMA Support: Disabled
 Compressed Oops: Enabled (32-bit)
 Alignments: Space 512K, Generation 512K, Heap 2M
 Heap Min Capacity: 100M
 Heap Initial Capacity: 100M
 Heap Max Capacity: 2G
 Pre-touch: Disabled
 Parallel Workers: 8

Heap:
 PSYoungGen      total 4096K, used 2596K [0x00000000d5580000, 0x00000000d5c00000, 0x0000000100000000)
  eden space 2048K, 46% used [0x00000000d5580000,0x00000000d56799e8,0x00000000d5780000)
  from space 2048K, 80% used [0x00000000d5a00000,0x00000000d5b99a00,0x00000000d5c00000)
  to   space 2048K, 0% used [0x00000000d5800000,0x00000000d5800000,0x00000000d5a00000)
 ParOldGen       total 632320K, used 632288K [0x0000000080000000, 0x00000000a6980000, 0x00000000d5580000)
  object space 632320K, 99% used [0x0000000080000000,0x00000000a69782a0,0x00000000a6980000)
 Metaspace       used 64635K, committed 66112K, reserved 1114112K
  class space    used 6770K, committed 7424K, reserved 1048576K

Card table byte_map: [0x0000021ef5140000,0x0000021ef5550000] _byte_map_base: 0x0000021ef4d40000

Marking Bits: (ParMarkBitMap*) 0x00007ffca2dc4460
 Begin Bits: [0x0000021ef8c50000, 0x0000021efac50000)
 End Bits:   [0x0000021efac50000, 0x0000021efcc50000)

Polling page: 0x0000021ef3470000

Metaspace:

Usage:
  Non-class:     56.51 MB used.
      Class:      6.61 MB used.
       Both:     63.12 MB used.

Virtual space:
  Non-class space:       64.00 MB reserved,      57.31 MB ( 90%) committed,  1 nodes.
      Class space:        1.00 GB reserved,       7.25 MB ( <1%) committed,  1 nodes.
             Both:        1.06 GB reserved,      64.56 MB (  6%) committed. 

Chunk freelists:
   Non-Class:  6.58 MB
       Class:  8.69 MB
        Both:  15.27 MB

MaxMetaspaceSize: unlimited
CompressedClassSpaceSize: 1.00 GB
Initial GC threshold: 21.00 MB
Current GC threshold: 97.31 MB
CDS: on
 - commit_granule_bytes: 65536.
 - commit_granule_words: 8192.
 - virtual_space_node_default_size: 8388608.
 - enlarge_chunks_in_place: 1.
 - use_allocation_guard: 0.


Internal statistics:

num_allocs_failed_limit: 9.
num_arena_births: 1226.
num_arena_deaths: 22.
num_vsnodes_births: 2.
num_vsnodes_deaths: 0.
num_space_committed: 1033.
num_space_uncommitted: 0.
num_chunks_returned_to_freelist: 34.
num_chunks_taken_from_freelist: 4358.
num_chunk_merges: 13.
num_chunk_splits: 2643.
num_chunks_enlarged: 1405.
num_inconsistent_stats: 0.

CodeHeap 'non-profiled nmethods': size=120000Kb used=8296Kb max_used=8296Kb free=111703Kb
 bounds [0x0000021e87ad0000, 0x0000021e882f0000, 0x0000021e8f000000]
CodeHeap 'profiled nmethods': size=120000Kb used=25184Kb max_used=25184Kb free=94816Kb
 bounds [0x0000021e80000000, 0x0000021e818a0000, 0x0000021e87530000]
CodeHeap 'non-nmethods': size=5760Kb used=1452Kb max_used=1516Kb free=4307Kb
 bounds [0x0000021e87530000, 0x0000021e877a0000, 0x0000021e87ad0000]
CodeCache: size=245760Kb, used=34932Kb, max_used=34996Kb, free=210826Kb
 total_blobs=12379, nmethods=11618, adapters=665, full_count=0
Compilation: enabled, stopped_count=0, restarted_count=0

Compilation events (20 events):
Event: 65.280 Thread 0x0000021efd236dd0 nmethod 12392% 0x0000021e882dfd90 code [0x0000021e882dff40, 0x0000021e882e02b0]
Event: 65.322 Thread 0x0000021efd236dd0 12393       4       org.eclipse.jdt.internal.compiler.util.Util::scanTypeSignature (206 bytes)
Event: 65.337 Thread 0x0000021efd236dd0 nmethod 12393 0x0000021e882e0410 code [0x0000021e882e0620, 0x0000021e882e0b00]
Event: 65.598 Thread 0x0000021efd236dd0 12394       4       org.eclipse.jdt.internal.compiler.classfmt.AnnotationInfo::decodeDefaultValue (871 bytes)
Event: 65.945 Thread 0x0000021efd238540 12396       3       org.eclipse.core.internal.jobs.InternalJob::internalGetState (9 bytes)
Event: 65.945 Thread 0x0000021efd238540 nmethod 12396 0x0000021e81895710 code [0x0000021e818958a0, 0x0000021e818959b0]
Event: 65.948 Thread 0x0000021efd236dd0 nmethod 12394 0x0000021e882e0f10 code [0x0000021e882e1480, 0x0000021e882e51b8]
Event: 65.949 Thread 0x0000021efd236dd0 12395       4       org.eclipse.jdt.internal.compiler.classfmt.FieldInfo::decodeAnnotations (185 bytes)
Event: 65.961 Thread 0x0000021efd236dd0 nmethod 12395 0x0000021e882e7210 code [0x0000021e882e73e0, 0x0000021e882e7920]
Event: 66.289 Thread 0x0000021efd236dd0 12397       4       java.io.File::<init> (47 bytes)
Event: 66.314 Thread 0x0000021efd236dd0 nmethod 12397 0x0000021e882e7c90 code [0x0000021e882e7ec0, 0x0000021e882e85b0]
Event: 66.448 Thread 0x0000021efd236dd0 12398       4       sun.nio.fs.NativeBuffer::close (5 bytes)
Event: 66.465 Thread 0x0000021efd238540 12399       3       java.lang.Math::min (45 bytes)
Event: 66.466 Thread 0x0000021efd238540 nmethod 12399 0x0000021e81895a90 code [0x0000021e81895c80, 0x0000021e81895fa8]
Event: 66.467 Thread 0x0000021efd236dd0 nmethod 12398 0x0000021e882e8c10 code [0x0000021e882e8e00, 0x0000021e882e9210]
Event: 67.040 Thread 0x0000021efd238540 12400       3       org.eclipse.jdt.internal.compiler.classfmt.TypeAnnotationInfo::<init> (445 bytes)
Event: 67.043 Thread 0x0000021efd238540 nmethod 12400 0x0000021e81896090 code [0x0000021e81896340, 0x0000021e81897870]
Event: 67.247 Thread 0x0000021efd236dd0 12402 %     4       java.lang.StringCoding::implEncodeAsciiArray @ 3 (47 bytes)
Event: 67.269 Thread 0x0000021efd236dd0 nmethod 12402% 0x0000021e882e9a10 code [0x0000021e882e9ba0, 0x0000021e882e9f18]
Event: 68.270 Thread 0x0000021efd236dd0 12403   !   4       org.eclipse.jdt.internal.core.index.DiskIndex::mergeWith (623 bytes)

GC Heap History (20 events):
Event: 68.032 GC heap before
{Heap before GC invocations=1323 (full 3):
 PSYoungGen      total 3072K, used 3010K [0x00000000d5580000, 0x00000000d5900000, 0x0000000100000000)
  eden space 2560K, 100% used [0x00000000d5580000,0x00000000d5800000,0x00000000d5800000)
  from space 512K, 88% used [0x00000000d5800000,0x00000000d5870be8,0x00000000d5880000)
  to   space 512K, 0% used [0x00000000d5880000,0x00000000d5880000,0x00000000d5900000)
 ParOldGen       total 628736K, used 628362K [0x0000000080000000, 0x00000000a6600000, 0x00000000d5580000)
  object space 628736K, 99% used [0x0000000080000000,0x00000000a65a2bc0,0x00000000a6600000)
 Metaspace       used 64635K, committed 66112K, reserved 1114112K
  class space    used 6770K, committed 7424K, reserved 1048576K
}
Event: 68.035 GC heap after
{Heap after GC invocations=1323 (full 3):
 PSYoungGen      total 3072K, used 384K [0x00000000d5580000, 0x00000000d5900000, 0x0000000100000000)
  eden space 2560K, 0% used [0x00000000d5580000,0x00000000d5580000,0x00000000d5800000)
  from space 512K, 75% used [0x00000000d5880000,0x00000000d58e0000,0x00000000d5900000)
  to   space 512K, 0% used [0x00000000d5800000,0x00000000d5800000,0x00000000d5880000)
 ParOldGen       total 628736K, used 628626K [0x0000000080000000, 0x00000000a6600000, 0x00000000d5580000)
  object space 628736K, 99% used [0x0000000080000000,0x00000000a65e4bc0,0x00000000a6600000)
 Metaspace       used 64635K, committed 66112K, reserved 1114112K
  class space    used 6770K, committed 7424K, reserved 1048576K
}
Event: 68.059 GC heap before
{Heap before GC invocations=1324 (full 3):
 PSYoungGen      total 3072K, used 2944K [0x00000000d5580000, 0x00000000d5900000, 0x0000000100000000)
  eden space 2560K, 100% used [0x00000000d5580000,0x00000000d5800000,0x00000000d5800000)
  from space 512K, 75% used [0x00000000d5880000,0x00000000d58e0000,0x00000000d5900000)
  to   space 512K, 0% used [0x00000000d5800000,0x00000000d5800000,0x00000000d5880000)
 ParOldGen       total 628736K, used 628626K [0x0000000080000000, 0x00000000a6600000, 0x00000000d5580000)
  object space 628736K, 99% used [0x0000000080000000,0x00000000a65e4bc0,0x00000000a6600000)
 Metaspace       used 64635K, committed 66112K, reserved 1114112K
  class space    used 6770K, committed 7424K, reserved 1048576K
}
Event: 68.063 GC heap after
{Heap after GC invocations=1324 (full 3):
 PSYoungGen      total 3072K, used 352K [0x00000000d5580000, 0x00000000d5900000, 0x0000000100000000)
  eden space 2560K, 0% used [0x00000000d5580000,0x00000000d5580000,0x00000000d5800000)
  from space 512K, 68% used [0x00000000d5800000,0x00000000d5858000,0x00000000d5880000)
  to   space 512K, 0% used [0x00000000d5880000,0x00000000d5880000,0x00000000d5900000)
 ParOldGen       total 629248K, used 628874K [0x0000000080000000, 0x00000000a6680000, 0x00000000d5580000)
  object space 629248K, 99% used [0x0000000080000000,0x00000000a6622bc0,0x00000000a6680000)
 Metaspace       used 64635K, committed 66112K, reserved 1114112K
  class space    used 6770K, committed 7424K, reserved 1048576K
}
Event: 68.084 GC heap before
{Heap before GC invocations=1325 (full 3):
 PSYoungGen      total 3072K, used 2912K [0x00000000d5580000, 0x00000000d5900000, 0x0000000100000000)
  eden space 2560K, 100% used [0x00000000d5580000,0x00000000d5800000,0x00000000d5800000)
  from space 512K, 68% used [0x00000000d5800000,0x00000000d5858000,0x00000000d5880000)
  to   space 512K, 0% used [0x00000000d5880000,0x00000000d5880000,0x00000000d5900000)
 ParOldGen       total 629248K, used 628874K [0x0000000080000000, 0x00000000a6680000, 0x00000000d5580000)
  object space 629248K, 99% used [0x0000000080000000,0x00000000a6622bc0,0x00000000a6680000)
 Metaspace       used 64635K, committed 66112K, reserved 1114112K
  class space    used 6770K, committed 7424K, reserved 1048576K
}
Event: 68.087 GC heap after
{Heap after GC invocations=1325 (full 3):
 PSYoungGen      total 3072K, used 426K [0x00000000d5580000, 0x00000000d5900000, 0x0000000100000000)
  eden space 2560K, 0% used [0x00000000d5580000,0x00000000d5580000,0x00000000d5800000)
  from space 512K, 83% used [0x00000000d5880000,0x00000000d58eab10,0x00000000d5900000)
  to   space 512K, 0% used [0x00000000d5800000,0x00000000d5800000,0x00000000d5880000)
 ParOldGen       total 629248K, used 629130K [0x0000000080000000, 0x00000000a6680000, 0x00000000d5580000)
  object space 629248K, 99% used [0x0000000080000000,0x00000000a6662bc0,0x00000000a6680000)
 Metaspace       used 64635K, committed 66112K, reserved 1114112K
  class space    used 6770K, committed 7424K, reserved 1048576K
}
Event: 68.108 GC heap before
{Heap before GC invocations=1326 (full 3):
 PSYoungGen      total 3072K, used 2986K [0x00000000d5580000, 0x00000000d5900000, 0x0000000100000000)
  eden space 2560K, 100% used [0x00000000d5580000,0x00000000d5800000,0x00000000d5800000)
  from space 512K, 83% used [0x00000000d5880000,0x00000000d58eab10,0x00000000d5900000)
  to   space 512K, 0% used [0x00000000d5800000,0x00000000d5800000,0x00000000d5880000)
 ParOldGen       total 629248K, used 629130K [0x0000000080000000, 0x00000000a6680000, 0x00000000d5580000)
  object space 629248K, 99% used [0x0000000080000000,0x00000000a6662bc0,0x00000000a6680000)
 Metaspace       used 64635K, committed 66112K, reserved 1114112K
  class space    used 6770K, committed 7424K, reserved 1048576K
}
Event: 68.109 GC heap after
{Heap after GC invocations=1326 (full 3):
 PSYoungGen      total 3072K, used 416K [0x00000000d5580000, 0x00000000d5900000, 0x0000000100000000)
  eden space 2560K, 0% used [0x00000000d5580000,0x00000000d5580000,0x00000000d5800000)
  from space 512K, 81% used [0x00000000d5800000,0x00000000d5868000,0x00000000d5880000)
  to   space 512K, 0% used [0x00000000d5880000,0x00000000d5880000,0x00000000d5900000)
 ParOldGen       total 629760K, used 629402K [0x0000000080000000, 0x00000000a6700000, 0x00000000d5580000)
  object space 629760K, 99% used [0x0000000080000000,0x00000000a66a6bc0,0x00000000a6700000)
 Metaspace       used 64635K, committed 66112K, reserved 1114112K
  class space    used 6770K, committed 7424K, reserved 1048576K
}
Event: 68.126 GC heap before
{Heap before GC invocations=1327 (full 3):
 PSYoungGen      total 3072K, used 2976K [0x00000000d5580000, 0x00000000d5900000, 0x0000000100000000)
  eden space 2560K, 100% used [0x00000000d5580000,0x00000000d5800000,0x00000000d5800000)
  from space 512K, 81% used [0x00000000d5800000,0x00000000d5868000,0x00000000d5880000)
  to   space 512K, 0% used [0x00000000d5880000,0x00000000d5880000,0x00000000d5900000)
 ParOldGen       total 629760K, used 629402K [0x0000000080000000, 0x00000000a6700000, 0x00000000d5580000)
  object space 629760K, 99% used [0x0000000080000000,0x00000000a66a6bc0,0x00000000a6700000)
 Metaspace       used 64635K, committed 66112K, reserved 1114112K
  class space    used 6770K, committed 7424K, reserved 1048576K
}
Event: 68.132 GC heap after
{Heap after GC invocations=1327 (full 3):
 PSYoungGen      total 3072K, used 352K [0x00000000d5580000, 0x00000000d5900000, 0x0000000100000000)
  eden space 2560K, 0% used [0x00000000d5580000,0x00000000d5580000,0x00000000d5800000)
  from space 512K, 68% used [0x00000000d5880000,0x00000000d58d8000,0x00000000d5900000)
  to   space 512K, 0% used [0x00000000d5800000,0x00000000d5800000,0x00000000d5880000)
 ParOldGen       total 629760K, used 629674K [0x0000000080000000, 0x00000000a6700000, 0x00000000d5580000)
  object space 629760K, 99% used [0x0000000080000000,0x00000000a66eabc0,0x00000000a6700000)
 Metaspace       used 64635K, committed 66112K, reserved 1114112K
  class space    used 6770K, committed 7424K, reserved 1048576K
}
Event: 68.160 GC heap before
{Heap before GC invocations=1328 (full 3):
 PSYoungGen      total 3072K, used 2912K [0x00000000d5580000, 0x00000000d5900000, 0x0000000100000000)
  eden space 2560K, 100% used [0x00000000d5580000,0x00000000d5800000,0x00000000d5800000)
  from space 512K, 68% used [0x00000000d5880000,0x00000000d58d8000,0x00000000d5900000)
  to   space 512K, 0% used [0x00000000d5800000,0x00000000d5800000,0x00000000d5880000)
 ParOldGen       total 629760K, used 629674K [0x0000000080000000, 0x00000000a6700000, 0x00000000d5580000)
  object space 629760K, 99% used [0x0000000080000000,0x00000000a66eabc0,0x00000000a6700000)
 Metaspace       used 64635K, committed 66112K, reserved 1114112K
  class space    used 6770K, committed 7424K, reserved 1048576K
}
Event: 68.164 GC heap after
{Heap after GC invocations=1328 (full 3):
 PSYoungGen      total 3072K, used 352K [0x00000000d5580000, 0x00000000d5900000, 0x0000000100000000)
  eden space 2560K, 0% used [0x00000000d5580000,0x00000000d5580000,0x00000000d5800000)
  from space 512K, 68% used [0x00000000d5800000,0x00000000d5858000,0x00000000d5880000)
  to   space 512K, 0% used [0x00000000d5880000,0x00000000d5880000,0x00000000d5900000)
 ParOldGen       total 630272K, used 629922K [0x0000000080000000, 0x00000000a6780000, 0x00000000d5580000)
  object space 630272K, 99% used [0x0000000080000000,0x00000000a6728bc0,0x00000000a6780000)
 Metaspace       used 64635K, committed 66112K, reserved 1114112K
  class space    used 6770K, committed 7424K, reserved 1048576K
}
Event: 68.199 GC heap before
{Heap before GC invocations=1329 (full 3):
 PSYoungGen      total 3072K, used 2912K [0x00000000d5580000, 0x00000000d5900000, 0x0000000100000000)
  eden space 2560K, 100% used [0x00000000d5580000,0x00000000d5800000,0x00000000d5800000)
  from space 512K, 68% used [0x00000000d5800000,0x00000000d5858000,0x00000000d5880000)
  to   space 512K, 0% used [0x00000000d5880000,0x00000000d5880000,0x00000000d5900000)
 ParOldGen       total 630272K, used 629922K [0x0000000080000000, 0x00000000a6780000, 0x00000000d5580000)
  object space 630272K, 99% used [0x0000000080000000,0x00000000a6728bc0,0x00000000a6780000)
 Metaspace       used 64635K, committed 66112K, reserved 1114112K
  class space    used 6770K, committed 7424K, reserved 1048576K
}
Event: 68.204 GC heap after
{Heap after GC invocations=1329 (full 3):
 PSYoungGen      total 3072K, used 352K [0x00000000d5580000, 0x00000000d5900000, 0x0000000100000000)
  eden space 2560K, 0% used [0x00000000d5580000,0x00000000d5580000,0x00000000d5800000)
  from space 512K, 68% used [0x00000000d5880000,0x00000000d58d8000,0x00000000d5900000)
  to   space 512K, 0% used [0x00000000d5800000,0x00000000d5800000,0x00000000d5880000)
 ParOldGen       total 630272K, used 630170K [0x0000000080000000, 0x00000000a6780000, 0x00000000d5580000)
  object space 630272K, 99% used [0x0000000080000000,0x00000000a6766bc0,0x00000000a6780000)
 Metaspace       used 64635K, committed 66112K, reserved 1114112K
  class space    used 6770K, committed 7424K, reserved 1048576K
}
Event: 68.231 GC heap before
{Heap before GC invocations=1330 (full 3):
 PSYoungGen      total 3072K, used 2912K [0x00000000d5580000, 0x00000000d5900000, 0x0000000100000000)
  eden space 2560K, 100% used [0x00000000d5580000,0x00000000d5800000,0x00000000d5800000)
  from space 512K, 68% used [0x00000000d5880000,0x00000000d58d8000,0x00000000d5900000)
  to   space 512K, 0% used [0x00000000d5800000,0x00000000d5800000,0x00000000d5880000)
 ParOldGen       total 630272K, used 630170K [0x0000000080000000, 0x00000000a6780000, 0x00000000d5580000)
  object space 630272K, 99% used [0x0000000080000000,0x00000000a6766bc0,0x00000000a6780000)
 Metaspace       used 64635K, committed 66112K, reserved 1114112K
  class space    used 6770K, committed 7424K, reserved 1048576K
}
Event: 68.234 GC heap after
{Heap after GC invocations=1330 (full 3):
 PSYoungGen      total 3072K, used 416K [0x00000000d5580000, 0x00000000d5900000, 0x0000000100000000)
  eden space 2560K, 0% used [0x00000000d5580000,0x00000000d5580000,0x00000000d5800000)
  from space 512K, 81% used [0x00000000d5800000,0x00000000d5868000,0x00000000d5880000)
  to   space 512K, 0% used [0x00000000d5880000,0x00000000d5880000,0x00000000d5900000)
 ParOldGen       total 630784K, used 630442K [0x0000000080000000, 0x00000000a6800000, 0x00000000d5580000)
  object space 630784K, 99% used [0x0000000080000000,0x00000000a67aabc0,0x00000000a6800000)
 Metaspace       used 64635K, committed 66112K, reserved 1114112K
  class space    used 6770K, committed 7424K, reserved 1048576K
}
Event: 68.276 GC heap before
{Heap before GC invocations=1331 (full 3):
 PSYoungGen      total 3072K, used 2976K [0x00000000d5580000, 0x00000000d5900000, 0x0000000100000000)
  eden space 2560K, 100% used [0x00000000d5580000,0x00000000d5800000,0x00000000d5800000)
  from space 512K, 81% used [0x00000000d5800000,0x00000000d5868000,0x00000000d5880000)
  to   space 512K, 0% used [0x00000000d5880000,0x00000000d5880000,0x00000000d5900000)
 ParOldGen       total 630784K, used 630442K [0x0000000080000000, 0x00000000a6800000, 0x00000000d5580000)
  object space 630784K, 99% used [0x0000000080000000,0x00000000a67aabc0,0x00000000a6800000)
 Metaspace       used 64635K, committed 66112K, reserved 1114112K
  class space    used 6770K, committed 7424K, reserved 1048576K
}
Event: 68.282 GC heap after
{Heap after GC invocations=1331 (full 3):
 PSYoungGen      total 2560K, used 481K [0x00000000d5580000, 0x00000000d5a00000, 0x0000000100000000)
  eden space 2048K, 0% used [0x00000000d5580000,0x00000000d5580000,0x00000000d5780000)
  from space 512K, 93% used [0x00000000d5880000,0x00000000d58f8500,0x00000000d5900000)
  to   space 1024K, 0% used [0x00000000d5780000,0x00000000d5780000,0x00000000d5880000)
 ParOldGen       total 631296K, used 630850K [0x0000000080000000, 0x00000000a6880000, 0x00000000d5580000)
  object space 631296K, 99% used [0x0000000080000000,0x00000000a6810bc0,0x00000000a6880000)
 Metaspace       used 64635K, committed 66112K, reserved 1114112K
  class space    used 6770K, committed 7424K, reserved 1048576K
}
Event: 68.328 GC heap before
{Heap before GC invocations=1332 (full 3):
 PSYoungGen      total 2560K, used 2492K [0x00000000d5580000, 0x00000000d5a00000, 0x0000000100000000)
  eden space 2048K, 98% used [0x00000000d5580000,0x00000000d5776ca8,0x00000000d5780000)
  from space 512K, 93% used [0x00000000d5880000,0x00000000d58f8500,0x00000000d5900000)
  to   space 1024K, 0% used [0x00000000d5780000,0x00000000d5780000,0x00000000d5880000)
 ParOldGen       total 631296K, used 630850K [0x0000000080000000, 0x00000000a6880000, 0x00000000d5580000)
  object space 631296K, 99% used [0x0000000080000000,0x00000000a6810bc0,0x00000000a6880000)
 Metaspace       used 64635K, committed 66112K, reserved 1114112K
  class space    used 6770K, committed 7424K, reserved 1048576K
}
Event: 68.335 GC heap after
{Heap after GC invocations=1332 (full 3):
 PSYoungGen      total 3072K, used 1013K [0x00000000d5580000, 0x00000000d5c80000, 0x0000000100000000)
  eden space 2048K, 0% used [0x00000000d5580000,0x00000000d5580000,0x00000000d5780000)
  from space 1024K, 98% used [0x00000000d5780000,0x00000000d587d4c0,0x00000000d5880000)
  to   space 2560K, 0% used [0x00000000d5a00000,0x00000000d5a00000,0x00000000d5c80000)
 ParOldGen       total 631808K, used 631718K [0x0000000080000000, 0x00000000a6900000, 0x00000000d5580000)
  object space 631808K, 99% used [0x0000000080000000,0x00000000a68e9980,0x00000000a6900000)
 Metaspace       used 64635K, committed 66112K, reserved 1114112K
  class space    used 6770K, committed 7424K, reserved 1048576K
}

Dll operation events (10 events):
Event: 0.022 Loaded shared library c:\Users\lenovo\.cursor\extensions\redhat.java-1.55.0-win32-x64\jre\21.0.11-win32-x86_64\bin\java.dll
Event: 0.160 Loaded shared library c:\Users\lenovo\.cursor\extensions\redhat.java-1.55.0-win32-x64\jre\21.0.11-win32-x86_64\bin\zip.dll
Event: 0.203 Loaded shared library C:\Users\lenovo\.cursor\extensions\redhat.java-1.55.0-win32-x64\jre\21.0.11-win32-x86_64\bin\instrument.dll
Event: 0.212 Loaded shared library C:\Users\lenovo\.cursor\extensions\redhat.java-1.55.0-win32-x64\jre\21.0.11-win32-x86_64\bin\net.dll
Event: 0.216 Loaded shared library C:\Users\lenovo\.cursor\extensions\redhat.java-1.55.0-win32-x64\jre\21.0.11-win32-x86_64\bin\nio.dll
Event: 0.222 Loaded shared library C:\Users\lenovo\.cursor\extensions\redhat.java-1.55.0-win32-x64\jre\21.0.11-win32-x86_64\bin\zip.dll
Event: 0.255 Loaded shared library C:\Users\lenovo\.cursor\extensions\redhat.java-1.55.0-win32-x64\jre\21.0.11-win32-x86_64\bin\jimage.dll
Event: 0.406 Loaded shared library c:\Users\lenovo\.cursor\extensions\redhat.java-1.55.0-win32-x64\jre\21.0.11-win32-x86_64\bin\verify.dll
Event: 3.709 Loaded shared library C:\Users\lenovo\AppData\Roaming\Cursor\User\globalStorage\redhat.java\1.55.0\config_win\org.eclipse.equinox.launcher\org.eclipse.equinox.launcher.win32.win32.x86_64_1.3.100.v20260613-0559\eclipse_11924.dll
Event: 12.364 Loaded shared library C:\Users\lenovo\AppData\Local\Temp\jna--1106355917\jna4128414639261834576.dll

Deoptimization events (20 events):
Event: 60.499 Thread 0x0000021efed998a0 DEOPT PACKING pc=0x0000021e811a9967 sp=0x000000d7ce5fec70
Event: 60.500 Thread 0x0000021efed998a0 DEOPT UNPACKING pc=0x0000021e875878e2 sp=0x000000d7ce5fe1e0 mode 0
Event: 60.934 Thread 0x0000021efed998a0 Uncommon trap: trap_request=0xffffff45 fr.pc=0x0000021e882c1e40 relative=0x0000000000001440
Event: 60.934 Thread 0x0000021efed998a0 Uncommon trap: reason=unstable_if action=reinterpret pc=0x0000021e882c1e40 method=org.eclipse.jdt.internal.compiler.classfmt.FieldInfo.createField([B[IIJ)Lorg/eclipse/jdt/internal/compiler/classfmt/FieldInfo; @ 259 c2
Event: 60.934 Thread 0x0000021efed998a0 DEOPT PACKING pc=0x0000021e882c1e40 sp=0x000000d7ce5feeb0
Event: 60.934 Thread 0x0000021efed998a0 DEOPT UNPACKING pc=0x0000021e87586da2 sp=0x000000d7ce5fee28 mode 2
Event: 62.353 Thread 0x0000021efed998a0 Uncommon trap: trap_request=0xffffff45 fr.pc=0x0000021e88274430 relative=0x0000000000001c30
Event: 62.353 Thread 0x0000021efed998a0 Uncommon trap: reason=unstable_if action=reinterpret pc=0x0000021e88274430 method=org.eclipse.jdt.internal.compiler.classfmt.AnnotationInfo.decodeDefaultValue()Ljava/lang/Object; @ 24 c2
Event: 62.353 Thread 0x0000021efed998a0 DEOPT PACKING pc=0x0000021e88274430 sp=0x000000d7ce5fed50
Event: 62.353 Thread 0x0000021efed998a0 DEOPT UNPACKING pc=0x0000021e87586da2 sp=0x000000d7ce5fed10 mode 2
Event: 63.858 Thread 0x0000021efed998a0 Uncommon trap: trap_request=0xffffff45 fr.pc=0x0000021e88279290 relative=0x0000000000001790
Event: 63.858 Thread 0x0000021efed998a0 Uncommon trap: reason=unstable_if action=reinterpret pc=0x0000021e88279290 method=org.eclipse.jdt.internal.core.index.DiskIndex.writeDocumentNumbers([ILjava/io/OutputStream;)V @ 127 c2
Event: 63.858 Thread 0x0000021efed998a0 DEOPT PACKING pc=0x0000021e88279290 sp=0x000000d7ce5fec60
Event: 63.858 Thread 0x0000021efed998a0 DEOPT UNPACKING pc=0x0000021e87586da2 sp=0x000000d7ce5fec60 mode 2
Event: 66.778 Thread 0x0000021efed998a0 Uncommon trap: trap_request=0xffffff45 fr.pc=0x0000021e882a887c relative=0x00000000000010dc
Event: 66.778 Thread 0x0000021efed998a0 Uncommon trap: reason=unstable_if action=reinterpret pc=0x0000021e882a887c method=org.eclipse.jdt.internal.compiler.classfmt.TypeAnnotationInfo.<init>([B[IIZZ)V @ 25 c2
Event: 66.778 Thread 0x0000021efed998a0 DEOPT PACKING pc=0x0000021e882a887c sp=0x000000d7ce5fedc0
Event: 66.779 Thread 0x0000021efed998a0 DEOPT UNPACKING pc=0x0000021e87586da2 sp=0x000000d7ce5fedb8 mode 2
Event: 68.270 Thread 0x0000021efed998a0 DEOPT PACKING pc=0x0000021e817e42c8 sp=0x000000d7ce5fee80
Event: 68.270 Thread 0x0000021efed998a0 DEOPT UNPACKING pc=0x0000021e875878e2 sp=0x000000d7ce5fe498 mode 0

Classes loaded (20 events):
Event: 33.184 Loading class sun/util/cldr/CLDRTimeZoneNameProviderImpl
Event: 33.185 Loading class sun/util/locale/provider/TimeZoneNameProviderImpl
Event: 33.185 Loading class sun/util/locale/provider/TimeZoneNameProviderImpl done
Event: 33.185 Loading class sun/util/cldr/CLDRTimeZoneNameProviderImpl done
Event: 33.192 Loading class sun/util/resources/cldr/TimeZoneNames
Event: 33.195 Loading class sun/util/resources/TimeZoneNamesBundle
Event: 33.195 Loading class sun/util/resources/OpenListResourceBundle
Event: 33.195 Loading class sun/util/resources/OpenListResourceBundle done
Event: 33.195 Loading class sun/util/resources/TimeZoneNamesBundle done
Event: 33.195 Loading class sun/util/resources/cldr/TimeZoneNames done
Event: 33.196 Loading class sun/util/resources/cldr/TimeZoneNames_en
Event: 33.200 Loading class sun/util/resources/cldr/TimeZoneNames_en done
Event: 33.201 Loading class sun/util/resources/cldr/TimeZoneNames_en_US
Event: 33.201 Loading class sun/util/resources/cldr/TimeZoneNames_en_US done
Event: 33.206 Loading class sun/util/cldr/CLDRBaseLocaleDataMetaInfo$TZCanonicalIDMapHolder
Event: 33.209 Loading class sun/util/cldr/CLDRBaseLocaleDataMetaInfo$TZCanonicalIDMapHolder done
Event: 33.217 Loading class sun/util/resources/TimeZoneNames
Event: 33.221 Loading class sun/util/resources/TimeZoneNames done
Event: 33.229 Loading class sun/util/resources/TimeZoneNames_en
Event: 33.229 Loading class sun/util/resources/TimeZoneNames_en done

Classes unloaded (11 events):
Event: 13.214 Thread 0x0000021efd1efc90 Unloading class 0x0000021e901aa800 'java/lang/invoke/LambdaForm$MH+0x0000021e901aa800'
Event: 13.214 Thread 0x0000021efd1efc90 Unloading class 0x0000021e901aa400 'java/lang/invoke/LambdaForm$MH+0x0000021e901aa400'
Event: 13.214 Thread 0x0000021efd1efc90 Unloading class 0x0000021e901aa000 'java/lang/invoke/LambdaForm$MH+0x0000021e901aa000'
Event: 13.214 Thread 0x0000021efd1efc90 Unloading class 0x0000021e901a9c00 'java/lang/invoke/LambdaForm$MH+0x0000021e901a9c00'
Event: 13.214 Thread 0x0000021efd1efc90 Unloading class 0x0000021e901a9800 'java/lang/invoke/LambdaForm$BMH+0x0000021e901a9800'
Event: 13.214 Thread 0x0000021efd1efc90 Unloading class 0x0000021e901a9400 'java/lang/invoke/LambdaForm$DMH+0x0000021e901a9400'
Event: 13.214 Thread 0x0000021efd1efc90 Unloading class 0x0000021e901a8000 'java/lang/invoke/LambdaForm$DMH+0x0000021e901a8000'
Event: 32.042 Thread 0x0000021efd1efc90 Unloading class 0x0000021e906bd000 'java/lang/invoke/LambdaForm$DMH+0x0000021e906bd000'
Event: 32.042 Thread 0x0000021efd1efc90 Unloading class 0x0000021e906bcc00 'java/lang/invoke/LambdaForm$DMH+0x0000021e906bcc00'
Event: 32.042 Thread 0x0000021efd1efc90 Unloading class 0x0000021e906bc800 'java/lang/invoke/LambdaForm$DMH+0x0000021e906bc800'
Event: 32.042 Thread 0x0000021efd1efc90 Unloading class 0x0000021e906bc400 'java/lang/invoke/LambdaForm$DMH+0x0000021e906bc400'

Classes redefined (0 events):
No events

Internal exceptions (20 events):
Event: 56.055 Thread 0x0000021efed998a0 Exception <a 'sun/nio/fs/WindowsException'{0x00000000d5657350}> (0x00000000d5657350) 
thrown [s\src\hotspot\share\prims\jni.cpp, line 520]
Event: 56.562 Thread 0x0000021efed998a0 Exception <a 'sun/nio/fs/WindowsException'{0x00000000d5723f18}> (0x00000000d5723f18) 
thrown [s\src\hotspot\share\prims\jni.cpp, line 520]
Event: 56.574 Thread 0x0000021efed998a0 Exception <a 'sun/nio/fs/WindowsException'{0x00000000d573a558}> (0x00000000d573a558) 
thrown [s\src\hotspot\share\prims\jni.cpp, line 520]
Event: 56.748 Thread 0x0000021efed998a0 Exception <a 'sun/nio/fs/WindowsException'{0x00000000d564d770}> (0x00000000d564d770) 
thrown [s\src\hotspot\share\prims\jni.cpp, line 520]
Event: 60.347 Thread 0x0000021efed998a0 Exception <a 'sun/nio/fs/WindowsException'{0x00000000d55b4a88}> (0x00000000d55b4a88) 
thrown [s\src\hotspot\share\prims\jni.cpp, line 520]
Event: 60.490 Thread 0x0000021efed998a0 Exception <a 'sun/nio/fs/WindowsException'{0x00000000d57855a8}> (0x00000000d57855a8) 
thrown [s\src\hotspot\share\prims\jni.cpp, line 520]
Event: 62.051 Thread 0x0000021efed998a0 Exception <a 'sun/nio/fs/WindowsException'{0x00000000d55ce918}> (0x00000000d55ce918) 
thrown [s\src\hotspot\share\prims\jni.cpp, line 520]
Event: 62.297 Thread 0x0000021efed998a0 Exception <a 'sun/nio/fs/WindowsException'{0x00000000d570e8c0}> (0x00000000d570e8c0) 
thrown [s\src\hotspot\share\prims\jni.cpp, line 520]
Event: 63.004 Thread 0x0000021efed998a0 Exception <a 'sun/nio/fs/WindowsException'{0x00000000d55e4d68}> (0x00000000d55e4d68) 
thrown [s\src\hotspot\share\prims\jni.cpp, line 520]
Event: 63.730 Thread 0x0000021efed998a0 Exception <a 'sun/nio/fs/WindowsException'{0x00000000d56f1a28}> (0x00000000d56f1a28) 
thrown [s\src\hotspot\share\prims\jni.cpp, line 520]
Event: 64.030 Thread 0x0000021efed998a0 Exception <a 'sun/nio/fs/WindowsException'{0x00000000d5710d18}> (0x00000000d5710d18) 
thrown [s\src\hotspot\share\prims\jni.cpp, line 520]
Event: 64.537 Thread 0x0000021efed998a0 Exception <a 'sun/nio/fs/WindowsException'{0x00000000d55db558}> (0x00000000d55db558) 
thrown [s\src\hotspot\share\prims\jni.cpp, line 520]
Event: 64.725 Thread 0x0000021efed998a0 Exception <a 'sun/nio/fs/WindowsException'{0x00000000d56e4218}> (0x00000000d56e4218) 
thrown [s\src\hotspot\share\prims\jni.cpp, line 520]
Event: 64.873 Thread 0x0000021efed998a0 Exception <a 'sun/nio/fs/WindowsException'{0x00000000d56833c8}> (0x00000000d56833c8) 
thrown [s\src\hotspot\share\prims\jni.cpp, line 520]
Event: 64.887 Thread 0x0000021efed998a0 Exception <a 'sun/nio/fs/WindowsException'{0x00000000d569b408}> (0x00000000d569b408) 
thrown [s\src\hotspot\share\prims\jni.cpp, line 520]
Event: 65.228 Thread 0x0000021efed998a0 Exception <a 'sun/nio/fs/WindowsException'{0x00000000d570e860}> (0x00000000d570e860) 
thrown [s\src\hotspot\share\prims\jni.cpp, line 520]
Event: 65.925 Thread 0x0000021efed998a0 Exception <a 'sun/nio/fs/WindowsException'{0x00000000d56de1f8}> (0x00000000d56de1f8) 
thrown [s\src\hotspot\share\prims\jni.cpp, line 520]
Event: 66.427 Thread 0x0000021efed998a0 Exception <a 'sun/nio/fs/WindowsException'{0x00000000d5715270}> (0x00000000d5715270) 
thrown [s\src\hotspot\share\prims\jni.cpp, line 520]
Event: 66.448 Thread 0x0000021efed998a0 Exception <a 'sun/nio/fs/WindowsException'{0x00000000d572b698}> (0x00000000d572b698) 
thrown [s\src\hotspot\share\prims\jni.cpp, line 520]
Event: 67.234 Thread 0x0000021efed998a0 Exception <a 'sun/nio/fs/WindowsException'{0x00000000d5773220}> (0x00000000d5773220) 
thrown [s\src\hotspot\share\prims\jni.cpp, line 520]

ZGC Phase Switch (0 events):
No events

VM Operations (20 events):
Event: 68.032 Executing safepoint VM operation: ParallelGCFailedAllocation (Allocation Failure)
Event: 68.035 Executing safepoint VM operation: ParallelGCFailedAllocation (Allocation Failure) done
Event: 68.059 Executing safepoint VM operation: ParallelGCFailedAllocation (Allocation Failure)
Event: 68.063 Executing safepoint VM operation: ParallelGCFailedAllocation (Allocation Failure) done
Event: 68.084 Executing safepoint VM operation: ParallelGCFailedAllocation (Allocation Failure)
Event: 68.087 Executing safepoint VM operation: ParallelGCFailedAllocation (Allocation Failure) done
Event: 68.108 Executing safepoint VM operation: ParallelGCFailedAllocation (Allocation Failure)
Event: 68.109 Executing safepoint VM operation: ParallelGCFailedAllocation (Allocation Failure) done
Event: 68.126 Executing safepoint VM operation: ParallelGCFailedAllocation (Allocation Failure)
Event: 68.132 Executing safepoint VM operation: ParallelGCFailedAllocation (Allocation Failure) done
Event: 68.160 Executing safepoint VM operation: ParallelGCFailedAllocation (Allocation Failure)
Event: 68.164 Executing safepoint VM operation: ParallelGCFailedAllocation (Allocation Failure) done
Event: 68.199 Executing safepoint VM operation: ParallelGCFailedAllocation (Allocation Failure)
Event: 68.204 Executing safepoint VM operation: ParallelGCFailedAllocation (Allocation Failure) done
Event: 68.230 Executing safepoint VM operation: ParallelGCFailedAllocation (Allocation Failure)
Event: 68.234 Executing safepoint VM operation: ParallelGCFailedAllocation (Allocation Failure) done
Event: 68.276 Executing safepoint VM operation: ParallelGCFailedAllocation (Allocation Failure)
Event: 68.282 Executing safepoint VM operation: ParallelGCFailedAllocation (Allocation Failure) done
Event: 68.328 Executing safepoint VM operation: ParallelGCFailedAllocation (Allocation Failure)
Event: 68.335 Executing safepoint VM operation: ParallelGCFailedAllocation (Allocation Failure) done

Memory protections (0 events):
No events

Nmethod flushes (20 events):
Event: 32.125 Thread 0x0000021efd1efc90 flushing  nmethod 0x0000021e80897a90
Event: 32.125 Thread 0x0000021efd1efc90 flushing  nmethod 0x0000021e80898990
Event: 32.125 Thread 0x0000021efd1efc90 flushing  nmethod 0x0000021e80905b10
Event: 32.125 Thread 0x0000021efd1efc90 flushing  nmethod 0x0000021e80906810
Event: 32.125 Thread 0x0000021efd1efc90 flushing osr nmethod 0x0000021e80924490
Event: 32.125 Thread 0x0000021efd1efc90 flushing osr nmethod 0x0000021e8092d990
Event: 32.125 Thread 0x0000021efd1efc90 flushing  nmethod 0x0000021e8094c710
Event: 32.125 Thread 0x0000021efd1efc90 flushing  nmethod 0x0000021e80954f90
Event: 32.125 Thread 0x0000021efd1efc90 flushing  nmethod 0x0000021e8095b990
Event: 32.125 Thread 0x0000021efd1efc90 flushing  nmethod 0x0000021e8095bf90
Event: 32.125 Thread 0x0000021efd1efc90 flushing  nmethod 0x0000021e8098cf90
Event: 32.125 Thread 0x0000021efd1efc90 flushing  nmethod 0x0000021e8098f290
Event: 32.125 Thread 0x0000021efd1efc90 flushing  nmethod 0x0000021e8098f890
Event: 32.125 Thread 0x0000021efd1efc90 flushing  nmethod 0x0000021e80991210
Event: 32.125 Thread 0x0000021efd1efc90 flushing  nmethod 0x0000021e80997710
Event: 32.125 Thread 0x0000021efd1efc90 flushing  nmethod 0x0000021e809ac410
Event: 32.125 Thread 0x0000021efd1efc90 flushing  nmethod 0x0000021e809af010
Event: 32.125 Thread 0x0000021efd1efc90 flushing  nmethod 0x0000021e809af810
Event: 32.125 Thread 0x0000021efd1efc90 flushing  nmethod 0x0000021e809f0690
Event: 32.125 Thread 0x0000021efd1efc90 flushing  nmethod 0x0000021e809f1610

Events (20 events):
Event: 29.250 Thread 0x0000021ed588cce0 Thread added: 0x0000021ed58935e0
Event: 29.250 Thread 0x0000021ed588cce0 Thread added: 0x0000021ed5893c70
Event: 29.255 Thread 0x0000021ed588cce0 Thread added: 0x0000021ed5891ba0
Event: 30.527 Thread 0x0000021ed588da00 Thread exited: 0x0000021ed588da00
Event: 30.527 Thread 0x0000021ed5893c70 Thread exited: 0x0000021ed5893c70
Event: 30.527 Thread 0x0000021ed58935e0 Thread exited: 0x0000021ed58935e0
Event: 30.527 Thread 0x0000021ed588e090 Thread exited: 0x0000021ed588e090
Event: 30.528 Thread 0x0000021ed5891ba0 Thread exited: 0x0000021ed5891ba0
Event: 32.510 Thread 0x0000021ed588cce0 Thread added: 0x0000021ed5893c70
Event: 32.629 Thread 0x0000021efed9a5c0 Thread added: 0x0000021ed5891ba0
Event: 39.653 Thread 0x0000021ed4e12c70 Thread exited: 0x0000021ed4e12c70
Event: 39.653 Thread 0x0000021ed52de8b0 Thread exited: 0x0000021ed52de8b0
Event: 46.970 Thread 0x0000021efd236dd0 Thread added: 0x0000021ed4e147b0
Event: 47.884 Thread 0x0000021ed4e147b0 Thread exited: 0x0000021ed4e147b0
Event: 49.745 Thread 0x0000021efd236dd0 Thread added: 0x0000021ed4e147b0
Event: 50.050 Thread 0x0000021ed4e147b0 Thread exited: 0x0000021ed4e147b0
Event: 50.410 Thread 0x0000021efd238540 Thread added: 0x0000021ed4e12c70
Event: 50.410 Thread 0x0000021efd238540 Thread added: 0x0000021ed4e147b0
Event: 53.521 Thread 0x0000021ed4e147b0 Thread exited: 0x0000021ed4e147b0
Event: 54.614 Thread 0x0000021ed4e12c70 Thread exited: 0x0000021ed4e12c70


Dynamic libraries:
0x00007ff7bda40000 - 0x00007ff7bda4e000 	c:\Users\lenovo\.cursor\extensions\redhat.java-1.55.0-win32-x64\jre\21.0.11-win32-x86_64\bin\java.exe
0x00007ffd82780000 - 0x00007ffd829e7000 	C:\Windows\SYSTEM32\ntdll.dll
0x00007ffd81ec0000 - 0x00007ffd81f89000 	C:\Windows\System32\KERNEL32.DLL
0x00007ffd7fd10000 - 0x00007ffd800ff000 	C:\Windows\System32\KERNELBASE.dll
0x00007ffd7f8d0000 - 0x00007ffd7fa1b000 	C:\Windows\System32\ucrtbase.dll
0x00007ffd515e0000 - 0x00007ffd515f8000 	c:\Users\lenovo\.cursor\extensions\redhat.java-1.55.0-win32-x64\jre\21.0.11-win32-x86_64\bin\jli.dll
0x00007ffd515c0000 - 0x00007ffd515de000 	c:\Users\lenovo\.cursor\extensions\redhat.java-1.55.0-win32-x64\jre\21.0.11-win32-x86_64\bin\VCRUNTIME140.dll
0x00007ffd81f90000 - 0x00007ffd82155000 	C:\Windows\System32\USER32.dll
0x00007ffd62ec0000 - 0x00007ffd63153000 	C:\Windows\WinSxS\amd64_microsoft.windows.common-controls_6595b64144ccf1df_6.0.26100.7309_none_3e05feeae336a044\COMCTL32.dll
0x00007ffd81630000 - 0x00007ffd816d9000 	C:\Windows\System32\msvcrt.dll
0x00007ffd804f0000 - 0x00007ffd80517000 	C:\Windows\System32\win32u.dll
0x00007ffd80e40000 - 0x00007ffd80e6b000 	C:\Windows\System32\GDI32.dll
0x00007ffd80110000 - 0x00007ffd8023c000 	C:\Windows\System32\gdi32full.dll
0x00007ffd803b0000 - 0x00007ffd80453000 	C:\Windows\System32\msvcp_win.dll
0x00007ffd81310000 - 0x00007ffd81341000 	C:\Windows\System32\IMM32.DLL
0x00007ffd6c7e0000 - 0x00007ffd6c7ec000 	c:\Users\lenovo\.cursor\extensions\redhat.java-1.55.0-win32-x64\jre\21.0.11-win32-x86_64\bin\vcruntime140_1.dll
0x00007ffd41ec0000 - 0x00007ffd41f4d000 	c:\Users\lenovo\.cursor\extensions\redhat.java-1.55.0-win32-x64\jre\21.0.11-win32-x86_64\bin\msvcp140.dll
0x00007ffca2100000 - 0x00007ffca2ea2000 	c:\Users\lenovo\.cursor\extensions\redhat.java-1.55.0-win32-x64\jre\21.0.11-win32-x86_64\bin\server\jvm.dll
0x00007ffd82680000 - 0x00007ffd82734000 	C:\Windows\System32\ADVAPI32.dll
0x00007ffd82250000 - 0x00007ffd822f6000 	C:\Windows\System32\sechost.dll
0x00007ffd80f50000 - 0x00007ffd81068000 	C:\Windows\System32\RPCRT4.dll
0x00007ffd816e0000 - 0x00007ffd81754000 	C:\Windows\System32\WS2_32.dll
0x00007ffd7f730000 - 0x00007ffd7f78e000 	C:\Windows\SYSTEM32\POWRPROF.dll
0x00007ffd6ec90000 - 0x00007ffd6ec9b000 	C:\Windows\SYSTEM32\VERSION.dll
0x00007ffd76df0000 - 0x00007ffd76e25000 	C:\Windows\SYSTEM32\WINMM.dll
0x00007ffd7f710000 - 0x00007ffd7f724000 	C:\Windows\SYSTEM32\UMPDC.dll
0x00007ffd7e5a0000 - 0x00007ffd7e5bb000 	C:\Windows\SYSTEM32\kernel.appcore.dll
0x00007ffd5db70000 - 0x00007ffd5db7a000 	c:\Users\lenovo\.cursor\extensions\redhat.java-1.55.0-win32-x64\jre\21.0.11-win32-x86_64\bin\jimage.dll
0x00007ffd7ca30000 - 0x00007ffd7cc72000 	C:\Windows\SYSTEM32\DBGHELP.DLL
0x00007ffd809b0000 - 0x00007ffd80d35000 	C:\Windows\System32\combase.dll
0x00007ffd80e70000 - 0x00007ffd80f46000 	C:\Windows\System32\OLEAUT32.dll
0x00007ffd5a660000 - 0x00007ffd5a69c000 	C:\Windows\SYSTEM32\dbgcore.DLL
0x00007ffd80300000 - 0x00007ffd803a5000 	C:\Windows\System32\bcryptPrimitives.dll
0x00007ffd5a650000 - 0x00007ffd5a65f000 	c:\Users\lenovo\.cursor\extensions\redhat.java-1.55.0-win32-x64\jre\21.0.11-win32-x86_64\bin\instrument.dll
0x00007ffd4c100000 - 0x00007ffd4c120000 	c:\Users\lenovo\.cursor\extensions\redhat.java-1.55.0-win32-x64\jre\21.0.11-win32-x86_64\bin\java.dll
0x00007ffd81760000 - 0x00007ffd81eb3000 	C:\Windows\System32\SHELL32.dll
0x00007ffd7fa20000 - 0x00007ffd7fb8a000 	C:\Windows\System32\wintypes.dll
0x00007ffd7d490000 - 0x00007ffd7dcee000 	C:\Windows\SYSTEM32\windows.storage.dll
0x00007ffd811b0000 - 0x00007ffd812a5000 	C:\Windows\System32\SHCORE.dll
0x00007ffd80dd0000 - 0x00007ffd80e36000 	C:\Windows\System32\shlwapi.dll
0x00007ffd7f7f0000 - 0x00007ffd7f819000 	C:\Windows\SYSTEM32\profapi.dll
0x00007ffd4c0e0000 - 0x00007ffd4c0f8000 	c:\Users\lenovo\.cursor\extensions\redhat.java-1.55.0-win32-x64\jre\21.0.11-win32-x86_64\bin\zip.dll
0x00007ffd586a0000 - 0x00007ffd586b0000 	C:\Users\lenovo\.cursor\extensions\redhat.java-1.55.0-win32-x64\jre\21.0.11-win32-x86_64\bin\net.dll
0x00007ffd70900000 - 0x00007ffd70a28000 	C:\Windows\SYSTEM32\WINHTTP.dll
0x00007ffd7eb90000 - 0x00007ffd7ebfb000 	C:\Windows\system32\mswsock.dll
0x00007ffd4bf50000 - 0x00007ffd4bf66000 	C:\Users\lenovo\.cursor\extensions\redhat.java-1.55.0-win32-x64\jre\21.0.11-win32-x86_64\bin\nio.dll
0x00007ffd58670000 - 0x00007ffd58680000 	c:\Users\lenovo\.cursor\extensions\redhat.java-1.55.0-win32-x64\jre\21.0.11-win32-x86_64\bin\verify.dll
0x00007ffd41f70000 - 0x00007ffd41fb5000 	C:\Users\lenovo\AppData\Roaming\Cursor\User\globalStorage\redhat.java\1.55.0\config_win\org.eclipse.equinox.launcher\org.eclipse.equinox.launcher.win32.win32.x86_64_1.3.100.v20260613-0559\eclipse_11924.dll
0x00007ffd82470000 - 0x00007ffd82607000 	C:\Windows\System32\ole32.dll
0x00007ffd7ef80000 - 0x00007ffd7ef9b000 	C:\Windows\SYSTEM32\CRYPTSP.dll
0x00007ffd7e5c0000 - 0x00007ffd7e5fa000 	C:\Windows\system32\rsaenh.dll
0x00007ffd7ec40000 - 0x00007ffd7ec6b000 	C:\Windows\SYSTEM32\USERENV.dll
0x00007ffd7f7c0000 - 0x00007ffd7f7ea000 	C:\Windows\SYSTEM32\bcrypt.dll
0x00007ffd7ede0000 - 0x00007ffd7edec000 	C:\Windows\SYSTEM32\CRYPTBASE.dll
0x00007ffd7e080000 - 0x00007ffd7e0b4000 	C:\Windows\SYSTEM32\IPHLPAPI.DLL
0x00007ffd82240000 - 0x00007ffd8224a000 	C:\Windows\System32\NSI.dll
0x00007ffd41e70000 - 0x00007ffd41eb9000 	C:\Users\lenovo\AppData\Local\Temp\jna--1106355917\jna4128414639261834576.dll
0x00007ffd82610000 - 0x00007ffd82618000 	C:\Windows\System32\PSAPI.DLL
0x00007ffd78c60000 - 0x00007ffd78c7e000 	C:\Windows\SYSTEM32\dhcpcsvc6.DLL
0x00007ffd78940000 - 0x00007ffd78963000 	C:\Windows\SYSTEM32\dhcpcsvc.DLL

JVMTI agents:
c:\Users\lenovo\.cursor\extensions\redhat.java-1.55.0-win32-x64\lombok\lombok-1.18.39-4050.jar path:c:\Users\lenovo\.cursor\extensions\redhat.java-1.55.0-win32-x64\jre\21.0.11-win32-x86_64\bin\instrument.dll, loaded, initialized, instrumentlib options:none

dbghelp: loaded successfully - version: 4.0.5 - missing functions: none
symbol engine: initialized successfully - sym options: 0x614 - pdb path: .;c:\Users\lenovo\.cursor\extensions\redhat.java-1.55.0-win32-x64\jre\21.0.11-win32-x86_64\bin;C:\Windows\SYSTEM32;C:\Windows\WinSxS\amd64_microsoft.windows.common-controls_6595b64144ccf1df_6.0.26100.7309_none_3e05feeae336a044;c:\Users\lenovo\.cursor\extensions\redhat.java-1.55.0-win32-x64\jre\21.0.11-win32-x86_64\bin\server;C:\Users\lenovo\AppData\Roaming\Cursor\User\globalStorage\redhat.java\1.55.0\config_win\org.eclipse.equinox.launcher\org.eclipse.equinox.launcher.win32.win32.x86_64_1.3.100.v20260613-0559;C:\Users\lenovo\AppData\Local\Temp\jna--1106355917

VM Arguments:
jvm_args: --add-modules=ALL-SYSTEM --add-opens=java.base/java.util=ALL-UNNAMED --add-opens=java.base/java.lang=ALL-UNNAMED --add-opens=java.base/sun.nio.fs=ALL-UNNAMED -Declipse.application=org.eclipse.jdt.ls.core.id1 -Dosgi.bundles.defaultStartLevel=4 -Declipse.product=org.eclipse.jdt.ls.core.product -Djava.import.generatesMetadataFilesAtProjectRoot=false -DDetectVMInstallationsJob.disabled=true -Dfile.encoding=utf8 -XX:+UseParallelGC -XX:GCTimeRatio=4 -XX:AdaptiveSizePolicyWeight=90 -Dsun.zip.disableMemoryMapping=true -Xmx2G -Xms100m -Xlog:disable -javaagent:c:\Users\lenovo\.cursor\extensions\redhat.java-1.55.0-win32-x64\lombok\lombok-1.18.39-4050.jar -XX:+HeapDumpOnOutOfMemoryError -XX:HeapDumpPath=c:\Users\lenovo\AppData\Roaming\Cursor\User\workspaceStorage\3ccf0c871bdb3054dc9797006317609d\redhat.java -Daether.dependencyCollector.impl=bf 
java_command: c:\Users\lenovo\.cursor\extensions\redhat.java-1.55.0-win32-x64\server\plugins\org.eclipse.equinox.launcher_1.7.200.v20260619-2039.jar -configuration c:\Users\lenovo\AppData\Roaming\Cursor\User\globalStorage\redhat.java\1.55.0\config_win -data c:\Users\lenovo\AppData\Roaming\Cursor\User\workspaceStorage\3ccf0c871bdb3054dc9797006317609d\redhat.java\jdt_ws --pipe=\\.\pipe\lsp-87beb69cfb856a0daa1ce828463f2152-sock
java_class_path (initial): c:\Users\lenovo\.cursor\extensions\redhat.java-1.55.0-win32-x64\server\plugins\org.eclipse.equinox.launcher_1.7.200.v20260619-2039.jar
Launcher Type: SUN_STANDARD

[Global flags]
    uintx AdaptiveSizePolicyWeight                 = 90                                        {product} {command line}
     intx CICompilerCount                          = 4                                         {product} {ergonomic}
    uintx GCTimeRatio                              = 4                                         {product} {command line}
     bool HeapDumpOnOutOfMemoryError               = true                                   {manageable} {command line}
    ccstr HeapDumpPath                             = c:\Users\lenovo\AppData\Roaming\Cursor\User\workspaceStorage\3ccf0c871bdb3054dc9797006317609d\redhat.java         {manageable} {command line}
   size_t InitialHeapSize                          = 104857600                                 {product} {command line}
   size_t MaxHeapSize                              = 2147483648                                {product} {command line}
   size_t MaxNewSize                               = 715653120                                 {product} {ergonomic}
   size_t MinHeapDeltaBytes                        = 524288                                    {product} {ergonomic}
   size_t MinHeapSize                              = 104857600                                 {product} {command line}
   size_t NewSize                                  = 34603008                                  {product} {ergonomic}
    uintx NonNMethodCodeHeapSize                   = 5839372                                {pd product} {ergonomic}
    uintx NonProfiledCodeHeapSize                  = 122909434                              {pd product} {ergonomic}
   size_t OldSize                                  = 70254592                                  {product} {ergonomic}
    uintx ProfiledCodeHeapSize                     = 122909434                              {pd product} {ergonomic}
    uintx ReservedCodeCacheSize                    = 251658240                              {pd product} {ergonomic}
     bool SegmentedCodeCache                       = true                                      {product} {ergonomic}
   size_t SoftMaxHeapSize                          = 2147483648                             {manageable} {ergonomic}
     bool UseCompressedOops                        = true                           {product lp64_product} {ergonomic}
     bool UseLargePagesIndividualAllocation        = false                                  {pd product} {ergonomic}
     bool UseParallelGC                            = true                                      {product} {command line}

Logging:
Log output configuration:
 #0: stdout all=off uptime,level,tags foldmultilines=false
 #1: stderr all=off uptime,level,tags foldmultilines=false

Release file:
JAVA_VERSION="21.0.11" 
MODULES="java.base java.compiler java.datatransfer java.xml java.prefs java.desktop java.instrument java.logging java.management java.security.sasl java.naming java.rmi java.management.rmi java.net.http java.scripting java.security.jgss java.transaction.xa java.sql java.sql.rowset java.xml.crypto java.se java.smartcardio jdk.accessibility jdk.internal.jvmstat jdk.attach jdk.charsets jdk.internal.opt jdk.zipfs jdk.compiler jdk.crypto.ec jdk.crypto.cryptoki jdk.crypto.mscapi jdk.dynalink jdk.internal.ed jdk.editpad jdk.hotspot.agent jdk.httpserver jdk.internal.le jdk.internal.vm.ci jdk.internal.vm.compiler jdk.internal.vm.compiler.management jdk.jartool jdk.javadoc jdk.jcmd jdk.management jdk.management.agent jdk.jconsole jdk.jdeps jdk.jdwp.agent jdk.jdi jdk.jfr jdk.jshell jdk.jsobject jdk.jstatd jdk.localedata jdk.management.jfr jdk.naming.dns jdk.naming.rmi jdk.net jdk.nio.mapmode jdk.random jdk.sctp jdk.security.auth jdk.security.jgss jdk.unsupported jdk.unsupported.desktop jdk.xml.dom" 

Environment Variables:
PATH=C:\ProgramData\chocolatey\bin;C:\Windows\system32;C:\Windows;C:\Windows\System32\Wbem;C:\Windows\System32\WindowsPowerShell\v1.0\;C:\Windows\System32\OpenSSH\;C:\Program Files\nodejs\;C:\Program Files\Git\cmd;C:\Program Files\cursor\resources\app\bin;C:\Program Files\PuTTY\;C:\Program Files\Docker\Docker\resources\bin;%MAVEN_HOME%\bin;C:\Program Files\maven\apache-maven-3.9.12\bin;C:\Program Files\jdk\jdk-21.0.8_windows-x64_bin\jdk-21.0.8\bin;C:\Users\lenovo\flutter\bin;C:\Program Files\MySQL\MySQL Shell 8.0\bin\;C:\Users\lenovo\AppData\Local\Microsoft\WindowsApps;C:\Users\lenovo\AppData\Local\Programs\Microsoft VS Code\bin;C:\Users\lenovo\AppData\Roaming\npm;%MAVEN_HOME%\bin;;C:\tools\dart-sdk\bin;C:\Users\lenovo\AppData\Local\Pub\Cache\bin
USERNAME=lenovo
OS=Windows_NT
PROCESSOR_IDENTIFIER=Intel64 Family 6 Model 140 Stepping 1, GenuineIntel
TMP=C:\Users\lenovo\AppData\Local\Temp
TEMP=C:\Users\lenovo\AppData\Local\Temp




Periodic native trim disabled

---------------  S Y S T E M  ---------------

OS:
 Windows 11 , 64 bit Build 26100 (10.0.26100.7309)
OS uptime: 1 days 2:19 hours
Hyper-V role detected

CPU: total 8 (initial active 8) (4 cores per cpu, 2 threads per core) family 6 model 140 stepping 1 microcode 0xbe, cx8, cmov, fxsr, ht, mmx, 3dnowpref, sse, sse2, sse3, ssse3, sse4.1, sse4.2, popcnt, lzcnt, tsc, tscinvbit, avx, avx2, aes, erms, clmul, bmi1, bmi2, adx, avx512f, avx512dq, avx512cd, avx512bw, avx512vl, sha, fma, vzeroupper, avx512_vpopcntdq, avx512_vpclmulqdq, avx512_vaes, avx512_vnni, clflush, clflushopt, clwb, avx512_vbmi2, avx512_vbmi, hv, rdtscp, rdpid, fsrm, gfni, avx512_bitalg, f16c, cet_ibt, cet_ss, avx512_ifma
Processor Information for the first 8 processors :
  Max Mhz: 2419, Current Mhz: 907, Mhz Limit: 895

Memory: 4k page, system-wide physical 7856M (937M free)
TotalPageFile size 21017M (AvailPageFile size 13M)
current process WorkingSet (physical memory assigned to process): 781M, peak: 816M
current process commit charge ("private bytes"): 895M, peak: 897M

vm_info: OpenJDK 64-Bit Server VM (21.0.11+10-LTS) for windows-amd64 JRE (21.0.11+10-LTS), built on 2026-04-21T00:00:00Z by "admin" with MS VC++ 17.12 (VS2022)

END.
