#
# There is insufficient memory for the Java Runtime Environment to continue.
# Native memory allocation (malloc) failed to allocate 495376 bytes. Error detail: Chunk::new
# Possible reasons:
#   The system is out of physical RAM or swap space
#   This process is running with CompressedOops enabled, and the Java Heap may be blocking the growth of the native heap
# Possible solutions:
#   Reduce memory load on the system
#   Increase physical memory or swap space
#   Check if swap backing store is full
#   Decrease Java heap size (-Xmx/-Xms)
#   Decrease number of Java threads
#   Decrease Java thread stack sizes (-Xss)
#   Set larger code cache with -XX:ReservedCodeCacheSize=
#   JVM is running with Unscaled Compressed Oops mode in which the Java heap is
#     placed in the first 4GB address space. The Java Heap base address is the
#     maximum limit for the native heap growth. Please use -XX:HeapBaseMinAddress
#     to set the Java Heap base and to place the Java Heap above 4GB virtual address.
# This output file may be truncated or incomplete.
#
#  Out of Memory Error (arena.cpp:168), pid=14080, tid=1252
#
# JRE version: OpenJDK Runtime Environment Temurin-21.0.11+10 (21.0.11+10) (build 21.0.11+10-LTS)
# Java VM: OpenJDK 64-Bit Server VM Temurin-21.0.11+10 (21.0.11+10-LTS, mixed mode, sharing, tiered, compressed oops, compressed class ptrs, parallel gc, windows-amd64)
# No core dump will be written. Minidumps are not enabled by default on client versions of Windows
#

---------------  S U M M A R Y ------------

Command Line: --add-modules=ALL-SYSTEM --add-opens=java.base/java.util=ALL-UNNAMED --add-opens=java.base/java.lang=ALL-UNNAMED --add-opens=java.base/sun.nio.fs=ALL-UNNAMED -Declipse.application=org.eclipse.jdt.ls.core.id1 -Dosgi.bundles.defaultStartLevel=4 -Declipse.product=org.eclipse.jdt.ls.core.product -Djava.import.generatesMetadataFilesAtProjectRoot=false -DDetectVMInstallationsJob.disabled=true -Dfile.encoding=utf8 -XX:+UseParallelGC -XX:GCTimeRatio=4 -XX:AdaptiveSizePolicyWeight=90 -Dsun.zip.disableMemoryMapping=true -Xmx2G -Xms100m -Xlog:disable -javaagent:c:\Users\lenovo\.vscode\extensions\redhat.java-1.55.0-win32-x64\lombok\lombok-1.18.39-4050.jar -XX:+HeapDumpOnOutOfMemoryError -XX:HeapDumpPath=c:\Users\lenovo\AppData\Roaming\Code\User\workspaceStorage\3ccf0c871bdb3054dc9797006317609d\redhat.java -Daether.dependencyCollector.impl=bf c:\Users\lenovo\.vscode\extensions\redhat.java-1.55.0-win32-x64\server\plugins\org.eclipse.equinox.launcher_1.7.200.v20260619-2039.jar -configuration c:\Users\lenovo\AppData\Roaming\Code\User\globalStorage\redhat.java\1.55.0\config_win -data c:\Users\lenovo\AppData\Roaming\Code\User\workspaceStorage\3ccf0c871bdb3054dc9797006317609d\redhat.java\jdt_ws --pipe=\\.\pipe\lsp-04ae0fede44195eaa55d70f11b56bd3f-sock

Host: 11th Gen Intel(R) Core(TM) i5-1135G7 @ 2.40GHz, 8 cores, 7G,  Windows 11 , 64 bit Build 26100 (10.0.26100.7309)
Time: Wed Jul  8 08:07:22 2026 E. Africa Standard Time elapsed time: 5.666236 seconds (0d 0h 0m 5s)

---------------  T H R E A D  ---------------

Current thread (0x0000021b6881f920):  JavaThread "C2 CompilerThread2" daemon [_thread_in_native, id=1252, stack(0x0000008be9c00000,0x0000008be9d00000) (1024K)]


Current CompileTask:
C2:5666 4595       4       org.eclipse.osgi.internal.serviceregistry.ServiceRegistry::notifyHooksPrivileged (57 bytes)

Stack: [0x0000008be9c00000,0x0000008be9d00000]
Native frames: (J=compiled Java code, j=interpreted, Vv=VM code, C=native code)
V  [jvm.dll+0x6d7e19]
V  [jvm.dll+0x8b5096]
V  [jvm.dll+0x8b764e]
V  [jvm.dll+0x8b7d33]
V  [jvm.dll+0x284596]
V  [jvm.dll+0xc685d]
V  [jvm.dll+0xc6da1]
V  [jvm.dll+0x2fb4ee]
V  [jvm.dll+0x5fe9a4]
V  [jvm.dll+0x255d67]
V  [jvm.dll+0x24e2ca]
V  [jvm.dll+0x24bbe6]
V  [jvm.dll+0x1cb4ae]
V  [jvm.dll+0x25baad]
V  [jvm.dll+0x25a03a]
V  [jvm.dll+0x3f868e]
V  [jvm.dll+0x85fb0d]
V  [jvm.dll+0x6d664d]
C  [ucrtbase.dll+0x37b0]
C  [KERNEL32.DLL+0x2e8d7]
C  [ntdll.dll+0x8c53c]


---------------  P R O C E S S  ---------------

Threads class SMR info:
_java_thread_list=0x0000021b67a20dd0, length=33, elements={
0x0000021b473b8960, 0x0000021b497aaa90, 0x0000021b497ab8b0, 0x0000021b49667c30,
0x0000021b49668a10, 0x0000021b49670aa0, 0x0000021b4969a350, 0x0000021b619324a0,
0x0000021b61934c10, 0x0000021b4969b070, 0x0000021b4969d7d0, 0x0000021b4969a9e0,
0x0000021b4969b700, 0x0000021b4969c420, 0x0000021b4969cab0, 0x0000021b4969bd90,
0x0000021b4969d140, 0x0000021b66772c20, 0x0000021b667732b0, 0x0000021b66773940,
0x0000021b66774660, 0x0000021b66772590, 0x0000021b66773fd0, 0x0000021b66775380,
0x0000021b66774cf0, 0x0000021b66775a10, 0x0000021b67fed4e0, 0x0000021b67fece50,
0x0000021b6688b2c0, 0x0000021b67fec130, 0x0000021b67fef5b0, 0x0000021b67fedb70,
0x0000021b6881f920
}

Java Threads: ( => current thread )
  0x0000021b473b8960 JavaThread "main"                              [_thread_blocked, id=11944, stack(0x0000008be7200000,0x0000008be7300000) (1024K)]
  0x0000021b497aaa90 JavaThread "Reference Handler"          daemon [_thread_blocked, id=15236, stack(0x0000008be7600000,0x0000008be7700000) (1024K)]
  0x0000021b497ab8b0 JavaThread "Finalizer"                  daemon [_thread_blocked, id=14624, stack(0x0000008be7700000,0x0000008be7800000) (1024K)]
  0x0000021b49667c30 JavaThread "Signal Dispatcher"          daemon [_thread_blocked, id=12200, stack(0x0000008be7800000,0x0000008be7900000) (1024K)]
  0x0000021b49668a10 JavaThread "Attach Listener"            daemon [_thread_blocked, id=15388, stack(0x0000008be7900000,0x0000008be7a00000) (1024K)]
  0x0000021b49670aa0 JavaThread "Service Thread"             daemon [_thread_blocked, id=9380, stack(0x0000008be7a00000,0x0000008be7b00000) (1024K)]
  0x0000021b4969a350 JavaThread "Monitor Deflation Thread"   daemon [_thread_blocked, id=3876, stack(0x0000008be7b00000,0x0000008be7c00000) (1024K)]
  0x0000021b619324a0 JavaThread "C2 CompilerThread0"         daemon [_thread_blocked, id=14596, stack(0x0000008be7c00000,0x0000008be7d00000) (1024K)]
  0x0000021b61934c10 JavaThread "C1 CompilerThread0"         daemon [_thread_blocked, id=8064, stack(0x0000008be7d00000,0x0000008be7e00000) (1024K)]
  0x0000021b4969b070 JavaThread "Common-Cleaner"             daemon [_thread_blocked, id=10420, stack(0x0000008be7e00000,0x0000008be7f00000) (1024K)]
  0x0000021b4969d7d0 JavaThread "Notification Thread"        daemon [_thread_blocked, id=15728, stack(0x0000008be8000000,0x0000008be8100000) (1024K)]
  0x0000021b4969a9e0 JavaThread "Active Thread: Equinox Container: bb2c9dc9-a3f0-4f37-b9f9-709f64192f51"        [_thread_blocked, id=9340, stack(0x0000008be8800000,0x0000008be8900000) (1024K)]
  0x0000021b4969b700 JavaThread "Refresh Thread: Equinox Container: bb2c9dc9-a3f0-4f37-b9f9-709f64192f51" daemon [_thread_blocked, id=8532, stack(0x0000008be8900000,0x0000008be8a00000) (1024K)]
  0x0000021b4969c420 JavaThread "Equinox resolver thread - Equinox Container: bb2c9dc9-a3f0-4f37-b9f9-709f64192f51" daemon [_thread_blocked, id=12392, stack(0x0000008be8b00000,0x0000008be8c00000) (1024K)]
  0x0000021b4969cab0 JavaThread "Equinox resolver thread - Equinox Container: bb2c9dc9-a3f0-4f37-b9f9-709f64192f51" daemon [_thread_blocked, id=18000, stack(0x0000008be8c00000,0x0000008be8d00000) (1024K)]
  0x0000021b4969bd90 JavaThread "Equinox resolver thread - Equinox Container: bb2c9dc9-a3f0-4f37-b9f9-709f64192f51" daemon [_thread_blocked, id=18572, stack(0x0000008be8d00000,0x0000008be8e00000) (1024K)]
  0x0000021b4969d140 JavaThread "Equinox resolver thread - Equinox Container: bb2c9dc9-a3f0-4f37-b9f9-709f64192f51" daemon [_thread_blocked, id=8964, stack(0x0000008be8e00000,0x0000008be8f00000) (1024K)]
  0x0000021b66772c20 JavaThread "Equinox resolver thread - Equinox Container: bb2c9dc9-a3f0-4f37-b9f9-709f64192f51" daemon [_thread_blocked, id=11752, stack(0x0000008be8f00000,0x0000008be9000000) (1024K)]
  0x0000021b667732b0 JavaThread "Equinox resolver thread - Equinox Container: bb2c9dc9-a3f0-4f37-b9f9-709f64192f51" daemon [_thread_blocked, id=12824, stack(0x0000008be9000000,0x0000008be9100000) (1024K)]
  0x0000021b66773940 JavaThread "Equinox resolver thread - Equinox Container: bb2c9dc9-a3f0-4f37-b9f9-709f64192f51" daemon [_thread_blocked, id=12140, stack(0x0000008be9100000,0x0000008be9200000) (1024K)]
  0x0000021b66774660 JavaThread "Equinox resolver thread - Equinox Container: bb2c9dc9-a3f0-4f37-b9f9-709f64192f51" daemon [_thread_blocked, id=9700, stack(0x0000008be9200000,0x0000008be9300000) (1024K)]
  0x0000021b66772590 JavaThread "Framework Event Dispatcher: Equinox Container: bb2c9dc9-a3f0-4f37-b9f9-709f64192f51" daemon [_thread_blocked, id=4644, stack(0x0000008be9300000,0x0000008be9400000) (1024K)]
  0x0000021b66773fd0 JavaThread "Start Level: Equinox Container: bb2c9dc9-a3f0-4f37-b9f9-709f64192f51" daemon [_thread_in_native, id=16532, stack(0x0000008be9400000,0x0000008be9500000) (1024K)]
  0x0000021b66775380 JavaThread "Bundle File Closer"         daemon [_thread_blocked, id=9256, stack(0x0000008be8100000,0x0000008be8200000) (1024K)]
  0x0000021b66774cf0 JavaThread "SCR Component Actor"        daemon [_thread_blocked, id=4152, stack(0x0000008be9500000,0x0000008be9600000) (1024K)]
  0x0000021b66775a10 JavaThread "Worker-JM"                         [_thread_blocked, id=2808, stack(0x0000008be9600000,0x0000008be9700000) (1024K)]
  0x0000021b67fed4e0 JavaThread "Worker-0: Repository registry initialization"        [_thread_in_native, id=6232, stack(0x0000008be9700000,0x0000008be9800000) (1024K)]
  0x0000021b67fece50 JavaThread "Worker-1: Updating Maven Dependencies"        [_thread_blocked, id=11452, stack(0x0000008be9800000,0x0000008be9900000) (1024K)]
  0x0000021b6688b2c0 JavaThread "C2 CompilerThread1"         daemon [_thread_blocked, id=3796, stack(0x0000008be7f00000,0x0000008be8000000) (1024K)]
  0x0000021b67fec130 JavaThread "Worker-2"                          [_thread_blocked, id=8504, stack(0x0000008be9900000,0x0000008be9a00000) (1024K)]
  0x0000021b67fef5b0 JavaThread "Worker-3"                          [_thread_blocked, id=18356, stack(0x0000008be9a00000,0x0000008be9b00000) (1024K)]
  0x0000021b67fedb70 JavaThread "Java indexing"              daemon [_thread_blocked, id=8356, stack(0x0000008be9b00000,0x0000008be9c00000) (1024K)]
=>0x0000021b6881f920 JavaThread "C2 CompilerThread2"         daemon [_thread_in_native, id=1252, stack(0x0000008be9c00000,0x0000008be9d00000) (1024K)]
Total: 33

Other Threads:
  0x0000021b4978fc10 VMThread "VM Thread"                           [id=6768, stack(0x0000008be7500000,0x0000008be7600000) (1024K)]
  0x0000021b4975d5e0 WatcherThread "VM Periodic Task Thread"        [id=9500, stack(0x0000008be7400000,0x0000008be7500000) (1024K)]
  0x0000021b4970de80 WorkerThread "GC Thread#0"                     [id=14984, stack(0x0000008be7300000,0x0000008be7400000) (1024K)]
  0x0000021b664c68d0 WorkerThread "GC Thread#1"                     [id=14248, stack(0x0000008be8200000,0x0000008be8300000) (1024K)]
  0x0000021b6685a800 WorkerThread "GC Thread#2"                     [id=15344, stack(0x0000008be8300000,0x0000008be8400000) (1024K)]
  0x0000021b6685abb0 WorkerThread "GC Thread#3"                     [id=18952, stack(0x0000008be8400000,0x0000008be8500000) (1024K)]
  0x0000021b667cc840 WorkerThread "GC Thread#4"                     [id=19088, stack(0x0000008be8500000,0x0000008be8600000) (1024K)]
  0x0000021b667ccbf0 WorkerThread "GC Thread#5"                     [id=12164, stack(0x0000008be8600000,0x0000008be8700000) (1024K)]
  0x0000021b667ccfa0 WorkerThread "GC Thread#6"                     [id=8516, stack(0x0000008be8700000,0x0000008be8800000) (1024K)]
  0x0000021b66aeb070 WorkerThread "GC Thread#7"                     [id=19268, stack(0x0000008be8a00000,0x0000008be8b00000) (1024K)]
Total: 10

Threads with active compile tasks:
C2 CompilerThread2  5684 4595       4       org.eclipse.osgi.internal.serviceregistry.ServiceRegistry::notifyHooksPrivileged (57 bytes)
Total: 1

VM state: not at safepoint (normal execution)

VM Mutex/Monitor currently owned by a thread: None

Heap address: 0x0000000080000000, size: 2048 MB, Compressed Oops mode: 32-bit

CDS archive(s) mapped at: [0x0000021b00000000-0x0000021b00ba0000-0x0000021b00ba0000), size 12189696, SharedBaseAddress: 0x0000021b00000000, ArchiveRelocationMode: 1.
Compressed class space mapped at: 0x0000021b01000000-0x0000021b41000000, reserved size: 1073741824
Narrow klass base: 0x0000021b00000000, Narrow klass shift: 0, Narrow klass range: 0x100000000

GC Precious Log:
 CardTable entry size: 512
 CPUs: 8 total, 8 available
 Memory: 7856M
 Large Page Support: Disabled
 NUMA Support: Disabled
 Compressed Oops: Enabled (32-bit)
 Alignments: Space 512K, Generation 512K, Heap 2M
 Heap Min Capacity: 100M
 Heap Initial Capacity: 100M
 Heap Max Capacity: 2G
 Pre-touch: Disabled
 Parallel Workers: 8

Heap:
 PSYoungGen      total 23552K, used 11286K [0x00000000d5580000, 0x00000000d7380000, 0x0000000100000000)
  eden space 22016K, 44% used [0x00000000d5580000,0x00000000d5f2ab98,0x00000000d6b00000)
  from space 1536K, 90% used [0x00000000d7200000,0x00000000d735acf8,0x00000000d7380000)
  to   space 1536K, 0% used [0x00000000d7080000,0x00000000d7080000,0x00000000d7200000)
 ParOldGen       total 68608K, used 17995K [0x0000000080000000, 0x0000000084300000, 0x00000000d5580000)
  object space 68608K, 26% used [0x0000000080000000,0x0000000081192c20,0x0000000084300000)
 Metaspace       used 32526K, committed 33536K, reserved 1114112K
  class space    used 3347K, committed 3712K, reserved 1048576K

Card table byte_map: [0x0000021b49090000,0x0000021b494a0000] _byte_map_base: 0x0000021b48c90000

Marking Bits: (ParMarkBitMap*) 0x00007ffa1d084460
 Begin Bits: [0x0000021b5bba0000, 0x0000021b5dba0000)
 End Bits:   [0x0000021b5dba0000, 0x0000021b5fba0000)

Polling page: 0x0000021b47670000

Metaspace:

Usage:
  Non-class:     28.50 MB used.
      Class:      3.27 MB used.
       Both:     31.76 MB used.

Virtual space:
  Non-class space:       64.00 MB reserved,      29.12 MB ( 46%) committed,  1 nodes.
      Class space:        1.00 GB reserved,       3.62 MB ( <1%) committed,  1 nodes.
             Both:        1.06 GB reserved,      32.75 MB (  3%) committed. 

Chunk freelists:
   Non-Class:  2.86 MB
       Class:  12.19 MB
        Both:  15.05 MB

MaxMetaspaceSize: unlimited
CompressedClassSpaceSize: 1.00 GB
Initial GC threshold: 21.00 MB
Current GC threshold: 35.00 MB
CDS: on
 - commit_granule_bytes: 65536.
 - commit_granule_words: 8192.
 - virtual_space_node_default_size: 8388608.
 - enlarge_chunks_in_place: 1.
 - use_allocation_guard: 0.


Internal statistics:

num_allocs_failed_limit: 3.
num_arena_births: 690.
num_arena_deaths: 14.
num_vsnodes_births: 2.
num_vsnodes_deaths: 0.
num_space_committed: 524.
num_space_uncommitted: 0.
num_chunks_returned_to_freelist: 17.
num_chunks_taken_from_freelist: 1999.
num_chunk_merges: 7.
num_chunk_splits: 1279.
num_chunks_enlarged: 800.
num_inconsistent_stats: 0.

CodeHeap 'non-profiled nmethods': size=120000Kb used=2364Kb max_used=2364Kb free=117635Kb
 bounds [0x0000021b543c0000, 0x0000021b54630000, 0x0000021b5b8f0000]
CodeHeap 'profiled nmethods': size=120000Kb used=9777Kb max_used=9777Kb free=110222Kb
 bounds [0x0000021b4c8f0000, 0x0000021b4d280000, 0x0000021b53e20000]
CodeHeap 'non-nmethods': size=5760Kb used=1350Kb max_used=1414Kb free=4409Kb
 bounds [0x0000021b53e20000, 0x0000021b54090000, 0x0000021b543c0000]
CodeCache: size=245760Kb, used=13491Kb, max_used=13555Kb, free=232266Kb
 total_blobs=5230, nmethods=4599, adapters=537, full_count=0
Compilation: enabled, stopped_count=0, restarted_count=0

Compilation events (20 events):
Event: 5.591 Thread 0x0000021b61934c10 nmethod 4583 0x0000021b4d274190 code [0x0000021b4d274640, 0x0000021b4d276498]
Event: 5.591 Thread 0x0000021b61934c10 4591       3       sun.reflect.generics.parser.SignatureParser::parseClassTypeSignature (118 bytes)
Event: 5.593 Thread 0x0000021b61934c10 nmethod 4591 0x0000021b4d277590 code [0x0000021b4d277920, 0x0000021b4d278c88]
Event: 5.594 Thread 0x0000021b61934c10 4592       3       sun.reflect.generics.tree.SimpleClassTypeSignature::make (11 bytes)
Event: 5.594 Thread 0x0000021b61934c10 nmethod 4592 0x0000021b4d279410 code [0x0000021b4d2795c0, 0x0000021b4d279800]
Event: 5.607 Thread 0x0000021b61934c10 4593       3       java.lang.Class::getAnnotation (22 bytes)
Event: 5.607 Thread 0x0000021b61934c10 nmethod 4593 0x0000021b4d279910 code [0x0000021b4d279b00, 0x0000021b4d279f80]
Event: 5.607 Thread 0x0000021b6688b2c0 4594       4       java.lang.ThreadLocal::set (18 bytes)
Event: 5.608 Thread 0x0000021b6881f920 4595       4       org.eclipse.osgi.internal.serviceregistry.ServiceRegistry::notifyHooksPrivileged (57 bytes)
Event: 5.608 Thread 0x0000021b61934c10 4596       3       com.google.common.cache.LocalCache::expiresAfterWrite (15 bytes)
Event: 5.609 Thread 0x0000021b61934c10 nmethod 4596 0x0000021b4d27a110 code [0x0000021b4d27a2a0, 0x0000021b4d27a408]
Event: 5.617 Thread 0x0000021b61934c10 4597       3       sun.reflect.generics.parser.SignatureParser::parseFieldTypeSignature (6 bytes)
Event: 5.617 Thread 0x0000021b61934c10 nmethod 4597 0x0000021b4d27a490 code [0x0000021b4d27a640, 0x0000021b4d27a780]
Event: 5.617 Thread 0x0000021b61934c10 4598       3       sun.reflect.generics.parser.SignatureParser::parseFieldTypeSignature (73 bytes)
Event: 5.617 Thread 0x0000021b61934c10 nmethod 4598 0x0000021b4d27a810 code [0x0000021b4d27aa60, 0x0000021b4d27af40]
Event: 5.617 Thread 0x0000021b61934c10 4599       3       com.google.inject.Key::get (12 bytes)
Event: 5.618 Thread 0x0000021b6688b2c0 nmethod 4594 0x0000021b5460e310 code [0x0000021b5460e500, 0x0000021b5460e990]
Event: 5.618 Thread 0x0000021b61934c10 nmethod 4599 0x0000021b4d27b190 code [0x0000021b4d27b380, 0x0000021b4d27b878]
Event: 5.635 Thread 0x0000021b61934c10 4601   !   3       java.io.FileOutputStream::write (47 bytes)
Event: 5.636 Thread 0x0000021b61934c10 nmethod 4601 0x0000021b4d27ba90 code [0x0000021b4d27bc80, 0x0000021b4d27bf48]

GC Heap History (20 events):
Event: 1.810 GC heap before
{Heap before GC invocations=4 (full 0):
 PSYoungGen      total 29696K, used 29667K [0x00000000d5580000, 0x00000000d7680000, 0x0000000100000000)
  eden space 25600K, 100% used [0x00000000d5580000,0x00000000d6e80000,0x00000000d6e80000)
  from space 4096K, 99% used [0x00000000d6e80000,0x00000000d7278fb8,0x00000000d7280000)
  to   space 4096K, 0% used [0x00000000d7280000,0x00000000d7280000,0x00000000d7680000)
 ParOldGen       total 68608K, used 4103K [0x0000000080000000, 0x0000000084300000, 0x00000000d5580000)
  object space 68608K, 5% used [0x0000000080000000,0x0000000080401df0,0x0000000084300000)
 Metaspace       used 11293K, committed 11712K, reserved 1114112K
  class space    used 1192K, committed 1408K, reserved 1048576K
}
Event: 1.814 GC heap after
{Heap after GC invocations=4 (full 0):
 PSYoungGen      total 29696K, used 4085K [0x00000000d5580000, 0x00000000d7680000, 0x0000000100000000)
  eden space 25600K, 0% used [0x00000000d5580000,0x00000000d5580000,0x00000000d6e80000)
  from space 4096K, 99% used [0x00000000d7280000,0x00000000d767d498,0x00000000d7680000)
  to   space 4096K, 0% used [0x00000000d6e80000,0x00000000d6e80000,0x00000000d7280000)
 ParOldGen       total 68608K, used 8536K [0x0000000080000000, 0x0000000084300000, 0x00000000d5580000)
  object space 68608K, 12% used [0x0000000080000000,0x0000000080856380,0x0000000084300000)
 Metaspace       used 11293K, committed 11712K, reserved 1114112K
  class space    used 1192K, committed 1408K, reserved 1048576K
}
Event: 2.295 GC heap before
{Heap before GC invocations=5 (full 0):
 PSYoungGen      total 29696K, used 29685K [0x00000000d5580000, 0x00000000d7680000, 0x0000000100000000)
  eden space 25600K, 100% used [0x00000000d5580000,0x00000000d6e80000,0x00000000d6e80000)
  from space 4096K, 99% used [0x00000000d7280000,0x00000000d767d498,0x00000000d7680000)
  to   space 4096K, 0% used [0x00000000d6e80000,0x00000000d6e80000,0x00000000d7280000)
 ParOldGen       total 68608K, used 8536K [0x0000000080000000, 0x0000000084300000, 0x00000000d5580000)
  object space 68608K, 12% used [0x0000000080000000,0x0000000080856380,0x0000000084300000)
 Metaspace       used 15025K, committed 15488K, reserved 1114112K
  class space    used 1542K, committed 1728K, reserved 1048576K
}
Event: 2.298 GC heap after
{Heap after GC invocations=5 (full 0):
 PSYoungGen      total 29184K, used 4085K [0x00000000d5580000, 0x00000000d7b00000, 0x0000000100000000)
  eden space 25088K, 0% used [0x00000000d5580000,0x00000000d5580000,0x00000000d6e00000)
  from space 4096K, 99% used [0x00000000d6e80000,0x00000000d727d420,0x00000000d7280000)
  to   space 6656K, 0% used [0x00000000d7480000,0x00000000d7480000,0x00000000d7b00000)
 ParOldGen       total 68608K, used 9808K [0x0000000080000000, 0x0000000084300000, 0x00000000d5580000)
  object space 68608K, 14% used [0x0000000080000000,0x00000000809940a8,0x0000000084300000)
 Metaspace       used 15025K, committed 15488K, reserved 1114112K
  class space    used 1542K, committed 1728K, reserved 1048576K
}
Event: 2.771 GC heap before
{Heap before GC invocations=6 (full 0):
 PSYoungGen      total 29184K, used 29173K [0x00000000d5580000, 0x00000000d7b00000, 0x0000000100000000)
  eden space 25088K, 100% used [0x00000000d5580000,0x00000000d6e00000,0x00000000d6e00000)
  from space 4096K, 99% used [0x00000000d6e80000,0x00000000d727d420,0x00000000d7280000)
  to   space 6656K, 0% used [0x00000000d7480000,0x00000000d7480000,0x00000000d7b00000)
 ParOldGen       total 68608K, used 9808K [0x0000000080000000, 0x0000000084300000, 0x00000000d5580000)
  object space 68608K, 14% used [0x0000000080000000,0x00000000809940a8,0x0000000084300000)
 Metaspace       used 17981K, committed 18752K, reserved 1114112K
  class space    used 1854K, committed 2176K, reserved 1048576K
}
Event: 2.775 GC heap after
{Heap after GC invocations=6 (full 0):
 PSYoungGen      total 29696K, used 4888K [0x00000000d5580000, 0x00000000d7980000, 0x0000000100000000)
  eden space 24576K, 0% used [0x00000000d5580000,0x00000000d5580000,0x00000000d6d80000)
  from space 5120K, 95% used [0x00000000d7480000,0x00000000d7946008,0x00000000d7980000)
  to   space 5632K, 0% used [0x00000000d6e80000,0x00000000d6e80000,0x00000000d7400000)
 ParOldGen       total 68608K, used 9816K [0x0000000080000000, 0x0000000084300000, 0x00000000d5580000)
  object space 68608K, 14% used [0x0000000080000000,0x00000000809960a8,0x0000000084300000)
 Metaspace       used 17981K, committed 18752K, reserved 1114112K
  class space    used 1854K, committed 2176K, reserved 1048576K
}
Event: 3.214 GC heap before
{Heap before GC invocations=7 (full 0):
 PSYoungGen      total 29696K, used 29394K [0x00000000d5580000, 0x00000000d7980000, 0x0000000100000000)
  eden space 24576K, 99% used [0x00000000d5580000,0x00000000d6d6e9b0,0x00000000d6d80000)
  from space 5120K, 95% used [0x00000000d7480000,0x00000000d7946008,0x00000000d7980000)
  to   space 5632K, 0% used [0x00000000d6e80000,0x00000000d6e80000,0x00000000d7400000)
 ParOldGen       total 68608K, used 9816K [0x0000000080000000, 0x0000000084300000, 0x00000000d5580000)
  object space 68608K, 14% used [0x0000000080000000,0x00000000809960a8,0x0000000084300000)
 Metaspace       used 20711K, committed 21504K, reserved 1114112K
  class space    used 2128K, committed 2432K, reserved 1048576K
}
Event: 3.220 GC heap after
{Heap after GC invocations=7 (full 0):
 PSYoungGen      total 29696K, used 5382K [0x00000000d5580000, 0x00000000d7800000, 0x0000000100000000)
  eden space 24064K, 0% used [0x00000000d5580000,0x00000000d5580000,0x00000000d6d00000)
  from space 5632K, 95% used [0x00000000d6e80000,0x00000000d73c1838,0x00000000d7400000)
  to   space 4096K, 0% used [0x00000000d7400000,0x00000000d7400000,0x00000000d7800000)
 ParOldGen       total 68608K, used 10911K [0x0000000080000000, 0x0000000084300000, 0x00000000d5580000)
  object space 68608K, 15% used [0x0000000080000000,0x0000000080aa7ce0,0x0000000084300000)
 Metaspace       used 20711K, committed 21504K, reserved 1114112K
  class space    used 2128K, committed 2432K, reserved 1048576K
}
Event: 3.259 GC heap before
{Heap before GC invocations=8 (full 0):
 PSYoungGen      total 29696K, used 12203K [0x00000000d5580000, 0x00000000d7800000, 0x0000000100000000)
  eden space 24064K, 28% used [0x00000000d5580000,0x00000000d5c29548,0x00000000d6d00000)
  from space 5632K, 95% used [0x00000000d6e80000,0x00000000d73c1838,0x00000000d7400000)
  to   space 4096K, 0% used [0x00000000d7400000,0x00000000d7400000,0x00000000d7800000)
 ParOldGen       total 68608K, used 10911K [0x0000000080000000, 0x0000000084300000, 0x00000000d5580000)
  object space 68608K, 15% used [0x0000000080000000,0x0000000080aa7ce0,0x0000000084300000)
 Metaspace       used 20733K, committed 21504K, reserved 1114112K
  class space    used 2128K, committed 2432K, reserved 1048576K
}
Event: 3.263 GC heap after
{Heap after GC invocations=8 (full 0):
 PSYoungGen      total 26624K, used 2068K [0x00000000d5580000, 0x00000000d7680000, 0x0000000100000000)
  eden space 24064K, 0% used [0x00000000d5580000,0x00000000d5580000,0x00000000d6d00000)
  from space 2560K, 80% used [0x00000000d7400000,0x00000000d76052a0,0x00000000d7680000)
  to   space 3584K, 0% used [0x00000000d6f80000,0x00000000d6f80000,0x00000000d7300000)
 ParOldGen       total 68608K, used 13733K [0x0000000080000000, 0x0000000084300000, 0x00000000d5580000)
  object space 68608K, 20% used [0x0000000080000000,0x0000000080d69790,0x0000000084300000)
 Metaspace       used 20733K, committed 21504K, reserved 1114112K
  class space    used 2128K, committed 2432K, reserved 1048576K
}
Event: 3.263 GC heap before
{Heap before GC invocations=9 (full 1):
 PSYoungGen      total 26624K, used 2068K [0x00000000d5580000, 0x00000000d7680000, 0x0000000100000000)
  eden space 24064K, 0% used [0x00000000d5580000,0x00000000d5580000,0x00000000d6d00000)
  from space 2560K, 80% used [0x00000000d7400000,0x00000000d76052a0,0x00000000d7680000)
  to   space 3584K, 0% used [0x00000000d6f80000,0x00000000d6f80000,0x00000000d7300000)
 ParOldGen       total 68608K, used 13733K [0x0000000080000000, 0x0000000084300000, 0x00000000d5580000)
  object space 68608K, 20% used [0x0000000080000000,0x0000000080d69790,0x0000000084300000)
 Metaspace       used 20733K, committed 21504K, reserved 1114112K
  class space    used 2128K, committed 2432K, reserved 1048576K
}
Event: 3.317 GC heap after
{Heap after GC invocations=9 (full 1):
 PSYoungGen      total 26624K, used 0K [0x00000000d5580000, 0x00000000d7680000, 0x0000000100000000)
  eden space 24064K, 0% used [0x00000000d5580000,0x00000000d5580000,0x00000000d6d00000)
  from space 2560K, 0% used [0x00000000d7400000,0x00000000d7400000,0x00000000d7680000)
  to   space 3584K, 0% used [0x00000000d6f80000,0x00000000d6f80000,0x00000000d7300000)
 ParOldGen       total 68608K, used 15078K [0x0000000080000000, 0x0000000084300000, 0x00000000d5580000)
  object space 68608K, 21% used [0x0000000080000000,0x0000000080eb98f8,0x0000000084300000)
 Metaspace       used 20720K, committed 21504K, reserved 1114112K
  class space    used 2124K, committed 2432K, reserved 1048576K
}
Event: 3.800 GC heap before
{Heap before GC invocations=10 (full 1):
 PSYoungGen      total 26624K, used 24064K [0x00000000d5580000, 0x00000000d7680000, 0x0000000100000000)
  eden space 24064K, 100% used [0x00000000d5580000,0x00000000d6d00000,0x00000000d6d00000)
  from space 2560K, 0% used [0x00000000d7400000,0x00000000d7400000,0x00000000d7680000)
  to   space 3584K, 0% used [0x00000000d6f80000,0x00000000d6f80000,0x00000000d7300000)
 ParOldGen       total 68608K, used 15078K [0x0000000080000000, 0x0000000084300000, 0x00000000d5580000)
  object space 68608K, 21% used [0x0000000080000000,0x0000000080eb98f8,0x0000000084300000)
 Metaspace       used 24613K, committed 25408K, reserved 1114112K
  class space    used 2413K, committed 2752K, reserved 1048576K
}
Event: 3.802 GC heap after
{Heap after GC invocations=10 (full 1):
 PSYoungGen      total 27136K, used 518K [0x00000000d5580000, 0x00000000d7480000, 0x0000000100000000)
  eden space 23552K, 0% used [0x00000000d5580000,0x00000000d5580000,0x00000000d6c80000)
  from space 3584K, 14% used [0x00000000d6f80000,0x00000000d7001ad0,0x00000000d7300000)
  to   space 1536K, 0% used [0x00000000d7300000,0x00000000d7300000,0x00000000d7480000)
 ParOldGen       total 68608K, used 15086K [0x0000000080000000, 0x0000000084300000, 0x00000000d5580000)
  object space 68608K, 21% used [0x0000000080000000,0x0000000080ebb8f8,0x0000000084300000)
 Metaspace       used 24613K, committed 25408K, reserved 1114112K
  class space    used 2413K, committed 2752K, reserved 1048576K
}
Event: 4.118 GC heap before
{Heap before GC invocations=11 (full 1):
 PSYoungGen      total 27136K, used 24070K [0x00000000d5580000, 0x00000000d7480000, 0x0000000100000000)
  eden space 23552K, 99% used [0x00000000d5580000,0x00000000d6c7fff8,0x00000000d6c80000)
  from space 3584K, 14% used [0x00000000d6f80000,0x00000000d7001ad0,0x00000000d7300000)
  to   space 1536K, 0% used [0x00000000d7300000,0x00000000d7300000,0x00000000d7480000)
 ParOldGen       total 68608K, used 15086K [0x0000000080000000, 0x0000000084300000, 0x00000000d5580000)
  object space 68608K, 21% used [0x0000000080000000,0x0000000080ebb8f8,0x0000000084300000)
 Metaspace       used 26131K, committed 27008K, reserved 1114112K
  class space    used 2549K, committed 2880K, reserved 1048576K
}
Event: 4.121 GC heap after
{Heap after GC invocations=11 (full 1):
 PSYoungGen      total 24576K, used 1531K [0x00000000d5580000, 0x00000000d7480000, 0x0000000100000000)
  eden space 23040K, 0% used [0x00000000d5580000,0x00000000d5580000,0x00000000d6c00000)
  from space 1536K, 99% used [0x00000000d7300000,0x00000000d747eda0,0x00000000d7480000)
  to   space 2048K, 0% used [0x00000000d7080000,0x00000000d7080000,0x00000000d7280000)
 ParOldGen       total 68608K, used 15875K [0x0000000080000000, 0x0000000084300000, 0x00000000d5580000)
  object space 68608K, 23% used [0x0000000080000000,0x0000000080f80e08,0x0000000084300000)
 Metaspace       used 26131K, committed 27008K, reserved 1114112K
  class space    used 2549K, committed 2880K, reserved 1048576K
}
Event: 4.760 GC heap before
{Heap before GC invocations=12 (full 1):
 PSYoungGen      total 24576K, used 24571K [0x00000000d5580000, 0x00000000d7480000, 0x0000000100000000)
  eden space 23040K, 100% used [0x00000000d5580000,0x00000000d6c00000,0x00000000d6c00000)
  from space 1536K, 99% used [0x00000000d7300000,0x00000000d747eda0,0x00000000d7480000)
  to   space 2048K, 0% used [0x00000000d7080000,0x00000000d7080000,0x00000000d7280000)
 ParOldGen       total 68608K, used 15875K [0x0000000080000000, 0x0000000084300000, 0x00000000d5580000)
  object space 68608K, 23% used [0x0000000080000000,0x0000000080f80e08,0x0000000084300000)
 Metaspace       used 29066K, committed 30016K, reserved 1114112K
  class space    used 2935K, committed 3328K, reserved 1048576K
}
Event: 4.762 GC heap after
{Heap after GC invocations=12 (full 1):
 PSYoungGen      total 23552K, used 928K [0x00000000d5580000, 0x00000000d7380000, 0x0000000100000000)
  eden space 22528K, 0% used [0x00000000d5580000,0x00000000d5580000,0x00000000d6b80000)
  from space 1024K, 90% used [0x00000000d7080000,0x00000000d7168000,0x00000000d7180000)
  to   space 1536K, 0% used [0x00000000d7200000,0x00000000d7200000,0x00000000d7380000)
 ParOldGen       total 68608K, used 17251K [0x0000000080000000, 0x0000000084300000, 0x00000000d5580000)
  object space 68608K, 25% used [0x0000000080000000,0x00000000810d8c20,0x0000000084300000)
 Metaspace       used 29066K, committed 30016K, reserved 1114112K
  class space    used 2935K, committed 3328K, reserved 1048576K
}
Event: 5.411 GC heap before
{Heap before GC invocations=13 (full 1):
 PSYoungGen      total 23552K, used 23456K [0x00000000d5580000, 0x00000000d7380000, 0x0000000100000000)
  eden space 22528K, 100% used [0x00000000d5580000,0x00000000d6b80000,0x00000000d6b80000)
  from space 1024K, 90% used [0x00000000d7080000,0x00000000d7168000,0x00000000d7180000)
  to   space 1536K, 0% used [0x00000000d7200000,0x00000000d7200000,0x00000000d7380000)
 ParOldGen       total 68608K, used 17251K [0x0000000080000000, 0x0000000084300000, 0x00000000d5580000)
  object space 68608K, 25% used [0x0000000080000000,0x00000000810d8c20,0x0000000084300000)
 Metaspace       used 31365K, committed 32320K, reserved 1114112K
  class space    used 3208K, committed 3584K, reserved 1048576K
}
Event: 5.413 GC heap after
{Heap after GC invocations=13 (full 1):
 PSYoungGen      total 23552K, used 1387K [0x00000000d5580000, 0x00000000d7380000, 0x0000000100000000)
  eden space 22016K, 0% used [0x00000000d5580000,0x00000000d5580000,0x00000000d6b00000)
  from space 1536K, 90% used [0x00000000d7200000,0x00000000d735acf8,0x00000000d7380000)
  to   space 1536K, 0% used [0x00000000d7080000,0x00000000d7080000,0x00000000d7200000)
 ParOldGen       total 68608K, used 17995K [0x0000000080000000, 0x0000000084300000, 0x00000000d5580000)
  object space 68608K, 26% used [0x0000000080000000,0x0000000081192c20,0x0000000084300000)
 Metaspace       used 31365K, committed 32320K, reserved 1114112K
  class space    used 3208K, committed 3584K, reserved 1048576K
}

Dll operation events (11 events):
Event: 0.007 Loaded shared library c:\Users\lenovo\.vscode\extensions\redhat.java-1.55.0-win32-x64\jre\21.0.11-win32-x86_64\bin\java.dll
Event: 0.055 Loaded shared library c:\Users\lenovo\.vscode\extensions\redhat.java-1.55.0-win32-x64\jre\21.0.11-win32-x86_64\bin\zip.dll
Event: 0.071 Loaded shared library C:\Users\lenovo\.vscode\extensions\redhat.java-1.55.0-win32-x64\jre\21.0.11-win32-x86_64\bin\instrument.dll
Event: 0.075 Loaded shared library C:\Users\lenovo\.vscode\extensions\redhat.java-1.55.0-win32-x64\jre\21.0.11-win32-x86_64\bin\net.dll
Event: 0.077 Loaded shared library C:\Users\lenovo\.vscode\extensions\redhat.java-1.55.0-win32-x64\jre\21.0.11-win32-x86_64\bin\nio.dll
Event: 0.079 Loaded shared library C:\Users\lenovo\.vscode\extensions\redhat.java-1.55.0-win32-x64\jre\21.0.11-win32-x86_64\bin\zip.dll
Event: 0.089 Loaded shared library C:\Users\lenovo\.vscode\extensions\redhat.java-1.55.0-win32-x64\jre\21.0.11-win32-x86_64\bin\jimage.dll
Event: 0.132 Loaded shared library c:\Users\lenovo\.vscode\extensions\redhat.java-1.55.0-win32-x64\jre\21.0.11-win32-x86_64\bin\verify.dll
Event: 0.929 Loaded shared library C:\Users\lenovo\AppData\Roaming\Code\User\globalStorage\redhat.java\1.55.0\config_win\org.eclipse.equinox.launcher\org.eclipse.equinox.launcher.win32.win32.x86_64_1.3.100.v20260613-0559\eclipse_11924.dll
Event: 4.702 Loaded shared library C:\Users\lenovo\.vscode\extensions\redhat.java-1.55.0-win32-x64\jre\21.0.11-win32-x86_64\bin\management.dll
Event: 4.738 Loaded shared library C:\Users\lenovo\.vscode\extensions\redhat.java-1.55.0-win32-x64\jre\21.0.11-win32-x86_64\bin\management_ext.dll

Deoptimization events (20 events):
Event: 5.145 Thread 0x0000021b66773fd0 Uncommon trap: trap_request=0xffffff45 fr.pc=0x0000021b54515994 relative=0x0000000000000314
Event: 5.145 Thread 0x0000021b66773fd0 Uncommon trap: reason=unstable_if action=reinterpret pc=0x0000021b54515994 method=java.util.Properties.getProperty(Ljava/lang/String;)Ljava/lang/String; @ 36 c2
Event: 5.145 Thread 0x0000021b66773fd0 DEOPT PACKING pc=0x0000021b54515994 sp=0x0000008be94fe830
Event: 5.145 Thread 0x0000021b66773fd0 DEOPT UNPACKING pc=0x0000021b53e76da2 sp=0x0000008be94fe7d8 mode 2
Event: 5.524 Thread 0x0000021b66773fd0 Uncommon trap: trap_request=0xffffff45 fr.pc=0x0000021b54603014 relative=0x0000000000000514
Event: 5.524 Thread 0x0000021b66773fd0 Uncommon trap: reason=unstable_if action=reinterpret pc=0x0000021b54603014 method=java.lang.String.getBytes([BIB)V @ 5 c2
Event: 5.524 Thread 0x0000021b66773fd0 DEOPT PACKING pc=0x0000021b54603014 sp=0x0000008be94fe400
Event: 5.525 Thread 0x0000021b66773fd0 DEOPT UNPACKING pc=0x0000021b53e76da2 sp=0x0000008be94fe2f8 mode 2
Event: 5.605 Thread 0x0000021b66773fd0 Uncommon trap: trap_request=0xffffff45 fr.pc=0x0000021b543f639c relative=0x000000000000065c
Event: 5.605 Thread 0x0000021b66773fd0 Uncommon trap: reason=unstable_if action=reinterpret pc=0x0000021b543f639c method=java.lang.String.replace(Ljava/lang/CharSequence;Ljava/lang/CharSequence;)Ljava/lang/String; @ 42 c2
Event: 5.605 Thread 0x0000021b66773fd0 DEOPT PACKING pc=0x0000021b543f639c sp=0x0000008be94fc030
Event: 5.605 Thread 0x0000021b66773fd0 DEOPT UNPACKING pc=0x0000021b53e76da2 sp=0x0000008be94fbfa0 mode 2
Event: 5.606 Thread 0x0000021b66773fd0 Uncommon trap: trap_request=0xffffffc6 fr.pc=0x0000021b544ac850 relative=0x0000000000000110
Event: 5.606 Thread 0x0000021b66773fd0 Uncommon trap: reason=bimorphic_or_optimized_type_check action=maybe_recompile pc=0x0000021b544ac850 method=java.util.AbstractList$Itr.hasNext()Z @ 8 c2
Event: 5.606 Thread 0x0000021b66773fd0 DEOPT PACKING pc=0x0000021b544ac850 sp=0x0000008be94fb390
Event: 5.606 Thread 0x0000021b66773fd0 DEOPT UNPACKING pc=0x0000021b53e76da2 sp=0x0000008be94fb328 mode 2
Event: 5.606 Thread 0x0000021b66773fd0 Uncommon trap: trap_request=0xffffffde fr.pc=0x0000021b5448fa44 relative=0x00000000000001c4
Event: 5.606 Thread 0x0000021b66773fd0 Uncommon trap: reason=class_check action=maybe_recompile pc=0x0000021b5448fa44 method=java.util.AbstractList$Itr.next()Ljava/lang/Object; @ 14 c2
Event: 5.606 Thread 0x0000021b66773fd0 DEOPT PACKING pc=0x0000021b5448fa44 sp=0x0000008be94fb380
Event: 5.606 Thread 0x0000021b66773fd0 DEOPT UNPACKING pc=0x0000021b53e76da2 sp=0x0000008be94fb318 mode 2

Classes loaded (20 events):
Event: 5.503 Loading class java/io/ClassCache$CacheRef
Event: 5.503 Loading class java/io/ClassCache$CacheRef done
Event: 5.503 Loading class java/io/ObjectStreamClass$FieldReflectorKey
Event: 5.503 Loading class java/io/ObjectStreamClass$FieldReflectorKey done
Event: 5.503 Loading class java/io/ObjectStreamClass$FieldReflector
Event: 5.503 Loading class java/io/ObjectStreamClass$FieldReflector done
Event: 5.504 Loading class java/io/ObjectStreamClass$ClassDataSlot
Event: 5.504 Loading class java/io/ObjectStreamClass$ClassDataSlot done
Event: 5.504 Loading class java/io/ObjectInputStream$FieldValues
Event: 5.504 Loading class java/io/ObjectInputStream$GetField
Event: 5.504 Loading class java/io/ObjectInputStream$GetField done
Event: 5.504 Loading class java/io/ObjectInputStream$FieldValues done
Event: 5.504 Loading class java/io/SerialCallbackContext
Event: 5.504 Loading class java/io/SerialCallbackContext done
Event: 5.505 Loading class java/util/HashMap$UnsafeHolder
Event: 5.512 Loading class java/util/HashMap$UnsafeHolder done
Event: 5.593 Loading class java/nio/charset/IllegalCharsetNameException
Event: 5.594 Loading class java/nio/charset/IllegalCharsetNameException done
Event: 5.606 Loading class java/io/File$TempDirectory
Event: 5.606 Loading class java/io/File$TempDirectory done

Classes unloaded (7 events):
Event: 3.273 Thread 0x0000021b4978fc10 Unloading class 0x0000021b011b1800 'java/lang/invoke/LambdaForm$MH+0x0000021b011b1800'
Event: 3.273 Thread 0x0000021b4978fc10 Unloading class 0x0000021b011b1400 'java/lang/invoke/LambdaForm$MH+0x0000021b011b1400'
Event: 3.273 Thread 0x0000021b4978fc10 Unloading class 0x0000021b011b1000 'java/lang/invoke/LambdaForm$MH+0x0000021b011b1000'
Event: 3.273 Thread 0x0000021b4978fc10 Unloading class 0x0000021b011b0c00 'java/lang/invoke/LambdaForm$MH+0x0000021b011b0c00'
Event: 3.273 Thread 0x0000021b4978fc10 Unloading class 0x0000021b011b0800 'java/lang/invoke/LambdaForm$BMH+0x0000021b011b0800'
Event: 3.273 Thread 0x0000021b4978fc10 Unloading class 0x0000021b011b0400 'java/lang/invoke/LambdaForm$DMH+0x0000021b011b0400'
Event: 3.273 Thread 0x0000021b4978fc10 Unloading class 0x0000021b011ab000 'java/lang/invoke/LambdaForm$DMH+0x0000021b011ab000'

Classes redefined (0 events):
No events

Internal exceptions (20 events):
Event: 3.981 Thread 0x0000021b67fed4e0 Exception <a 'java/lang/NoSuchMethodError'{0x00000000d64ad4c8}: 'int java.lang.invoke.DirectMethodHandle$Holder.invokeStaticInit(java.lang.Object, long, long)'> (0x00000000d64ad4c8) 
thrown [s\src\hotspot\share\interpreter\linkResolver.cpp, line 773]
Event: 3.983 Thread 0x0000021b67fed4e0 Exception <a 'java/lang/NoSuchMethodError'{0x00000000d64b4090}: 'int java.lang.invoke.DirectMethodHandle$Holder.invokeStaticInit(java.lang.Object, float, float)'> (0x00000000d64b4090) 
thrown [s\src\hotspot\share\interpreter\linkResolver.cpp, line 773]
Event: 3.983 Thread 0x0000021b67fed4e0 Exception <a 'java/lang/NoSuchMethodError'{0x00000000d64bab48}: 'int java.lang.invoke.DirectMethodHandle$Holder.invokeStaticInit(java.lang.Object, double, double)'> (0x00000000d64bab48) 
thrown [s\src\hotspot\share\interpreter\linkResolver.cpp, line 773]
Event: 3.984 Thread 0x0000021b67fed4e0 Exception <a 'java/lang/NoSuchMethodError'{0x00000000d64bee38}: 'int java.lang.invoke.DirectMethodHandle$Holder.invokeStatic(java.lang.Object, long)'> (0x00000000d64bee38) 
thrown [s\src\hotspot\share\interpreter\linkResolver.cpp, line 773]
Event: 3.990 Thread 0x0000021b67fed4e0 Exception <a 'java/lang/NoSuchMethodError'{0x00000000d64d0018}: 'int java.lang.invoke.DirectMethodHandle$Holder.invokeSpecial(java.lang.Object, java.lang.Object, int, int)'> (0x00000000d64d0018) 
thrown [s\src\hotspot\share\interpreter\linkResolver.cpp, line 773]
Event: 3.990 Thread 0x0000021b67fece50 Exception <a 'java/lang/NoSuchMethodError'{0x00000000d6496ce0}: 'int java.lang.invoke.DirectMethodHandle$Holder.invokeSpecial(java.lang.Object, java.lang.Object, int, int)'> (0x00000000d6496ce0) 
thrown [s\src\hotspot\share\interpreter\linkResolver.cpp, line 773]
Event: 3.991 Thread 0x0000021b67fed4e0 Exception <a 'java/lang/NoSuchMethodError'{0x00000000d64e41f0}: 'int java.lang.invoke.Invokers$Holder.linkToTargetMethod(java.lang.Object, java.lang.Object)'> (0x00000000d64e41f0) 
thrown [s\src\hotspot\share\interpreter\linkResolver.cpp, line 773]
Event: 3.993 Thread 0x0000021b67fece50 Exception <a 'java/lang/NoSuchMethodError'{0x00000000d64fc9c8}: 'int java.lang.invoke.DirectMethodHandle$Holder.invokeSpecial(java.lang.Object, java.lang.Object, java.lang.Object, java.lang.Object)'> (0x00000000d64fc9c8) 
thrown [s\src\hotspot\share\interpreter\linkResolver.cpp, line 773]
Event: 3.996 Thread 0x0000021b67fece50 Exception <a 'java/lang/NoSuchMethodError'{0x00000000d65164e0}: 'java.lang.Object java.lang.invoke.DirectMethodHandle$Holder.invokeStatic(java.lang.Object, int, java.lang.Object, java.lang.Object)'> (0x00000000d65164e0) 
thrown [s\src\hotspot\share\interpreter\linkResolver.cpp, line 773]
Event: 3.996 Thread 0x0000021b67fece50 Exception <a 'java/lang/NoSuchMethodError'{0x00000000d6519ce0}: 'java.lang.Object java.lang.invoke.DelegatingMethodHandle$Holder.delegate(java.lang.Object, int, java.lang.Object, java.lang.Object)'> (0x00000000d6519ce0) 
thrown [s\src\hotspot\share\interpreter\linkResolver.cpp, line 773]
Event: 4.001 Thread 0x0000021b67fece50 Exception <a 'java/lang/NoSuchMethodError'{0x00000000d654a990}: 'int java.lang.invoke.Invokers$Holder.linkToTargetMethod(java.lang.Object, java.lang.Object, java.lang.Object)'> (0x00000000d654a990) 
thrown [s\src\hotspot\share\interpreter\linkResolver.cpp, line 773]
Event: 4.075 Thread 0x0000021b67fed4e0 Exception <a 'java/lang/NoSuchMethodError'{0x00000000d67c75b8}: 'java.lang.Object java.lang.invoke.DirectMethodHandle$Holder.invokeSpecialIFC(java.lang.Object, java.lang.Object, java.lang.Object, java.lang.Object)'> (0x00000000d67c75b8) 
thrown [s\src\hotspot\share\interpreter\linkResolver.cpp, line 773]
Event: 4.336 Thread 0x0000021b66773fd0 Exception <a 'java/lang/NoSuchMethodError'{0x00000000d5fb8820}: 'java.lang.Object java.lang.invoke.DirectMethodHandle$Holder.invokeStaticInit(java.lang.Object, int, int, int, int)'> (0x00000000d5fb8820) 
thrown [s\src\hotspot\share\interpreter\linkResolver.cpp, line 773]
Event: 4.468 Thread 0x0000021b66773fd0 Exception <a 'java/lang/NoSuchMethodError'{0x00000000d63eff70}: 'java.lang.Object java.lang.invoke.DirectMethodHandle$Holder.invokeStaticInit(java.lang.Object, java.lang.Object, int, int, int, int)'> (0x00000000d63eff70) 
thrown [s\src\hotspot\share\interpreter\linkResolver.cpp, line 773]
Event: 4.809 Thread 0x0000021b67fed4e0 Exception <a 'java/lang/NoClassDefFoundError'{0x00000000d56a1458}: javax/enterprise/inject/Typed> (0x00000000d56a1458) 
thrown [s\src\hotspot\share\classfile\systemDictionary.cpp, line 302]
Event: 5.159 Thread 0x0000021b66773fd0 Exception <a 'java/lang/ClassNotFoundException'{0x00000000d640c2a0}: com/sun/org/apache/xml/internal/serializer/spi/XMLEntitiesProvider> (0x00000000d640c2a0) 
thrown [s\src\hotspot\share\classfile\systemDictionary.cpp, line 313]
Event: 5.453 Thread 0x0000021b66773fd0 Exception <a 'java/lang/NoSuchMethodError'{0x00000000d57665a8}: 'void java.lang.invoke.DirectMethodHandle$Holder.invokeSpecial(java.lang.Object, java.lang.Object, java.lang.Object, int)'> (0x00000000d57665a8) 
thrown [s\src\hotspot\share\interpreter\linkResolver.cpp, line 773]
Event: 5.491 Thread 0x0000021b66773fd0 Exception <a 'java/lang/NoSuchMethodError'{0x00000000d58b2478}: 'long java.lang.invoke.DirectMethodHandle$Holder.invokeSpecial(java.lang.Object, java.lang.Object)'> (0x00000000d58b2478) 
thrown [s\src\hotspot\share\interpreter\linkResolver.cpp, line 773]
Event: 5.491 Thread 0x0000021b66773fd0 Exception <a 'java/lang/NoSuchMethodError'{0x00000000d58b5b60}: 'long java.lang.invoke.Invokers$Holder.invokeExact_MT(java.lang.Object, java.lang.Object)'> (0x00000000d58b5b60) 
thrown [s\src\hotspot\share\interpreter\linkResolver.cpp, line 773]
Event: 5.540 Thread 0x0000021b66773fd0 Exception <a 'java/io/FileNotFoundException'{0x00000000d5a70f28}> (0x00000000d5a70f28) 
thrown [s\src\hotspot\share\prims\jni.cpp, line 520]

ZGC Phase Switch (0 events):
No events

VM Operations (20 events):
Event: 4.280 Executing non-safepoint VM operation: HandshakeAllThreads (Deoptimize)
Event: 4.284 Executing non-safepoint VM operation: HandshakeAllThreads (Deoptimize) done
Event: 4.359 Executing non-safepoint VM operation: HandshakeAllThreads (Deoptimize)
Event: 4.360 Executing non-safepoint VM operation: HandshakeAllThreads (Deoptimize) done
Event: 4.412 Executing non-safepoint VM operation: HandshakeAllThreads (Deoptimize)
Event: 4.412 Executing non-safepoint VM operation: HandshakeAllThreads (Deoptimize) done
Event: 4.757 Executing safepoint VM operation: ParallelGCFailedAllocation (Allocation Failure)
Event: 4.762 Executing safepoint VM operation: ParallelGCFailedAllocation (Allocation Failure) done
Event: 4.766 Executing non-safepoint VM operation: HandshakeAllThreads (Deoptimize)
Event: 4.776 Executing non-safepoint VM operation: HandshakeAllThreads (Deoptimize) done
Event: 5.003 Executing non-safepoint VM operation: HandshakeAllThreads (Deoptimize)
Event: 5.003 Executing non-safepoint VM operation: HandshakeAllThreads (Deoptimize) done
Event: 5.152 Executing non-safepoint VM operation: HandshakeAllThreads (Deoptimize)
Event: 5.152 Executing non-safepoint VM operation: HandshakeAllThreads (Deoptimize) done
Event: 5.265 Executing non-safepoint VM operation: HandshakeAllThreads (Deoptimize)
Event: 5.275 Executing non-safepoint VM operation: HandshakeAllThreads (Deoptimize) done
Event: 5.411 Executing safepoint VM operation: ParallelGCFailedAllocation (Allocation Failure)
Event: 5.413 Executing safepoint VM operation: ParallelGCFailedAllocation (Allocation Failure) done
Event: 5.423 Executing non-safepoint VM operation: HandshakeAllThreads (Deoptimize)
Event: 5.423 Executing non-safepoint VM operation: HandshakeAllThreads (Deoptimize) done

Memory protections (0 events):
No events

Nmethod flushes (0 events):
No events

Events (20 events):
Event: 0.958 Thread 0x0000021b4969cab0 Thread added: 0x0000021b66773940
Event: 0.958 Thread 0x0000021b4969bd90 Thread added: 0x0000021b66774660
Event: 1.002 Thread 0x0000021b4969b700 Thread added: 0x0000021b66772590
Event: 1.023 Thread 0x0000021b473b8960 Thread added: 0x0000021b66773fd0
Event: 1.505 Thread 0x0000021b61bf7ee0 Thread exited: 0x0000021b61bf7ee0
Event: 1.505 Thread 0x0000021b61cf3d70 Thread exited: 0x0000021b61cf3d70
Event: 1.565 Thread 0x0000021b61934c10 Thread added: 0x0000021b61bf1ec0
Event: 1.688 Thread 0x0000021b66773fd0 Thread added: 0x0000021b66775380
Event: 1.770 Thread 0x0000021b66773fd0 Thread added: 0x0000021b66774cf0
Event: 2.213 Thread 0x0000021b66773fd0 Thread added: 0x0000021b66775a10
Event: 2.275 Thread 0x0000021b61bf1ec0 Thread exited: 0x0000021b61bf1ec0
Event: 2.366 Thread 0x0000021b61934c10 Thread added: 0x0000021b675c8550
Event: 2.464 Thread 0x0000021b66773fd0 Thread added: 0x0000021b67fed4e0
Event: 2.501 Thread 0x0000021b66773fd0 Thread added: 0x0000021b67fece50
Event: 3.497 Thread 0x0000021b675c8550 Thread exited: 0x0000021b675c8550
Event: 3.953 Thread 0x0000021b61934c10 Thread added: 0x0000021b6688b2c0
Event: 3.962 Thread 0x0000021b67fed4e0 Thread added: 0x0000021b67fec130
Event: 4.084 Thread 0x0000021b67fec130 Thread added: 0x0000021b67fef5b0
Event: 4.237 Thread 0x0000021b66773fd0 Thread added: 0x0000021b67fedb70
Event: 4.427 Thread 0x0000021b61934c10 Thread added: 0x0000021b6881f920


Dynamic libraries:
0x00007ff73e8a0000 - 0x00007ff73e8ae000 	c:\Users\lenovo\.vscode\extensions\redhat.java-1.55.0-win32-x64\jre\21.0.11-win32-x86_64\bin\java.exe
0x00007ffa85fc0000 - 0x00007ffa86227000 	C:\Windows\SYSTEM32\ntdll.dll
0x00007ffa84960000 - 0x00007ffa84a29000 	C:\Windows\System32\KERNEL32.DLL
0x00007ffa83400000 - 0x00007ffa837ef000 	C:\Windows\System32\KERNELBASE.dll
0x00007ffa838f0000 - 0x00007ffa83a3b000 	C:\Windows\System32\ucrtbase.dll
0x00007ffa571e0000 - 0x00007ffa571fe000 	c:\Users\lenovo\.vscode\extensions\redhat.java-1.55.0-win32-x64\jre\21.0.11-win32-x86_64\bin\VCRUNTIME140.dll
0x00007ffa505e0000 - 0x00007ffa505f8000 	c:\Users\lenovo\.vscode\extensions\redhat.java-1.55.0-win32-x64\jre\21.0.11-win32-x86_64\bin\jli.dll
0x00007ffa85150000 - 0x00007ffa85315000 	C:\Windows\System32\USER32.dll
0x00007ffa83800000 - 0x00007ffa83827000 	C:\Windows\System32\win32u.dll
0x00007ffa69d80000 - 0x00007ffa6a013000 	C:\Windows\WinSxS\amd64_microsoft.windows.common-controls_6595b64144ccf1df_6.0.26100.7309_none_3e05feeae336a044\COMCTL32.dll
0x00007ffa85120000 - 0x00007ffa8514b000 	C:\Windows\System32\GDI32.dll
0x00007ffa848b0000 - 0x00007ffa84959000 	C:\Windows\System32\msvcrt.dll
0x00007ffa83ba0000 - 0x00007ffa83ccc000 	C:\Windows\System32\gdi32full.dll
0x00007ffa83af0000 - 0x00007ffa83b93000 	C:\Windows\System32\msvcp_win.dll
0x00007ffa83dd0000 - 0x00007ffa83e01000 	C:\Windows\System32\IMM32.DLL
0x00007ffa72f90000 - 0x00007ffa72f9c000 	c:\Users\lenovo\.vscode\extensions\redhat.java-1.55.0-win32-x64\jre\21.0.11-win32-x86_64\bin\vcruntime140_1.dll
0x00007ffa250c0000 - 0x00007ffa2514d000 	c:\Users\lenovo\.vscode\extensions\redhat.java-1.55.0-win32-x64\jre\21.0.11-win32-x86_64\bin\msvcp140.dll
0x00007ffa1c3c0000 - 0x00007ffa1d162000 	c:\Users\lenovo\.vscode\extensions\redhat.java-1.55.0-win32-x64\jre\21.0.11-win32-x86_64\bin\server\jvm.dll
0x00007ffa85b30000 - 0x00007ffa85be4000 	C:\Windows\System32\ADVAPI32.dll
0x00007ffa85a80000 - 0x00007ffa85b26000 	C:\Windows\System32\sechost.dll
0x00007ffa85c00000 - 0x00007ffa85d18000 	C:\Windows\System32\RPCRT4.dll
0x00007ffa84080000 - 0x00007ffa840f4000 	C:\Windows\System32\WS2_32.dll
0x00007ffa82f70000 - 0x00007ffa82fce000 	C:\Windows\SYSTEM32\POWRPROF.dll
0x00007ffa7b270000 - 0x00007ffa7b2a5000 	C:\Windows\SYSTEM32\WINMM.dll
0x00007ffa7ad30000 - 0x00007ffa7ad3b000 	C:\Windows\SYSTEM32\VERSION.dll
0x00007ffa82f50000 - 0x00007ffa82f64000 	C:\Windows\SYSTEM32\UMPDC.dll
0x00007ffa81e80000 - 0x00007ffa81e9b000 	C:\Windows\SYSTEM32\kernel.appcore.dll
0x00007ffa72e70000 - 0x00007ffa72e7a000 	c:\Users\lenovo\.vscode\extensions\redhat.java-1.55.0-win32-x64\jre\21.0.11-win32-x86_64\bin\jimage.dll
0x00007ffa80270000 - 0x00007ffa804b2000 	C:\Windows\SYSTEM32\DBGHELP.DLL
0x00007ffa84520000 - 0x00007ffa848a5000 	C:\Windows\System32\combase.dll
0x00007ffa84a30000 - 0x00007ffa84b06000 	C:\Windows\System32\OLEAUT32.dll
0x00007ffa5ade0000 - 0x00007ffa5ae1c000 	C:\Windows\SYSTEM32\dbgcore.DLL
0x00007ffa83a40000 - 0x00007ffa83ae5000 	C:\Windows\System32\bcryptPrimitives.dll
0x00007ffa652b0000 - 0x00007ffa652bf000 	c:\Users\lenovo\.vscode\extensions\redhat.java-1.55.0-win32-x64\jre\21.0.11-win32-x86_64\bin\instrument.dll
0x00007ffa5a8f0000 - 0x00007ffa5a910000 	c:\Users\lenovo\.vscode\extensions\redhat.java-1.55.0-win32-x64\jre\21.0.11-win32-x86_64\bin\java.dll
0x00007ffa85320000 - 0x00007ffa85a73000 	C:\Windows\System32\SHELL32.dll
0x00007ffa83110000 - 0x00007ffa8327a000 	C:\Windows\System32\wintypes.dll
0x00007ffa80cd0000 - 0x00007ffa8152e000 	C:\Windows\SYSTEM32\windows.storage.dll
0x00007ffa843c0000 - 0x00007ffa844b5000 	C:\Windows\System32\SHCORE.dll
0x00007ffa83d60000 - 0x00007ffa83dc6000 	C:\Windows\System32\shlwapi.dll
0x00007ffa83030000 - 0x00007ffa83059000 	C:\Windows\SYSTEM32\profapi.dll
0x00007ffa53e70000 - 0x00007ffa53e88000 	c:\Users\lenovo\.vscode\extensions\redhat.java-1.55.0-win32-x64\jre\21.0.11-win32-x86_64\bin\zip.dll
0x00007ffa64730000 - 0x00007ffa64740000 	C:\Users\lenovo\.vscode\extensions\redhat.java-1.55.0-win32-x64\jre\21.0.11-win32-x86_64\bin\net.dll
0x00007ffa74a50000 - 0x00007ffa74b78000 	C:\Windows\SYSTEM32\WINHTTP.dll
0x00007ffa823d0000 - 0x00007ffa8243b000 	C:\Windows\system32\mswsock.dll
0x00007ffa4fa20000 - 0x00007ffa4fa36000 	C:\Users\lenovo\.vscode\extensions\redhat.java-1.55.0-win32-x64\jre\21.0.11-win32-x86_64\bin\nio.dll
0x00007ffa63a80000 - 0x00007ffa63a90000 	c:\Users\lenovo\.vscode\extensions\redhat.java-1.55.0-win32-x64\jre\21.0.11-win32-x86_64\bin\verify.dll
0x00007ffa42d10000 - 0x00007ffa42d55000 	C:\Users\lenovo\AppData\Roaming\Code\User\globalStorage\redhat.java\1.55.0\config_win\org.eclipse.equinox.launcher\org.eclipse.equinox.launcher.win32.win32.x86_64_1.3.100.v20260613-0559\eclipse_11924.dll
0x00007ffa84210000 - 0x00007ffa843a7000 	C:\Windows\System32\ole32.dll
0x00007ffa827c0000 - 0x00007ffa827db000 	C:\Windows\SYSTEM32\CRYPTSP.dll
0x00007ffa81de0000 - 0x00007ffa81e1a000 	C:\Windows\system32\rsaenh.dll
0x00007ffa82480000 - 0x00007ffa824ab000 	C:\Windows\SYSTEM32\USERENV.dll
0x00007ffa83000000 - 0x00007ffa8302a000 	C:\Windows\SYSTEM32\bcrypt.dll
0x00007ffa82620000 - 0x00007ffa8262c000 	C:\Windows\SYSTEM32\CRYPTBASE.dll
0x00007ffa81920000 - 0x00007ffa81954000 	C:\Windows\SYSTEM32\IPHLPAPI.DLL
0x00007ffa843b0000 - 0x00007ffa843ba000 	C:\Windows\System32\NSI.dll
0x00007ffa62ac0000 - 0x00007ffa62aca000 	C:\Users\lenovo\.vscode\extensions\redhat.java-1.55.0-win32-x64\jre\21.0.11-win32-x86_64\bin\management.dll
0x00007ffa60e10000 - 0x00007ffa60e1c000 	C:\Users\lenovo\.vscode\extensions\redhat.java-1.55.0-win32-x64\jre\21.0.11-win32-x86_64\bin\management_ext.dll
0x00007ffa85110000 - 0x00007ffa85118000 	C:\Windows\System32\PSAPI.DLL

JVMTI agents:
c:\Users\lenovo\.vscode\extensions\redhat.java-1.55.0-win32-x64\lombok\lombok-1.18.39-4050.jar path:c:\Users\lenovo\.vscode\extensions\redhat.java-1.55.0-win32-x64\jre\21.0.11-win32-x86_64\bin\instrument.dll, loaded, initialized, instrumentlib options:none

dbghelp: loaded successfully - version: 4.0.5 - missing functions: none
symbol engine: initialized successfully - sym options: 0x614 - pdb path: .;c:\Users\lenovo\.vscode\extensions\redhat.java-1.55.0-win32-x64\jre\21.0.11-win32-x86_64\bin;C:\Windows\SYSTEM32;C:\Windows\WinSxS\amd64_microsoft.windows.common-controls_6595b64144ccf1df_6.0.26100.7309_none_3e05feeae336a044;c:\Users\lenovo\.vscode\extensions\redhat.java-1.55.0-win32-x64\jre\21.0.11-win32-x86_64\bin\server;C:\Users\lenovo\AppData\Roaming\Code\User\globalStorage\redhat.java\1.55.0\config_win\org.eclipse.equinox.launcher\org.eclipse.equinox.launcher.win32.win32.x86_64_1.3.100.v20260613-0559

VM Arguments:
jvm_args: --add-modules=ALL-SYSTEM --add-opens=java.base/java.util=ALL-UNNAMED --add-opens=java.base/java.lang=ALL-UNNAMED --add-opens=java.base/sun.nio.fs=ALL-UNNAMED -Declipse.application=org.eclipse.jdt.ls.core.id1 -Dosgi.bundles.defaultStartLevel=4 -Declipse.product=org.eclipse.jdt.ls.core.product -Djava.import.generatesMetadataFilesAtProjectRoot=false -DDetectVMInstallationsJob.disabled=true -Dfile.encoding=utf8 -XX:+UseParallelGC -XX:GCTimeRatio=4 -XX:AdaptiveSizePolicyWeight=90 -Dsun.zip.disableMemoryMapping=true -Xmx2G -Xms100m -Xlog:disable -javaagent:c:\Users\lenovo\.vscode\extensions\redhat.java-1.55.0-win32-x64\lombok\lombok-1.18.39-4050.jar -XX:+HeapDumpOnOutOfMemoryError -XX:HeapDumpPath=c:\Users\lenovo\AppData\Roaming\Code\User\workspaceStorage\3ccf0c871bdb3054dc9797006317609d\redhat.java -Daether.dependencyCollector.impl=bf 
java_command: c:\Users\lenovo\.vscode\extensions\redhat.java-1.55.0-win32-x64\server\plugins\org.eclipse.equinox.launcher_1.7.200.v20260619-2039.jar -configuration c:\Users\lenovo\AppData\Roaming\Code\User\globalStorage\redhat.java\1.55.0\config_win -data c:\Users\lenovo\AppData\Roaming\Code\User\workspaceStorage\3ccf0c871bdb3054dc9797006317609d\redhat.java\jdt_ws --pipe=\\.\pipe\lsp-04ae0fede44195eaa55d70f11b56bd3f-sock
java_class_path (initial): c:\Users\lenovo\.vscode\extensions\redhat.java-1.55.0-win32-x64\server\plugins\org.eclipse.equinox.launcher_1.7.200.v20260619-2039.jar
Launcher Type: SUN_STANDARD

[Global flags]
    uintx AdaptiveSizePolicyWeight                 = 90                                        {product} {command line}
     intx CICompilerCount                          = 4                                         {product} {ergonomic}
    uintx GCTimeRatio                              = 4                                         {product} {command line}
     bool HeapDumpOnOutOfMemoryError               = true                                   {manageable} {command line}
    ccstr HeapDumpPath                             = c:\Users\lenovo\AppData\Roaming\Code\User\workspaceStorage\3ccf0c871bdb3054dc9797006317609d\redhat.java         {manageable} {command line}
   size_t InitialHeapSize                          = 104857600                                 {product} {command line}
   size_t MaxHeapSize                              = 2147483648                                {product} {command line}
   size_t MaxNewSize                               = 715653120                                 {product} {ergonomic}
   size_t MinHeapDeltaBytes                        = 524288                                    {product} {ergonomic}
   size_t MinHeapSize                              = 104857600                                 {product} {command line}
   size_t NewSize                                  = 34603008                                  {product} {ergonomic}
    uintx NonNMethodCodeHeapSize                   = 5839372                                {pd product} {ergonomic}
    uintx NonProfiledCodeHeapSize                  = 122909434                              {pd product} {ergonomic}
   size_t OldSize                                  = 70254592                                  {product} {ergonomic}
    uintx ProfiledCodeHeapSize                     = 122909434                              {pd product} {ergonomic}
    uintx ReservedCodeCacheSize                    = 251658240                              {pd product} {ergonomic}
     bool SegmentedCodeCache                       = true                                      {product} {ergonomic}
   size_t SoftMaxHeapSize                          = 2147483648                             {manageable} {ergonomic}
     bool UseCompressedOops                        = true                           {product lp64_product} {ergonomic}
     bool UseLargePagesIndividualAllocation        = false                                  {pd product} {ergonomic}
     bool UseParallelGC                            = true                                      {product} {command line}

Logging:
Log output configuration:
 #0: stdout all=off uptime,level,tags foldmultilines=false
 #1: stderr all=off uptime,level,tags foldmultilines=false

Release file:
JAVA_VERSION="21.0.11" 
MODULES="java.base java.compiler java.datatransfer java.xml java.prefs java.desktop java.instrument java.logging java.management java.security.sasl java.naming java.rmi java.management.rmi java.net.http java.scripting java.security.jgss java.transaction.xa java.sql java.sql.rowset java.xml.crypto java.se java.smartcardio jdk.accessibility jdk.internal.jvmstat jdk.attach jdk.charsets jdk.internal.opt jdk.zipfs jdk.compiler jdk.crypto.ec jdk.crypto.cryptoki jdk.crypto.mscapi jdk.dynalink jdk.internal.ed jdk.editpad jdk.hotspot.agent jdk.httpserver jdk.internal.le jdk.internal.vm.ci jdk.internal.vm.compiler jdk.internal.vm.compiler.management jdk.jartool jdk.javadoc jdk.jcmd jdk.management jdk.management.agent jdk.jconsole jdk.jdeps jdk.jdwp.agent jdk.jdi jdk.jfr jdk.jshell jdk.jsobject jdk.jstatd jdk.localedata jdk.management.jfr jdk.naming.dns jdk.naming.rmi jdk.net jdk.nio.mapmode jdk.random jdk.sctp jdk.security.auth jdk.security.jgss jdk.unsupported jdk.unsupported.desktop jdk.xml.dom" 

Environment Variables:
PATH=C:\ProgramData\chocolatey\bin;C:\Windows\system32;C:\Windows;C:\Windows\System32\Wbem;C:\Windows\System32\WindowsPowerShell\v1.0\;C:\Windows\System32\OpenSSH\;C:\Program Files\nodejs\;C:\Program Files\Git\cmd;C:\Program Files\cursor\resources\app\bin;C:\Program Files\PuTTY\;C:\Program Files\Docker\Docker\resources\bin;%MAVEN_HOME%\bin;C:\Program Files\maven\apache-maven-3.9.12\bin;C:\Program Files\jdk\jdk-21.0.8_windows-x64_bin\jdk-21.0.8\bin;C:\Users\lenovo\flutter\bin;D:\New folder\bin\;C:\Users\lenovo\AppData\Local\Microsoft\WindowsApps;C:\Users\lenovo\AppData\Local\Programs\Microsoft VS Code\bin;C:\Users\lenovo\AppData\Roaming\npm;%MAVEN_HOME%\bin;;C:\tools\dart-sdk\bin;C:\Users\lenovo\AppData\Local\Pub\Cache\bin
USERNAME=lenovo
OS=Windows_NT
PROCESSOR_IDENTIFIER=Intel64 Family 6 Model 140 Stepping 1, GenuineIntel
TMP=C:\Users\lenovo\AppData\Local\Temp
TEMP=C:\Users\lenovo\AppData\Local\Temp




Periodic native trim disabled

---------------  S Y S T E M  ---------------

OS:
 Windows 11 , 64 bit Build 26100 (10.0.26100.7309)
OS uptime: 1 days 10:58 hours
Hyper-V role detected

CPU: total 8 (initial active 8) (4 cores per cpu, 2 threads per core) family 6 model 140 stepping 1 microcode 0xbe, cx8, cmov, fxsr, ht, mmx, 3dnowpref, sse, sse2, sse3, ssse3, sse4.1, sse4.2, popcnt, lzcnt, tsc, tscinvbit, avx, avx2, aes, erms, clmul, bmi1, bmi2, adx, avx512f, avx512dq, avx512cd, avx512bw, avx512vl, sha, fma, vzeroupper, avx512_vpopcntdq, avx512_vpclmulqdq, avx512_vaes, avx512_vnni, clflush, clflushopt, clwb, avx512_vbmi2, avx512_vbmi, hv, rdtscp, rdpid, fsrm, gfni, avx512_bitalg, f16c, cet_ibt, cet_ss, avx512_ifma
Processor Information for the first 8 processors :
  Max Mhz: 2419, Current Mhz: 907, Mhz Limit: 895

Memory: 4k page, system-wide physical 7856M (983M free)
TotalPageFile size 9979M (AvailPageFile size 1M)
current process WorkingSet (physical memory assigned to process): 192M, peak: 206M
current process commit charge ("private bytes"): 316M, peak: 332M

vm_info: OpenJDK 64-Bit Server VM (21.0.11+10-LTS) for windows-amd64 JRE (21.0.11+10-LTS), built on 2026-04-21T00:00:00Z by "admin" with MS VC++ 17.12 (VS2022)

END.
