#
# There is insufficient memory for the Java Runtime Environment to continue.
# Native memory allocation (malloc) failed to allocate 1048576 bytes. Error detail: AllocateHeap
# Possible reasons:
#   The system is out of physical RAM or swap space
#   This process is running with CompressedOops enabled, and the Java Heap may be blocking the growth of the native heap
# Possible solutions:
#   Reduce memory load on the system
#   Increase physical memory or swap space
#   Check if swap backing store is full
#   Decrease Java heap size (-Xmx/-Xms)
#   Decrease number of Java threads
#   Decrease Java thread stack sizes (-Xss)
#   Set larger code cache with -XX:ReservedCodeCacheSize=
#   JVM is running with Unscaled Compressed Oops mode in which the Java heap is
#     placed in the first 4GB address space. The Java Heap base address is the
#     maximum limit for the native heap growth. Please use -XX:HeapBaseMinAddress
#     to set the Java Heap base and to place the Java Heap above 4GB virtual address.
# This output file may be truncated or incomplete.
#
#  Out of Memory Error (allocation.cpp:44), pid=4304, tid=3332
#
# JRE version: OpenJDK Runtime Environment Temurin-21.0.11+10 (21.0.11+10) (build 21.0.11+10-LTS)
# Java VM: OpenJDK 64-Bit Server VM Temurin-21.0.11+10 (21.0.11+10-LTS, mixed mode, sharing, tiered, compressed oops, compressed class ptrs, parallel gc, windows-amd64)
# No core dump will be written. Minidumps are not enabled by default on client versions of Windows
#

---------------  S U M M A R Y ------------

Command Line: --add-modules=ALL-SYSTEM --add-opens=java.base/java.util=ALL-UNNAMED --add-opens=java.base/java.lang=ALL-UNNAMED --add-opens=java.base/sun.nio.fs=ALL-UNNAMED -Declipse.application=org.eclipse.jdt.ls.core.id1 -Dosgi.bundles.defaultStartLevel=4 -Declipse.product=org.eclipse.jdt.ls.core.product -Djava.import.generatesMetadataFilesAtProjectRoot=false -DDetectVMInstallationsJob.disabled=true -Dfile.encoding=utf8 -XX:+UseParallelGC -XX:GCTimeRatio=4 -XX:AdaptiveSizePolicyWeight=90 -Dsun.zip.disableMemoryMapping=true -Xmx2G -Xms100m -Xlog:disable -javaagent:c:\Users\lenovo\.cursor\extensions\redhat.java-1.55.0-win32-x64\lombok\lombok-1.18.39-4050.jar -XX:+HeapDumpOnOutOfMemoryError -XX:HeapDumpPath=c:\Users\lenovo\AppData\Roaming\Cursor\User\workspaceStorage\3ccf0c871bdb3054dc9797006317609d\redhat.java -Daether.dependencyCollector.impl=bf c:\Users\lenovo\.cursor\extensions\redhat.java-1.55.0-win32-x64\server\plugins\org.eclipse.equinox.launcher_1.7.200.v20260619-2039.jar -configuration c:\Users\lenovo\AppData\Roaming\Cursor\User\globalStorage\redhat.java\1.55.0\config_win -data c:\Users\lenovo\AppData\Roaming\Cursor\User\workspaceStorage\3ccf0c871bdb3054dc9797006317609d\redhat.java\jdt_ws --pipe=\\.\pipe\lsp-2d1524581cc69ed77da154cbe78ae0d0-sock

Host: 11th Gen Intel(R) Core(TM) i5-1135G7 @ 2.40GHz, 8 cores, 7G,  Windows 11 , 64 bit Build 26100 (10.0.26100.7309)
Time: Tue Jul 14 19:01:18 2026 E. Africa Standard Time elapsed time: 474.031876 seconds (0d 0h 7m 54s)

---------------  T H R E A D  ---------------

Current thread (0x000001ac91122b50):  JavaThread "Attach Listener" daemon [_thread_in_vm, id=3332, stack(0x000000a876a00000,0x000000a876b00000) (1024K)]

Stack: [0x000000a876a00000,0x000000a876b00000]
Native frames: (J=compiled Java code, j=interpreted, Vv=VM code, C=native code)
V  [jvm.dll+0x6d7e19]
V  [jvm.dll+0x8b5096]
V  [jvm.dll+0x8b764e]
V  [jvm.dll+0x8b7d33]
V  [jvm.dll+0x284596]
V  [jvm.dll+0xc13c7]
V  [jvm.dll+0x6d86c9]
V  [jvm.dll+0x133616]
V  [jvm.dll+0x3f868e]
V  [jvm.dll+0x85fb0d]
V  [jvm.dll+0x6d664d]
C  [ucrtbase.dll+0x37b0]
C  [KERNEL32.DLL+0x2e8d7]
C  [ntdll.dll+0x8c53c]


---------------  P R O C E S S  ---------------

Threads class SMR info:
_java_thread_list=0x000001acf95f2790, length=59, elements={
0x000001ac8ed78a00, 0x000001ac9111cd50, 0x000001ac91120140, 0x000001ac91121130,
0x000001ac91122b50, 0x000001ac91125f90, 0x000001ac91126c50, 0x000001ac9112dd50,
0x000001ac9115e360, 0x000001acea6a26b0, 0x000001acea6ad650, 0x000001acef7aa580,
0x000001acef39bc20, 0x000001acef39b590, 0x000001acef39cfd0, 0x000001acef39af00,
0x000001acef39d660, 0x000001acef39a870, 0x000001acf09b11c0, 0x000001acf09b2570,
0x000001acf09b1ee0, 0x000001acf09b3920, 0x000001acf18dacd0, 0x000001acf18dc710,
0x000001acf18dcda0, 0x000001acf18da640, 0x000001acf18de7e0, 0x000001acf18dc080,
0x000001acf18dee70, 0x000001acf18dd430, 0x000001acf18ddac0, 0x000001acf18db9f0,
0x000001acf18dfb90, 0x000001acf18e0220, 0x000001acf0c01030, 0x000001acf18e08b0,
0x000001acf18e0f40, 0x000001acf0487660, 0x000001acf0489dc0, 0x000001acf048b170,
0x000001acf0487cf0, 0x000001acf048b800, 0x000001acf0488380, 0x000001acf048a450,
0x000001acf048be90, 0x000001acf048d8d0, 0x000001acfb204150, 0x000001acfb206220,
0x000001acfb205b90, 0x000001acfb205500, 0x000001acfb2068b0, 0x000001acfb209d30,
0x000001acfb20a3c0, 0x000001acfb208980, 0x000001acfb20aa50, 0x000001acf0bfef60,
0x000001acf0bfd520, 0x000001acf09b3fb0, 0x000001acf09b0b30
}

Java Threads: ( => current thread )
  0x000001ac8ed78a00 JavaThread "main"                              [_thread_blocked, id=26580, stack(0x000000a876300000,0x000000a876400000) (1024K)]
  0x000001ac9111cd50 JavaThread "Reference Handler"          daemon [_thread_blocked, id=19612, stack(0x000000a876700000,0x000000a876800000) (1024K)]
  0x000001ac91120140 JavaThread "Finalizer"                  daemon [_thread_blocked, id=13624, stack(0x000000a876800000,0x000000a876900000) (1024K)]
  0x000001ac91121130 JavaThread "Signal Dispatcher"          daemon [_thread_blocked, id=25328, stack(0x000000a876900000,0x000000a876a00000) (1024K)]
=>0x000001ac91122b50 JavaThread "Attach Listener"            daemon [_thread_in_vm, id=3332, stack(0x000000a876a00000,0x000000a876b00000) (1024K)]
  0x000001ac91125f90 JavaThread "Service Thread"             daemon [_thread_blocked, id=20212, stack(0x000000a876b00000,0x000000a876c00000) (1024K)]
  0x000001ac91126c50 JavaThread "Monitor Deflation Thread"   daemon [_thread_blocked, id=18552, stack(0x000000a876c00000,0x000000a876d00000) (1024K)]
  0x000001ac9112dd50 JavaThread "C2 CompilerThread0"         daemon [_thread_blocked, id=5312, stack(0x000000a876d00000,0x000000a876e00000) (1024K)]
  0x000001ac9115e360 JavaThread "C1 CompilerThread0"         daemon [_thread_blocked, id=17128, stack(0x000000a876e00000,0x000000a876f00000) (1024K)]
  0x000001acea6a26b0 JavaThread "Common-Cleaner"             daemon [_thread_blocked, id=7448, stack(0x000000a876f00000,0x000000a877000000) (1024K)]
  0x000001acea6ad650 JavaThread "Notification Thread"        daemon [_thread_blocked, id=23528, stack(0x000000a877000000,0x000000a877100000) (1024K)]
  0x000001acef7aa580 JavaThread "Active Thread: Equinox Container: fd2126aa-5128-4d42-a9a2-6ad12cc38fd7"        [_thread_blocked, id=19276, stack(0x000000a877d00000,0x000000a877e00000) (1024K)]
  0x000001acef39bc20 JavaThread "Framework Event Dispatcher: Equinox Container: fd2126aa-5128-4d42-a9a2-6ad12cc38fd7" daemon [_thread_blocked, id=4348, stack(0x000000a877e00000,0x000000a877f00000) (1024K)]
  0x000001acef39b590 JavaThread "Start Level: Equinox Container: fd2126aa-5128-4d42-a9a2-6ad12cc38fd7" daemon [_thread_blocked, id=1244, stack(0x000000a878000000,0x000000a878100000) (1024K)]
  0x000001acef39cfd0 JavaThread "Bundle File Closer"         daemon [_thread_blocked, id=26360, stack(0x000000a878200000,0x000000a878300000) (1024K)]
  0x000001acef39af00 JavaThread "Refresh Thread: Equinox Container: fd2126aa-5128-4d42-a9a2-6ad12cc38fd7" daemon [_thread_blocked, id=21532, stack(0x000000a878300000,0x000000a878400000) (1024K)]
  0x000001acef39d660 JavaThread "SCR Component Actor"        daemon [_thread_blocked, id=21808, stack(0x000000a877700000,0x000000a877800000) (1024K)]
  0x000001acef39a870 JavaThread "Worker-JM"                         [_thread_blocked, id=22640, stack(0x000000a877900000,0x000000a877a00000) (1024K)]
  0x000001acf09b11c0 JavaThread "Worker-3"                          [_thread_blocked, id=22736, stack(0x000000a878100000,0x000000a878200000) (1024K)]
  0x000001acf09b2570 JavaThread "Java indexing"              daemon [_thread_blocked, id=8752, stack(0x000000a878500000,0x000000a878600000) (1024K)]
  0x000001acf09b1ee0 JavaThread "JNA Cleaner"                daemon [_thread_blocked, id=18668, stack(0x000000a878600000,0x000000a878700000) (1024K)]
  0x000001acf09b3920 JavaThread "Worker-4"                          [_thread_blocked, id=23740, stack(0x000000a878900000,0x000000a878a00000) (1024K)]
  0x000001acf18dacd0 JavaThread "Thread-1"                   daemon [_thread_in_native, id=18900, stack(0x000000a878c00000,0x000000a878d00000) (1024K)]
  0x000001acf18dc710 JavaThread "Thread-2"                   daemon [_thread_in_native, id=10828, stack(0x000000a878d00000,0x000000a878e00000) (1024K)]
  0x000001acf18dcda0 JavaThread "Thread-3"                   daemon [_thread_in_native, id=4428, stack(0x000000a878e00000,0x000000a878f00000) (1024K)]
  0x000001acf18da640 JavaThread "Thread-4"                   daemon [_thread_in_native, id=24956, stack(0x000000a878f00000,0x000000a879000000) (1024K)]
  0x000001acf18de7e0 JavaThread "Thread-5"                   daemon [_thread_in_native, id=24304, stack(0x000000a879000000,0x000000a879100000) (1024K)]
  0x000001acf18dc080 JavaThread "Thread-6"                   daemon [_thread_in_native, id=25252, stack(0x000000a879100000,0x000000a879200000) (1024K)]
  0x000001acf18dee70 JavaThread "Thread-7"                   daemon [_thread_in_native, id=7888, stack(0x000000a879200000,0x000000a879300000) (1024K)]
  0x000001acf18dd430 JavaThread "Thread-8"                   daemon [_thread_in_native, id=25680, stack(0x000000a879300000,0x000000a879400000) (1024K)]
  0x000001acf18ddac0 JavaThread "Thread-9"                   daemon [_thread_in_native, id=1372, stack(0x000000a879400000,0x000000a879500000) (1024K)]
  0x000001acf18db9f0 JavaThread "pool-2-thread-1"                   [_thread_blocked, id=19504, stack(0x000000a879500000,0x000000a879600000) (1024K)]
  0x000001acf18dfb90 JavaThread "WorkspaceEventsHandler"            [_thread_blocked, id=19140, stack(0x000000a879600000,0x000000a879700000) (1024K)]
  0x000001acf18e0220 JavaThread "pool-1-thread-1"                   [_thread_blocked, id=25528, stack(0x000000a879700000,0x000000a879800000) (1024K)]
  0x000001acf0c01030 JavaThread "PatternSearchJob-worker-1"  daemon [_thread_blocked, id=9096, stack(0x000000a876100000,0x000000a876200000) (1024K)]
  0x000001acf18e08b0 JavaThread "LocalFile Deleter"          daemon [_thread_blocked, id=17560, stack(0x000000a878400000,0x000000a878500000) (1024K)]
  0x000001acf18e0f40 JavaThread "LocalFile Deleter"          daemon [_thread_blocked, id=12904, stack(0x000000a878b00000,0x000000a878c00000) (1024K)]
  0x000001acf0487660 JavaThread "LocalFile Deleter"          daemon [_thread_blocked, id=7320, stack(0x000000a879d00000,0x000000a879e00000) (1024K)]
  0x000001acf0489dc0 JavaThread "LocalFile Deleter"          daemon [_thread_blocked, id=22944, stack(0x000000a879e00000,0x000000a879f00000) (1024K)]
  0x000001acf048b170 JavaThread "Compiler Source File Reader" daemon [_thread_blocked, id=20088, stack(0x000000a879f00000,0x000000a87a000000) (1024K)]
  0x000001acf0487cf0 JavaThread "Compiler Source File Reader" daemon [_thread_blocked, id=22836, stack(0x000000a87a000000,0x000000a87a100000) (1024K)]
  0x000001acf048b800 JavaThread "Compiler Source File Reader" daemon [_thread_blocked, id=18344, stack(0x000000a87a100000,0x000000a87a200000) (1024K)]
  0x000001acf0488380 JavaThread "Compiler Source File Reader" daemon [_thread_blocked, id=8044, stack(0x000000a87a200000,0x000000a87a300000) (1024K)]
  0x000001acf048a450 JavaThread "Compiler Source File Reader" daemon [_thread_blocked, id=5944, stack(0x000000a87a300000,0x000000a87a400000) (1024K)]
  0x000001acf048be90 JavaThread "Compiler Source File Reader" daemon [_thread_blocked, id=23188, stack(0x000000a87a400000,0x000000a87a500000) (1024K)]
  0x000001acf048d8d0 JavaThread "Compiler Class File Writer" daemon [_thread_blocked, id=19004, stack(0x000000a87a900000,0x000000a87aa00000) (1024K)]
  0x000001acfb204150 JavaThread "Compiler Class File Writer" daemon [_thread_blocked, id=23656, stack(0x000000a87aa00000,0x000000a87ab00000) (1024K)]
  0x000001acfb206220 JavaThread "Compiler Class File Writer" daemon [_thread_blocked, id=24524, stack(0x000000a87ab00000,0x000000a87ac00000) (1024K)]
  0x000001acfb205b90 JavaThread "Compiler Class File Writer" daemon [_thread_blocked, id=23372, stack(0x000000a87ac00000,0x000000a87ad00000) (1024K)]
  0x000001acfb205500 JavaThread "Compiler Class File Writer" daemon [_thread_blocked, id=26200, stack(0x000000a87ad00000,0x000000a87ae00000) (1024K)]
  0x000001acfb2068b0 JavaThread "Compiler Class File Writer" daemon [_thread_blocked, id=14180, stack(0x000000a87ae00000,0x000000a87af00000) (1024K)]
  0x000001acfb209d30 JavaThread "PatternSearchJob-worker-2"  daemon [_thread_blocked, id=24548, stack(0x000000a876200000,0x000000a876300000) (1024K)]
  0x000001acfb20a3c0 JavaThread "PatternSearchJob-worker-3"  daemon [_thread_blocked, id=19584, stack(0x000000a877c00000,0x000000a877d00000) (1024K)]
  0x000001acfb208980 JavaThread "PatternSearchJob-worker-4"  daemon [_thread_blocked, id=20340, stack(0x000000a878800000,0x000000a878900000) (1024K)]
  0x000001acfb20aa50 JavaThread "PatternSearchJob-worker-5"  daemon [_thread_blocked, id=24372, stack(0x000000a87af00000,0x000000a87b000000) (1024K)]
  0x000001acf0bfef60 JavaThread "PatternSearchJob-worker-6"  daemon [_thread_blocked, id=5204, stack(0x000000a87b000000,0x000000a87b100000) (1024K)]
  0x000001acf0bfd520 JavaThread "PatternSearchJob-worker-7"  daemon [_thread_blocked, id=24328, stack(0x000000a87b100000,0x000000a87b200000) (1024K)]
  0x000001acf09b3fb0 JavaThread "ForkJoinPool.commonPool-worker-4" daemon [_thread_blocked, id=18560, stack(0x000000a877a00000,0x000000a877b00000) (1024K)]
  0x000001acf09b0b30 JavaThread "ForkJoinPool.commonPool-worker-5" daemon [_thread_blocked, id=20144, stack(0x000000a878a00000,0x000000a878b00000) (1024K)]
Total: 59

Other Threads:
  0x000001ac9126e850 VMThread "VM Thread"                           [id=10432, stack(0x000000a876600000,0x000000a876700000) (1024K)]
  0x000001ac91218580 WatcherThread "VM Periodic Task Thread"        [id=13528, stack(0x000000a876500000,0x000000a876600000) (1024K)]
  0x000001ac911c9f10 WorkerThread "GC Thread#0"                     [id=21124, stack(0x000000a876400000,0x000000a876500000) (1024K)]
  0x000001acef0c5ad0 WorkerThread "GC Thread#1"                     [id=19452, stack(0x000000a877100000,0x000000a877200000) (1024K)]
  0x000001acea7a9450 WorkerThread "GC Thread#2"                     [id=19108, stack(0x000000a877200000,0x000000a877300000) (1024K)]
  0x000001acea7a9800 WorkerThread "GC Thread#3"                     [id=25240, stack(0x000000a877300000,0x000000a877400000) (1024K)]
  0x000001acef59f430 WorkerThread "GC Thread#4"                     [id=22392, stack(0x000000a877400000,0x000000a877500000) (1024K)]
  0x000001acef59f7e0 WorkerThread "GC Thread#5"                     [id=13104, stack(0x000000a877500000,0x000000a877600000) (1024K)]
  0x000001acef512860 WorkerThread "GC Thread#6"                     [id=16948, stack(0x000000a877600000,0x000000a877700000) (1024K)]
  0x000001acef7e0bd0 WorkerThread "GC Thread#7"                     [id=25816, stack(0x000000a877f00000,0x000000a878000000) (1024K)]
Total: 10

Threads with active compile tasks:
Total: 0

VM state: not at safepoint (normal execution)

VM Mutex/Monitor currently owned by a thread: None

Heap address: 0x0000000080000000, size: 2048 MB, Compressed Oops mode: 32-bit

CDS archive(s) mapped at: [0x000001aca8000000-0x000001aca8ba0000-0x000001aca8ba0000), size 12189696, SharedBaseAddress: 0x000001aca8000000, ArchiveRelocationMode: 1.
Compressed class space mapped at: 0x000001aca9000000-0x000001ace9000000, reserved size: 1073741824
Narrow klass base: 0x000001aca8000000, Narrow klass shift: 0, Narrow klass range: 0x100000000

GC Precious Log:
 CardTable entry size: 512
 CPUs: 8 total, 8 available
 Memory: 7856M
 Large Page Support: Disabled
 NUMA Support: Disabled
 Compressed Oops: Enabled (32-bit)
 Alignments: Space 512K, Generation 512K, Heap 2M
 Heap Min Capacity: 100M
 Heap Initial Capacity: 100M
 Heap Max Capacity: 2G
 Pre-touch: Disabled
 Parallel Workers: 8

Heap:
 PSYoungGen      total 4608K, used 2680K [0x00000000d5580000, 0x00000000d5b80000, 0x0000000100000000)
  eden space 3584K, 70% used [0x00000000d5580000,0x00000000d57f6208,0x00000000d5900000)
  from space 1024K, 15% used [0x00000000d5a00000,0x00000000d5a28000,0x00000000d5b00000)
  to   space 512K, 0% used [0x00000000d5b00000,0x00000000d5b00000,0x00000000d5b80000)
 ParOldGen       total 780800K, used 421545K [0x0000000080000000, 0x00000000afa80000, 0x00000000d5580000)
  object space 780800K, 53% used [0x0000000080000000,0x0000000099baa678,0x00000000afa80000)
 Metaspace       used 82530K, committed 84352K, reserved 1179648K
  class space    used 8400K, committed 9216K, reserved 1048576K

Card table byte_map: [0x000001ac90b50000,0x000001ac90f60000] _byte_map_base: 0x000001ac90750000

Marking Bits: (ParMarkBitMap*) 0x00007ffca2dc4460
 Begin Bits: [0x000001aca3660000, 0x000001aca5660000)
 End Bits:   [0x000001aca5660000, 0x000001aca7660000)

Polling page: 0x000001ac8f010000

Metaspace:

Usage:
  Non-class:     72.39 MB used.
      Class:      8.20 MB used.
       Both:     80.60 MB used.

Virtual space:
  Non-class space:      128.00 MB reserved,      73.38 MB ( 57%) committed,  2 nodes.
      Class space:        1.00 GB reserved,       9.00 MB ( <1%) committed,  1 nodes.
             Both:        1.12 GB reserved,      82.38 MB (  7%) committed. 

Chunk freelists:
   Non-Class:  6.35 MB
       Class:  6.87 MB
        Both:  13.21 MB

MaxMetaspaceSize: unlimited
CompressedClassSpaceSize: 1.00 GB
Initial GC threshold: 21.00 MB
Current GC threshold: 126.88 MB
CDS: on
 - commit_granule_bytes: 65536.
 - commit_granule_words: 8192.
 - virtual_space_node_default_size: 8388608.
 - enlarge_chunks_in_place: 1.
 - use_allocation_guard: 0.


Internal statistics:

num_allocs_failed_limit: 11.
num_arena_births: 1486.
num_arena_deaths: 22.
num_vsnodes_births: 3.
num_vsnodes_deaths: 0.
num_space_committed: 1318.
num_space_uncommitted: 0.
num_chunks_returned_to_freelist: 36.
num_chunks_taken_from_freelist: 5471.
num_chunk_merges: 20.
num_chunk_splits: 3235.
num_chunks_enlarged: 1726.
num_inconsistent_stats: 0.

CodeHeap 'non-profiled nmethods': size=120000Kb used=19718Kb max_used=19718Kb free=100281Kb
 bounds [0x000001ac9be80000, 0x000001ac9d1d0000, 0x000001aca33b0000]
CodeHeap 'profiled nmethods': size=120000Kb used=46507Kb max_used=46507Kb free=73492Kb
 bounds [0x000001ac943b0000, 0x000001ac97120000, 0x000001ac9b8e0000]
CodeHeap 'non-nmethods': size=5760Kb used=1512Kb max_used=1652Kb free=4247Kb
 bounds [0x000001ac9b8e0000, 0x000001ac9bb50000, 0x000001ac9be80000]
CodeCache: size=245760Kb, used=67737Kb, max_used=67877Kb, free=178020Kb
 total_blobs=19205, nmethods=18387, adapters=721, full_count=0
Compilation: enabled, stopped_count=0, restarted_count=0

Compilation events (20 events):
Event: 415.747 Thread 0x000001ac9112dd50 20378       4       java.io.ObjectOutputStream$HandleTable::assign (52 bytes)
Event: 415.748 Thread 0x000001ac9115e360 nmethod 20390 0x000001ac97110e90 code [0x000001ac97111180, 0x000001ac97111fa0]
Event: 415.748 Thread 0x000001ac9115e360 20391       3       org.eclipse.core.internal.watson.ElementTreeWriter$1::writeData (25 bytes)
Event: 415.748 Thread 0x000001ac9115e360 nmethod 20391 0x000001ac97112490 code [0x000001ac97112660, 0x000001ac97112880]
Event: 415.748 Thread 0x000001ac9115e360 20392       3       org.eclipse.core.internal.resources.SaveManager::writeElement (36 bytes)
Event: 415.750 Thread 0x000001ac9115e360 nmethod 20392 0x000001ac97112990 code [0x000001ac97112c20, 0x000001ac97113718]
Event: 415.750 Thread 0x000001ac9115e360 20393       3       org.eclipse.core.internal.resources.ResourceInfo::writeTo (41 bytes)
Event: 415.750 Thread 0x000001ac9115e360 nmethod 20393 0x000001ac97113b90 code [0x000001ac97113d80, 0x000001ac971142c0]
Event: 415.750 Thread 0x000001ac9115e360 20395       1       org.eclipse.core.internal.dtree.DataDeltaNode::type (2 bytes)
Event: 415.750 Thread 0x000001ac9115e360 nmethod 20395 0x000001ac9d1ae590 code [0x000001ac9d1ae720, 0x000001ac9d1ae7e8]
Event: 415.750 Thread 0x000001ac9112dd50 nmethod 20378 0x000001ac9d1ae890 code [0x000001ac9d1aea60, 0x000001ac9d1aeda0]
Event: 415.750 Thread 0x000001ac9112dd50 20396   !   4       java.io.BufferedOutputStream::write (73 bytes)
Event: 415.751 Thread 0x000001ac9115e360 20397       3       org.eclipse.core.internal.resources.MarkerWriter::snap (153 bytes)
Event: 415.753 Thread 0x000001ac9115e360 nmethod 20397 0x000001ac97114410 code [0x000001ac97114800, 0x000001ac971165b8]
Event: 415.753 Thread 0x000001ac9115e360 20398       3       org.eclipse.core.internal.resources.SyncInfoWriter::snapSyncInfo (157 bytes)
Event: 415.756 Thread 0x000001ac9115e360 nmethod 20398 0x000001ac97117110 code [0x000001ac97117600, 0x000001ac9711a0c8]
Event: 415.757 Thread 0x000001ac9112dd50 nmethod 20396 0x000001ac9d1af010 code [0x000001ac9d1af260, 0x000001ac9d1af960]
Event: 415.757 Thread 0x000001ac9112dd50 20379       4       java.io.ClassCache::get (56 bytes)
Event: 415.766 Thread 0x000001ac9112dd50 nmethod 20379 0x000001ac9d1b0010 code [0x000001ac9d1b0260, 0x000001ac9d1b08d0]
Event: 416.019 Thread 0x000001acfb72f730 nmethod 20381 0x000001ac9d1b1010 code [0x000001ac9d1b1e20, 0x000001ac9d1ba870]

GC Heap History (20 events):
Event: 326.681 GC heap before
{Heap before GC invocations=1956 (full 4):
 PSYoungGen      total 1536K, used 1157K [0x00000000d5580000, 0x00000000d5880000, 0x0000000100000000)
  eden space 512K, 99% used [0x00000000d5580000,0x00000000d55ffff0,0x00000000d5600000)
  from space 1024K, 63% used [0x00000000d5600000,0x00000000d56a1658,0x00000000d5700000)
  to   space 1024K, 0% used [0x00000000d5780000,0x00000000d5780000,0x00000000d5880000)
 ParOldGen       total 780800K, used 415036K [0x0000000080000000, 0x00000000afa80000, 0x00000000d5580000)
  object space 780800K, 53% used [0x0000000080000000,0x000000009954f1a8,0x00000000afa80000)
 Metaspace       used 82383K, committed 84096K, reserved 1179648K
  class space    used 8389K, committed 9152K, reserved 1048576K
}
Event: 326.684 GC heap after
{Heap after GC invocations=1956 (full 4):
 PSYoungGen      total 2048K, used 636K [0x00000000d5580000, 0x00000000d5880000, 0x0000000100000000)
  eden space 1024K, 0% used [0x00000000d5580000,0x00000000d5580000,0x00000000d5680000)
  from space 1024K, 62% used [0x00000000d5780000,0x00000000d581f100,0x00000000d5880000)
  to   space 1024K, 0% used [0x00000000d5680000,0x00000000d5680000,0x00000000d5780000)
 ParOldGen       total 780800K, used 415523K [0x0000000080000000, 0x00000000afa80000, 0x00000000d5580000)
  object space 780800K, 53% used [0x0000000080000000,0x00000000995c8d38,0x00000000afa80000)
 Metaspace       used 82383K, committed 84096K, reserved 1179648K
  class space    used 8389K, committed 9152K, reserved 1048576K
}
Event: 326.689 GC heap before
{Heap before GC invocations=1957 (full 4):
 PSYoungGen      total 2048K, used 1660K [0x00000000d5580000, 0x00000000d5880000, 0x0000000100000000)
  eden space 1024K, 100% used [0x00000000d5580000,0x00000000d5680000,0x00000000d5680000)
  from space 1024K, 62% used [0x00000000d5780000,0x00000000d581f100,0x00000000d5880000)
  to   space 1024K, 0% used [0x00000000d5680000,0x00000000d5680000,0x00000000d5780000)
 ParOldGen       total 780800K, used 415523K [0x0000000080000000, 0x00000000afa80000, 0x00000000d5580000)
  object space 780800K, 53% used [0x0000000080000000,0x00000000995c8d38,0x00000000afa80000)
 Metaspace       used 82383K, committed 84096K, reserved 1179648K
  class space    used 8389K, committed 9152K, reserved 1048576K
}
Event: 326.691 GC heap after
{Heap after GC invocations=1957 (full 4):
 PSYoungGen      total 2048K, used 978K [0x00000000d5580000, 0x00000000d5a00000, 0x0000000100000000)
  eden space 1024K, 0% used [0x00000000d5580000,0x00000000d5580000,0x00000000d5680000)
  from space 1024K, 95% used [0x00000000d5680000,0x00000000d5774bd8,0x00000000d5780000)
  to   space 1536K, 0% used [0x00000000d5880000,0x00000000d5880000,0x00000000d5a00000)
 ParOldGen       total 780800K, used 416006K [0x0000000080000000, 0x00000000afa80000, 0x00000000d5580000)
  object space 780800K, 53% used [0x0000000080000000,0x0000000099641960,0x00000000afa80000)
 Metaspace       used 82383K, committed 84096K, reserved 1179648K
  class space    used 8389K, committed 9152K, reserved 1048576K
}
Event: 326.696 GC heap before
{Heap before GC invocations=1958 (full 4):
 PSYoungGen      total 2048K, used 2002K [0x00000000d5580000, 0x00000000d5a00000, 0x0000000100000000)
  eden space 1024K, 100% used [0x00000000d5580000,0x00000000d5680000,0x00000000d5680000)
  from space 1024K, 95% used [0x00000000d5680000,0x00000000d5774bd8,0x00000000d5780000)
  to   space 1536K, 0% used [0x00000000d5880000,0x00000000d5880000,0x00000000d5a00000)
 ParOldGen       total 780800K, used 416006K [0x0000000080000000, 0x00000000afa80000, 0x00000000d5580000)
  object space 780800K, 53% used [0x0000000080000000,0x0000000099641960,0x00000000afa80000)
 Metaspace       used 82383K, committed 84096K, reserved 1179648K
  class space    used 8389K, committed 9152K, reserved 1048576K
}
Event: 326.699 GC heap after
{Heap after GC invocations=1958 (full 4):
 PSYoungGen      total 2560K, used 992K [0x00000000d5580000, 0x00000000d5980000, 0x0000000100000000)
  eden space 1536K, 0% used [0x00000000d5580000,0x00000000d5580000,0x00000000d5700000)
  from space 1024K, 96% used [0x00000000d5880000,0x00000000d59780f0,0x00000000d5980000)
  to   space 1024K, 0% used [0x00000000d5780000,0x00000000d5780000,0x00000000d5880000)
 ParOldGen       total 780800K, used 416875K [0x0000000080000000, 0x00000000afa80000, 0x00000000d5580000)
  object space 780800K, 53% used [0x0000000080000000,0x000000009971af58,0x00000000afa80000)
 Metaspace       used 82383K, committed 84096K, reserved 1179648K
  class space    used 8389K, committed 9152K, reserved 1048576K
}
Event: 326.709 GC heap before
{Heap before GC invocations=1959 (full 4):
 PSYoungGen      total 2560K, used 2528K [0x00000000d5580000, 0x00000000d5980000, 0x0000000100000000)
  eden space 1536K, 100% used [0x00000000d5580000,0x00000000d5700000,0x00000000d5700000)
  from space 1024K, 96% used [0x00000000d5880000,0x00000000d59780f0,0x00000000d5980000)
  to   space 1024K, 0% used [0x00000000d5780000,0x00000000d5780000,0x00000000d5880000)
 ParOldGen       total 780800K, used 416875K [0x0000000080000000, 0x00000000afa80000, 0x00000000d5580000)
  object space 780800K, 53% used [0x0000000080000000,0x000000009971af58,0x00000000afa80000)
 Metaspace       used 82383K, committed 84096K, reserved 1179648K
  class space    used 8389K, committed 9152K, reserved 1048576K
}
Event: 326.713 GC heap after
{Heap after GC invocations=1959 (full 4):
 PSYoungGen      total 3072K, used 1020K [0x00000000d5580000, 0x00000000d5c80000, 0x0000000100000000)
  eden space 2048K, 0% used [0x00000000d5580000,0x00000000d5580000,0x00000000d5780000)
  from space 1024K, 99% used [0x00000000d5780000,0x00000000d587f088,0x00000000d5880000)
  to   space 2560K, 0% used [0x00000000d5a00000,0x00000000d5a00000,0x00000000d5c80000)
 ParOldGen       total 780800K, used 418046K [0x0000000080000000, 0x00000000afa80000, 0x00000000d5580000)
  object space 780800K, 53% used [0x0000000080000000,0x000000009983faf0,0x00000000afa80000)
 Metaspace       used 82383K, committed 84096K, reserved 1179648K
  class space    used 8389K, committed 9152K, reserved 1048576K
}
Event: 326.724 GC heap before
{Heap before GC invocations=1960 (full 4):
 PSYoungGen      total 3072K, used 3068K [0x00000000d5580000, 0x00000000d5c80000, 0x0000000100000000)
  eden space 2048K, 100% used [0x00000000d5580000,0x00000000d5780000,0x00000000d5780000)
  from space 1024K, 99% used [0x00000000d5780000,0x00000000d587f088,0x00000000d5880000)
  to   space 2560K, 0% used [0x00000000d5a00000,0x00000000d5a00000,0x00000000d5c80000)
 ParOldGen       total 780800K, used 418046K [0x0000000080000000, 0x00000000afa80000, 0x00000000d5580000)
  object space 780800K, 53% used [0x0000000080000000,0x000000009983faf0,0x00000000afa80000)
 Metaspace       used 82386K, committed 84096K, reserved 1179648K
  class space    used 8389K, committed 9152K, reserved 1048576K
}
Event: 326.729 GC heap after
{Heap after GC invocations=1960 (full 4):
 PSYoungGen      total 3584K, used 822K [0x00000000d5580000, 0x00000000d5b00000, 0x0000000100000000)
  eden space 2560K, 0% used [0x00000000d5580000,0x00000000d5580000,0x00000000d5800000)
  from space 1024K, 80% used [0x00000000d5a00000,0x00000000d5acda88,0x00000000d5b00000)
  to   space 1536K, 0% used [0x00000000d5800000,0x00000000d5800000,0x00000000d5980000)
 ParOldGen       total 780800K, used 419073K [0x0000000080000000, 0x00000000afa80000, 0x00000000d5580000)
  object space 780800K, 53% used [0x0000000080000000,0x0000000099940540,0x00000000afa80000)
 Metaspace       used 82386K, committed 84096K, reserved 1179648K
  class space    used 8389K, committed 9152K, reserved 1048576K
}
Event: 326.741 GC heap before
{Heap before GC invocations=1961 (full 4):
 PSYoungGen      total 3584K, used 3382K [0x00000000d5580000, 0x00000000d5b00000, 0x0000000100000000)
  eden space 2560K, 100% used [0x00000000d5580000,0x00000000d5800000,0x00000000d5800000)
  from space 1024K, 80% used [0x00000000d5a00000,0x00000000d5acda88,0x00000000d5b00000)
  to   space 1536K, 0% used [0x00000000d5800000,0x00000000d5800000,0x00000000d5980000)
 ParOldGen       total 780800K, used 419073K [0x0000000080000000, 0x00000000afa80000, 0x00000000d5580000)
  object space 780800K, 53% used [0x0000000080000000,0x0000000099940540,0x00000000afa80000)
 Metaspace       used 82386K, committed 84096K, reserved 1179648K
  class space    used 8389K, committed 9152K, reserved 1048576K
}
Event: 326.746 GC heap after
{Heap after GC invocations=1961 (full 4):
 PSYoungGen      total 4096K, used 352K [0x00000000d5580000, 0x00000000d5a80000, 0x0000000100000000)
  eden space 2560K, 0% used [0x00000000d5580000,0x00000000d5580000,0x00000000d5800000)
  from space 1536K, 22% used [0x00000000d5800000,0x00000000d5858000,0x00000000d5980000)
  to   space 1024K, 0% used [0x00000000d5980000,0x00000000d5980000,0x00000000d5a80000)
 ParOldGen       total 780800K, used 419760K [0x0000000080000000, 0x00000000afa80000, 0x00000000d5580000)
  object space 780800K, 53% used [0x0000000080000000,0x00000000999ec1f8,0x00000000afa80000)
 Metaspace       used 82386K, committed 84096K, reserved 1179648K
  class space    used 8389K, committed 9152K, reserved 1048576K
}
Event: 328.038 GC heap before
{Heap before GC invocations=1962 (full 4):
 PSYoungGen      total 4096K, used 2911K [0x00000000d5580000, 0x00000000d5a80000, 0x0000000100000000)
  eden space 2560K, 99% used [0x00000000d5580000,0x00000000d57fffe0,0x00000000d5800000)
  from space 1536K, 22% used [0x00000000d5800000,0x00000000d5858000,0x00000000d5980000)
  to   space 1024K, 0% used [0x00000000d5980000,0x00000000d5980000,0x00000000d5a80000)
 ParOldGen       total 780800K, used 419760K [0x0000000080000000, 0x00000000afa80000, 0x00000000d5580000)
  object space 780800K, 53% used [0x0000000080000000,0x00000000999ec1f8,0x00000000afa80000)
 Metaspace       used 82442K, committed 84224K, reserved 1179648K
  class space    used 8394K, committed 9216K, reserved 1048576K
}
Event: 328.042 GC heap after
{Heap after GC invocations=1962 (full 4):
 PSYoungGen      total 3584K, used 468K [0x00000000d5580000, 0x00000000d5a00000, 0x0000000100000000)
  eden space 3072K, 0% used [0x00000000d5580000,0x00000000d5580000,0x00000000d5880000)
  from space 512K, 91% used [0x00000000d5980000,0x00000000d59f5220,0x00000000d5a00000)
  to   space 512K, 0% used [0x00000000d5900000,0x00000000d5900000,0x00000000d5980000)
 ParOldGen       total 780800K, used 419984K [0x0000000080000000, 0x00000000afa80000, 0x00000000d5580000)
  object space 780800K, 53% used [0x0000000080000000,0x0000000099a241f8,0x00000000afa80000)
 Metaspace       used 82442K, committed 84224K, reserved 1179648K
  class space    used 8394K, committed 9216K, reserved 1048576K
}
Event: 328.066 GC heap before
{Heap before GC invocations=1963 (full 4):
 PSYoungGen      total 3584K, used 3540K [0x00000000d5580000, 0x00000000d5a00000, 0x0000000100000000)
  eden space 3072K, 100% used [0x00000000d5580000,0x00000000d5880000,0x00000000d5880000)
  from space 512K, 91% used [0x00000000d5980000,0x00000000d59f5220,0x00000000d5a00000)
  to   space 512K, 0% used [0x00000000d5900000,0x00000000d5900000,0x00000000d5980000)
 ParOldGen       total 780800K, used 419984K [0x0000000080000000, 0x00000000afa80000, 0x00000000d5580000)
  object space 780800K, 53% used [0x0000000080000000,0x0000000099a241f8,0x00000000afa80000)
 Metaspace       used 82443K, committed 84224K, reserved 1179648K
  class space    used 8394K, committed 9216K, reserved 1048576K
}
Event: 328.070 GC heap after
{Heap after GC invocations=1963 (full 4):
 PSYoungGen      total 4096K, used 484K [0x00000000d5580000, 0x00000000d5c80000, 0x0000000100000000)
  eden space 3584K, 0% used [0x00000000d5580000,0x00000000d5580000,0x00000000d5900000)
  from space 512K, 94% used [0x00000000d5900000,0x00000000d5979210,0x00000000d5980000)
  to   space 1536K, 0% used [0x00000000d5b00000,0x00000000d5b00000,0x00000000d5c80000)
 ParOldGen       total 780800K, used 420445K [0x0000000080000000, 0x00000000afa80000, 0x00000000d5580000)
  object space 780800K, 53% used [0x0000000080000000,0x0000000099a97448,0x00000000afa80000)
 Metaspace       used 82443K, committed 84224K, reserved 1179648K
  class space    used 8394K, committed 9216K, reserved 1048576K
}
Event: 331.794 GC heap before
{Heap before GC invocations=1964 (full 4):
 PSYoungGen      total 4096K, used 4068K [0x00000000d5580000, 0x00000000d5c80000, 0x0000000100000000)
  eden space 3584K, 100% used [0x00000000d5580000,0x00000000d5900000,0x00000000d5900000)
  from space 512K, 94% used [0x00000000d5900000,0x00000000d5979210,0x00000000d5980000)
  to   space 1536K, 0% used [0x00000000d5b00000,0x00000000d5b00000,0x00000000d5c80000)
 ParOldGen       total 780800K, used 420445K [0x0000000080000000, 0x00000000afa80000, 0x00000000d5580000)
  object space 780800K, 53% used [0x0000000080000000,0x0000000099a97448,0x00000000afa80000)
 Metaspace       used 82454K, committed 84224K, reserved 1179648K
  class space    used 8394K, committed 9216K, reserved 1048576K
}
Event: 331.797 GC heap after
{Heap after GC invocations=1964 (full 4):
 PSYoungGen      total 4608K, used 640K [0x00000000d5580000, 0x00000000d5c00000, 0x0000000100000000)
  eden space 3584K, 0% used [0x00000000d5580000,0x00000000d5580000,0x00000000d5900000)
  from space 1024K, 62% used [0x00000000d5b00000,0x00000000d5ba0000,0x00000000d5c00000)
  to   space 1024K, 0% used [0x00000000d5a00000,0x00000000d5a00000,0x00000000d5b00000)
 ParOldGen       total 780800K, used 420945K [0x0000000080000000, 0x00000000afa80000, 0x00000000d5580000)
  object space 780800K, 53% used [0x0000000080000000,0x0000000099b14658,0x00000000afa80000)
 Metaspace       used 82454K, committed 84224K, reserved 1179648K
  class space    used 8394K, committed 9216K, reserved 1048576K
}
Event: 337.095 GC heap before
{Heap before GC invocations=1965 (full 4):
 PSYoungGen      total 4608K, used 4224K [0x00000000d5580000, 0x00000000d5c00000, 0x0000000100000000)
  eden space 3584K, 100% used [0x00000000d5580000,0x00000000d5900000,0x00000000d5900000)
  from space 1024K, 62% used [0x00000000d5b00000,0x00000000d5ba0000,0x00000000d5c00000)
  to   space 1024K, 0% used [0x00000000d5a00000,0x00000000d5a00000,0x00000000d5b00000)
 ParOldGen       total 780800K, used 420945K [0x0000000080000000, 0x00000000afa80000, 0x00000000d5580000)
  object space 780800K, 53% used [0x0000000080000000,0x0000000099b14658,0x00000000afa80000)
 Metaspace       used 82494K, committed 84352K, reserved 1179648K
  class space    used 8396K, committed 9216K, reserved 1048576K
}
Event: 337.099 GC heap after
{Heap after GC invocations=1965 (full 4):
 PSYoungGen      total 4608K, used 160K [0x00000000d5580000, 0x00000000d5b80000, 0x0000000100000000)
  eden space 3584K, 0% used [0x00000000d5580000,0x00000000d5580000,0x00000000d5900000)
  from space 1024K, 15% used [0x00000000d5a00000,0x00000000d5a28000,0x00000000d5b00000)
  to   space 512K, 0% used [0x00000000d5b00000,0x00000000d5b00000,0x00000000d5b80000)
 ParOldGen       total 780800K, used 421545K [0x0000000080000000, 0x00000000afa80000, 0x00000000d5580000)
  object space 780800K, 53% used [0x0000000080000000,0x0000000099baa678,0x00000000afa80000)
 Metaspace       used 82494K, committed 84352K, reserved 1179648K
  class space    used 8396K, committed 9216K, reserved 1048576K
}

Dll operation events (14 events):
Event: 0.029 Loaded shared library c:\Users\lenovo\.cursor\extensions\redhat.java-1.55.0-win32-x64\jre\21.0.11-win32-x86_64\bin\java.dll
Event: 0.335 Loaded shared library c:\Users\lenovo\.cursor\extensions\redhat.java-1.55.0-win32-x64\jre\21.0.11-win32-x86_64\bin\zip.dll
Event: 0.406 Loaded shared library C:\Users\lenovo\.cursor\extensions\redhat.java-1.55.0-win32-x64\jre\21.0.11-win32-x86_64\bin\instrument.dll
Event: 0.425 Loaded shared library C:\Users\lenovo\.cursor\extensions\redhat.java-1.55.0-win32-x64\jre\21.0.11-win32-x86_64\bin\net.dll
Event: 0.432 Loaded shared library C:\Users\lenovo\.cursor\extensions\redhat.java-1.55.0-win32-x64\jre\21.0.11-win32-x86_64\bin\nio.dll
Event: 0.448 Loaded shared library C:\Users\lenovo\.cursor\extensions\redhat.java-1.55.0-win32-x64\jre\21.0.11-win32-x86_64\bin\zip.dll
Event: 0.507 Loaded shared library C:\Users\lenovo\.cursor\extensions\redhat.java-1.55.0-win32-x64\jre\21.0.11-win32-x86_64\bin\jimage.dll
Event: 0.844 Loaded shared library c:\Users\lenovo\.cursor\extensions\redhat.java-1.55.0-win32-x64\jre\21.0.11-win32-x86_64\bin\verify.dll
Event: 8.026 Loaded shared library C:\Users\lenovo\AppData\Roaming\Cursor\User\globalStorage\redhat.java\1.55.0\config_win\org.eclipse.equinox.launcher\org.eclipse.equinox.launcher.win32.win32.x86_64_1.3.100.v20260613-0559\eclipse_11924.dll
Event: 45.249 Loaded shared library C:\Users\lenovo\.cursor\extensions\redhat.java-1.55.0-win32-x64\jre\21.0.11-win32-x86_64\bin\management.dll
Event: 45.299 Loaded shared library C:\Users\lenovo\.cursor\extensions\redhat.java-1.55.0-win32-x64\jre\21.0.11-win32-x86_64\bin\management_ext.dll
Event: 50.934 Loaded shared library C:\Users\lenovo\AppData\Local\Temp\jna--1106355917\jna12259191102121856532.dll
Event: 51.603 Loaded shared library C:\Users\lenovo\.cursor\extensions\redhat.java-1.55.0-win32-x64\jre\21.0.11-win32-x86_64\bin\sunmscapi.dll
Event: 52.983 Loaded shared library C:\Users\lenovo\.cursor\extensions\redhat.java-1.55.0-win32-x64\jre\21.0.11-win32-x86_64\bin\extnet.dll

Deoptimization events (20 events):
Event: 326.721 Thread 0x000001acf048e5f0 Uncommon trap: trap_request=0xffffffc6 fr.pc=0x000001ac9cda67c8 relative=0x00000000000009a8
Event: 326.721 Thread 0x000001acf048e5f0 Uncommon trap: reason=bimorphic_or_optimized_type_check action=maybe_recompile pc=0x000001ac9cda67c8 method=org.eclipse.jdt.internal.compiler.ast.MethodDeclaration.traverse(Lorg/eclipse/jdt/internal/compiler/ASTVisitor;Lorg/eclipse/jdt/internal/compiler/l
Event: 326.721 Thread 0x000001acf048e5f0 DEOPT PACKING pc=0x000001ac9cda67c8 sp=0x000000a87a7fe570
Event: 326.721 Thread 0x000001acf048e5f0 DEOPT UNPACKING pc=0x000001ac9b936da2 sp=0x000000a87a7fe560 mode 2
Event: 326.721 Thread 0x000001acf048e5f0 Uncommon trap: trap_request=0xffffffc6 fr.pc=0x000001ac9cda67c8 relative=0x00000000000009a8
Event: 326.721 Thread 0x000001acf048e5f0 Uncommon trap: reason=bimorphic_or_optimized_type_check action=maybe_recompile pc=0x000001ac9cda67c8 method=org.eclipse.jdt.internal.compiler.ast.MethodDeclaration.traverse(Lorg/eclipse/jdt/internal/compiler/ASTVisitor;Lorg/eclipse/jdt/internal/compiler/l
Event: 326.721 Thread 0x000001acf048e5f0 DEOPT PACKING pc=0x000001ac9cda67c8 sp=0x000000a87a7fe570
Event: 326.721 Thread 0x000001acf048e5f0 DEOPT UNPACKING pc=0x000001ac9b936da2 sp=0x000000a87a7fe560 mode 2
Event: 326.736 Thread 0x000001acf048e5f0 Uncommon trap: trap_request=0xffffffde fr.pc=0x000001ac9c1a5730 relative=0x00000000000031f0
Event: 326.736 Thread 0x000001acf048e5f0 Uncommon trap: reason=class_check action=maybe_recompile pc=0x000001ac9c1a5730 method=org.eclipse.jdt.internal.core.search.matching.JavaSearchNameEnvironment.findClass(Ljava/lang/String;[CLorg/eclipse/jdt/internal/compiler/env/IModuleAwareNameEnvironment$
Event: 326.736 Thread 0x000001acf048e5f0 DEOPT PACKING pc=0x000001ac9c1a5730 sp=0x000000a87a7fcb20
Event: 326.736 Thread 0x000001acf048e5f0 DEOPT UNPACKING pc=0x000001ac9b936da2 sp=0x000000a87a7fcb20 mode 2
Event: 339.411 Thread 0x000001acf048e5f0 Uncommon trap: trap_request=0xffffff45 fr.pc=0x000001ac9c058c0c relative=0x000000000000056c
Event: 339.411 Thread 0x000001acf048e5f0 Uncommon trap: reason=unstable_if action=reinterpret pc=0x000001ac9c058c0c method=org.eclipse.jdt.internal.compiler.parser.Scanner.scanForStringLiteral()Lorg/eclipse/jdt/internal/compiler/parser/TerminalToken; @ 123 c2
Event: 339.411 Thread 0x000001acf048e5f0 DEOPT PACKING pc=0x000001ac9c058c0c sp=0x000000a87a7fe8f0
Event: 339.411 Thread 0x000001acf048e5f0 DEOPT UNPACKING pc=0x000001ac9b936da2 sp=0x000000a87a7fe880 mode 2
Event: 339.412 Thread 0x000001acf048e5f0 Uncommon trap: trap_request=0xffffff45 fr.pc=0x000001ac9d12b860 relative=0x00000000000005c0
Event: 339.412 Thread 0x000001acf048e5f0 Uncommon trap: reason=unstable_if action=reinterpret pc=0x000001ac9d12b860 method=org.eclipse.jdt.internal.core.JavaElement.getSourceElementAt(I)Lorg/eclipse/jdt/core/IJavaElement; @ 85 c2
Event: 339.412 Thread 0x000001acf048e5f0 DEOPT PACKING pc=0x000001ac9d12b860 sp=0x000000a87a7fec80
Event: 339.412 Thread 0x000001acf048e5f0 DEOPT UNPACKING pc=0x000001ac9b936da2 sp=0x000000a87a7febe8 mode 2

Classes loaded (20 events):
Event: 175.411 Loading class com/sun/org/apache/xerces/internal/util/URI
Event: 175.413 Loading class com/sun/org/apache/xerces/internal/util/URI done
Event: 175.419 Loading class org/xml/sax/SAXNotRecognizedException
Event: 175.419 Loading class org/xml/sax/SAXNotRecognizedException done
Event: 175.419 Loading class org/xml/sax/SAXNotSupportedException
Event: 175.419 Loading class org/xml/sax/SAXNotSupportedException done
Event: 175.423 Loading class com/sun/org/apache/xerces/internal/xni/XNIException
Event: 175.423 Loading class com/sun/org/apache/xerces/internal/xni/XNIException done
Event: 175.426 Loading class com/sun/org/apache/xerces/internal/xni/parser/XMLParseException
Event: 175.426 Loading class com/sun/org/apache/xerces/internal/xni/parser/XMLParseException done
Event: 177.109 Loading class jdk/internal/module/IllegalAccessLogger
Event: 177.109 Loading class jdk/internal/module/IllegalAccessLogger done
Event: 182.116 Loading class jdk/internal/module/IllegalAccessLogger
Event: 182.116 Loading class jdk/internal/module/IllegalAccessLogger done
Event: 301.505 Loading class java/lang/UnsupportedClassVersionError
Event: 301.506 Loading class java/lang/UnsupportedClassVersionError done
Event: 302.908 Loading class java/util/function/IntPredicate
Event: 302.909 Loading class java/util/function/IntPredicate done
Event: 302.929 Loading class java/util/regex/Pattern$Bound
Event: 302.929 Loading class java/util/regex/Pattern$Bound done

Classes unloaded (11 events):
Event: 47.082 Thread 0x000001ac9126e850 Unloading class 0x000001aca91b4800 'java/lang/invoke/LambdaForm$MH+0x000001aca91b4800'
Event: 47.082 Thread 0x000001ac9126e850 Unloading class 0x000001aca91b4400 'java/lang/invoke/LambdaForm$MH+0x000001aca91b4400'
Event: 47.082 Thread 0x000001ac9126e850 Unloading class 0x000001aca91b4000 'java/lang/invoke/LambdaForm$MH+0x000001aca91b4000'
Event: 47.082 Thread 0x000001ac9126e850 Unloading class 0x000001aca91b3c00 'java/lang/invoke/LambdaForm$MH+0x000001aca91b3c00'
Event: 47.082 Thread 0x000001ac9126e850 Unloading class 0x000001aca91b3800 'java/lang/invoke/LambdaForm$BMH+0x000001aca91b3800'
Event: 47.082 Thread 0x000001ac9126e850 Unloading class 0x000001aca91b3400 'java/lang/invoke/LambdaForm$DMH+0x000001aca91b3400'
Event: 47.082 Thread 0x000001ac9126e850 Unloading class 0x000001aca91b2000 'java/lang/invoke/LambdaForm$DMH+0x000001aca91b2000'
Event: 97.928 Thread 0x000001ac9126e850 Unloading class 0x000001aca9642c00 'java/lang/invoke/LambdaForm$DMH+0x000001aca9642c00'
Event: 97.928 Thread 0x000001ac9126e850 Unloading class 0x000001aca9642800 'java/lang/invoke/LambdaForm$DMH+0x000001aca9642800'
Event: 97.928 Thread 0x000001ac9126e850 Unloading class 0x000001aca9642400 'java/lang/invoke/LambdaForm$DMH+0x000001aca9642400'
Event: 97.928 Thread 0x000001ac9126e850 Unloading class 0x000001aca9642000 'java/lang/invoke/LambdaForm$DMH+0x000001aca9642000'

Classes redefined (0 events):
No events

Internal exceptions (20 events):
Event: 182.415 Thread 0x000001acf048aae0 Exception <a 'sun/nio/fs/WindowsException'{0x00000000d56bffc8}> (0x00000000d56bffc8) 
thrown [s\src\hotspot\share\prims\jni.cpp, line 520]
Event: 182.415 Thread 0x000001acf048aae0 Exception <a 'sun/nio/fs/WindowsException'{0x00000000d56c0ae0}> (0x00000000d56c0ae0) 
thrown [s\src\hotspot\share\prims\jni.cpp, line 520]
Event: 184.820 Thread 0x000001acf18db360 Implicit null exception at 0x000001ac9c95daa8 to 0x000001ac9c95de88
Event: 301.387 Thread 0x000001acf18e0220 Exception <a 'java/lang/IncompatibleClassChangeError'{0x00000000d5636320}: Found class java.lang.Object, but interface was expected> (0x00000000d5636320) 
thrown [s\src\hotspot\share\interpreter\linkResolver.cpp, line 840]
Event: 301.446 Thread 0x000001acf18e0220 Exception <a 'java/lang/IncompatibleClassChangeError'{0x00000000d56567d0}: Found class java.lang.Object, but interface was expected> (0x00000000d56567d0) 
thrown [s\src\hotspot\share\interpreter\linkResolver.cpp, line 840]
Event: 301.453 Thread 0x000001acf18e0220 Exception <a 'java/lang/IncompatibleClassChangeError'{0x00000000d5687808}: Found class java.lang.Object, but interface was expected> (0x00000000d5687808) 
thrown [s\src\hotspot\share\interpreter\linkResolver.cpp, line 840]
Event: 301.475 Thread 0x000001acf048e5f0 Exception <a 'java/lang/NoSuchMethodError'{0x00000000d558d458}: 'java.lang.Object java.lang.invoke.DirectMethodHandle$Holder.invokeSpecial(java.lang.Object, java.lang.Object, java.lang.Object, java.lang.Object, int, java.lang.Object, java.lang.Object)'> (0x00000000d558d458) 
thrown [s\src\hotspot\share\interpreter\linkResolver.cpp, line 773]
Event: 301.518 Thread 0x000001acf0488a10 Exception <a 'java/lang/NoSuchMethodError'{0x00000000d55cb178}: 'int java.lang.invoke.Invokers$Holder.invokeExact_MT(java.lang.Object, java.lang.Object)'> (0x00000000d55cb178) 
thrown [s\src\hotspot\share\interpreter\linkResolver.cpp, line 773]
Event: 301.548 Thread 0x000001acf0488a10 Exception <a 'java/lang/IncompatibleClassChangeError'{0x00000000d5669150}: Found class java.lang.Object, but interface was expected> (0x00000000d5669150) 
thrown [s\src\hotspot\share\interpreter\linkResolver.cpp, line 840]
Event: 301.580 Thread 0x000001acf18e0220 Exception <a 'java/lang/IncompatibleClassChangeError'{0x00000000d5668220}: Found class java.lang.Object, but interface was expected> (0x00000000d5668220) 
thrown [s\src\hotspot\share\interpreter\linkResolver.cpp, line 840]
Event: 301.618 Thread 0x000001acf048e5f0 Exception <a 'java/lang/ArrayIndexOutOfBoundsException'{0x00000000d558aeb8}: Index 5271 out of bounds for length 5270> (0x00000000d558aeb8) 
thrown [s\src\hotspot\share\interpreter\interpreterRuntime.cpp, line 439]
Event: 301.794 Thread 0x000001acf09b3fb0 Implicit null exception at 0x000001ac9c0d831a to 0x000001ac9c0d8c38
Event: 301.794 Thread 0x000001acf09b3fb0 Implicit null exception at 0x000001ac9c2f9902 to 0x000001ac9c2fa800
Event: 302.737 Thread 0x000001acf18e0220 Exception <a 'java/lang/IncompatibleClassChangeError'{0x00000000d5668be0}: Found class java.lang.Object, but interface was expected> (0x00000000d5668be0) 
thrown [s\src\hotspot\share\interpreter\linkResolver.cpp, line 840]
Event: 302.826 Thread 0x000001acf048e5f0 Implicit null exception at 0x000001ac9c11dc13 to 0x000001ac9c11ff6c
Event: 302.910 Thread 0x000001acf048e5f0 Exception <a 'java/lang/NoSuchMethodError'{0x00000000d573a570}: 'int java.lang.invoke.DirectMethodHandle$Holder.invokeStaticInit(java.lang.Object, int)'> (0x00000000d573a570) 
thrown [s\src\hotspot\share\interpreter\linkResolver.cpp, line 773]
Event: 322.761 Thread 0x000001acf18e0220 Exception <a 'java/lang/IncompatibleClassChangeError'{0x00000000d5622470}: Found class java.lang.Object, but interface was expected> (0x00000000d5622470) 
thrown [s\src\hotspot\share\interpreter\linkResolver.cpp, line 840]
Event: 325.926 Thread 0x000001acf18e0220 Implicit null exception at 0x000001ac9d0e227a to 0x000001ac9d0e24d0
Event: 415.712 Thread 0x000001acf09b11c0 Exception <a 'sun/nio/fs/WindowsException'{0x00000000d5784610}> (0x00000000d5784610) 
thrown [s\src\hotspot\share\prims\jni.cpp, line 520]
Event: 415.712 Thread 0x000001acf09b11c0 Exception <a 'sun/nio/fs/WindowsException'{0x00000000d5785110}> (0x00000000d5785110) 
thrown [s\src\hotspot\share\prims\jni.cpp, line 520]

ZGC Phase Switch (0 events):
No events

VM Operations (20 events):
Event: 337.095 Executing safepoint VM operation: ParallelGCFailedAllocation (Allocation Failure)
Event: 337.099 Executing safepoint VM operation: ParallelGCFailedAllocation (Allocation Failure) done
Event: 340.099 Executing safepoint VM operation: Cleanup
Event: 340.099 Executing safepoint VM operation: Cleanup done
Event: 346.101 Executing safepoint VM operation: Cleanup
Event: 346.101 Executing safepoint VM operation: Cleanup done
Event: 361.039 Executing non-safepoint VM operation: HandshakeAllThreads (HandshakeForDeflation)
Event: 361.039 Executing non-safepoint VM operation: HandshakeAllThreads (HandshakeForDeflation) done
Event: 361.039 Executing non-safepoint VM operation: RendezvousGCThreads
Event: 361.039 Executing non-safepoint VM operation: RendezvousGCThreads done
Event: 415.815 Executing non-safepoint VM operation: HandshakeAllThreads (Deoptimize)
Event: 415.816 Executing non-safepoint VM operation: HandshakeAllThreads (Deoptimize) done
Event: 415.816 Executing safepoint VM operation: Cleanup
Event: 415.816 Executing safepoint VM operation: Cleanup done
Event: 416.817 Executing safepoint VM operation: Cleanup
Event: 416.817 Executing safepoint VM operation: Cleanup done
Event: 421.140 Executing non-safepoint VM operation: HandshakeAllThreads (HandshakeForDeflation)
Event: 421.140 Executing non-safepoint VM operation: HandshakeAllThreads (HandshakeForDeflation) done
Event: 421.140 Executing non-safepoint VM operation: RendezvousGCThreads
Event: 421.140 Executing non-safepoint VM operation: RendezvousGCThreads done

Memory protections (0 events):
No events

Nmethod flushes (20 events):
Event: 166.900 Thread 0x000001ac9126e850 flushing  nmethod 0x000001ac95664090
Event: 166.900 Thread 0x000001ac9126e850 flushing  nmethod 0x000001ac95666f10
Event: 166.900 Thread 0x000001ac9126e850 flushing  nmethod 0x000001ac95669110
Event: 166.900 Thread 0x000001ac9126e850 flushing  nmethod 0x000001ac9566db10
Event: 166.900 Thread 0x000001ac9126e850 flushing  nmethod 0x000001ac95675390
Event: 166.900 Thread 0x000001ac9126e850 flushing  nmethod 0x000001ac9567b010
Event: 166.900 Thread 0x000001ac9126e850 flushing  nmethod 0x000001ac95696590
Event: 166.900 Thread 0x000001ac9126e850 flushing  nmethod 0x000001ac956f5a10
Event: 166.900 Thread 0x000001ac9126e850 flushing  nmethod 0x000001ac956f6a90
Event: 166.900 Thread 0x000001ac9126e850 flushing  nmethod 0x000001ac956f7290
Event: 166.900 Thread 0x000001ac9126e850 flushing  nmethod 0x000001ac956ff710
Event: 166.900 Thread 0x000001ac9126e850 flushing  nmethod 0x000001ac95707c90
Event: 166.900 Thread 0x000001ac9126e850 flushing  nmethod 0x000001ac95715810
Event: 166.900 Thread 0x000001ac9126e850 flushing  nmethod 0x000001ac95741e10
Event: 166.900 Thread 0x000001ac9126e850 flushing  nmethod 0x000001ac95742290
Event: 166.900 Thread 0x000001ac9126e850 flushing  nmethod 0x000001ac95756c90
Event: 166.900 Thread 0x000001ac9126e850 flushing  nmethod 0x000001ac95757f10
Event: 166.900 Thread 0x000001ac9126e850 flushing  nmethod 0x000001ac95760490
Event: 166.900 Thread 0x000001ac9126e850 flushing  nmethod 0x000001ac95788810
Event: 166.900 Thread 0x000001ac9126e850 flushing  nmethod 0x000001ac957f3d10

Events (20 events):
Event: 322.986 Thread 0x000001ac9112dd50 Thread added: 0x000001acf3ff9ee0
Event: 322.987 Thread 0x000001ac9112dd50 Thread added: 0x000001acfb7326e0
Event: 325.926 Thread 0x000001acfb7326e0 Thread exited: 0x000001acfb7326e0
Event: 325.949 Thread 0x000001acf3ff9ee0 Thread exited: 0x000001acf3ff9ee0
Event: 326.269 Thread 0x000001ac9115e360 Thread added: 0x000001acf3ff9ee0
Event: 326.644 Thread 0x000001acf3ff9ee0 Thread exited: 0x000001acf3ff9ee0
Event: 326.775 Thread 0x000001ac9115e360 Thread added: 0x000001acfb732010
Event: 327.059 Thread 0x000001acfb732010 Thread exited: 0x000001acfb732010
Event: 328.029 Thread 0x000001acf09b3920 Thread added: 0x000001acf18e15d0
Event: 355.529 Thread 0x000001acf18e1c60 Thread exited: 0x000001acf18e1c60
Event: 399.417 Thread 0x000001acf048e5f0 Thread exited: 0x000001acf048e5f0
Event: 405.624 Thread 0x000001acf18e15d0 Thread exited: 0x000001acf18e15d0
Event: 415.535 Thread 0x000001acf0489730 Thread exited: 0x000001acf0489730
Event: 415.696 Thread 0x000001acf09b11c0 Thread added: 0x000001acf18e15d0
Event: 415.700 Thread 0x000001acf18e15d0 Thread exited: 0x000001acf18e15d0
Event: 415.713 Thread 0x000001acf09b11c0 Thread added: 0x000001acf18e15d0
Event: 415.714 Thread 0x000001acf18e15d0 Thread exited: 0x000001acf18e15d0
Event: 415.731 Thread 0x000001ac9115e360 Thread added: 0x000001acfb72f730
Event: 421.033 Thread 0x000001acfb72f730 Thread exited: 0x000001acfb72f730
Event: 459.420 Thread 0x000001acf0488a10 Thread exited: 0x000001acf0488a10


Dynamic libraries:
0x00007ff7bda40000 - 0x00007ff7bda4e000 	c:\Users\lenovo\.cursor\extensions\redhat.java-1.55.0-win32-x64\jre\21.0.11-win32-x86_64\bin\java.exe
0x00007ffd82780000 - 0x00007ffd829e7000 	C:\Windows\SYSTEM32\ntdll.dll
0x00007ffd81ec0000 - 0x00007ffd81f89000 	C:\Windows\System32\KERNEL32.DLL
0x00007ffd7fd10000 - 0x00007ffd800ff000 	C:\Windows\System32\KERNELBASE.dll
0x00007ffd7f8d0000 - 0x00007ffd7fa1b000 	C:\Windows\System32\ucrtbase.dll
0x00007ffd515e0000 - 0x00007ffd515f8000 	c:\Users\lenovo\.cursor\extensions\redhat.java-1.55.0-win32-x64\jre\21.0.11-win32-x86_64\bin\jli.dll
0x00007ffd81f90000 - 0x00007ffd82155000 	C:\Windows\System32\USER32.dll
0x00007ffd804f0000 - 0x00007ffd80517000 	C:\Windows\System32\win32u.dll
0x00007ffd80e40000 - 0x00007ffd80e6b000 	C:\Windows\System32\GDI32.dll
0x00007ffd80110000 - 0x00007ffd8023c000 	C:\Windows\System32\gdi32full.dll
0x00007ffd803b0000 - 0x00007ffd80453000 	C:\Windows\System32\msvcp_win.dll
0x00007ffd515c0000 - 0x00007ffd515de000 	c:\Users\lenovo\.cursor\extensions\redhat.java-1.55.0-win32-x64\jre\21.0.11-win32-x86_64\bin\VCRUNTIME140.dll
0x00007ffd62ec0000 - 0x00007ffd63153000 	C:\Windows\WinSxS\amd64_microsoft.windows.common-controls_6595b64144ccf1df_6.0.26100.7309_none_3e05feeae336a044\COMCTL32.dll
0x00007ffd81630000 - 0x00007ffd816d9000 	C:\Windows\System32\msvcrt.dll
0x00007ffd81310000 - 0x00007ffd81341000 	C:\Windows\System32\IMM32.DLL
0x00007ffd6c7e0000 - 0x00007ffd6c7ec000 	c:\Users\lenovo\.cursor\extensions\redhat.java-1.55.0-win32-x64\jre\21.0.11-win32-x86_64\bin\vcruntime140_1.dll
0x00007ffd41ec0000 - 0x00007ffd41f4d000 	c:\Users\lenovo\.cursor\extensions\redhat.java-1.55.0-win32-x64\jre\21.0.11-win32-x86_64\bin\msvcp140.dll
0x00007ffca2100000 - 0x00007ffca2ea2000 	c:\Users\lenovo\.cursor\extensions\redhat.java-1.55.0-win32-x64\jre\21.0.11-win32-x86_64\bin\server\jvm.dll
0x00007ffd82680000 - 0x00007ffd82734000 	C:\Windows\System32\ADVAPI32.dll
0x00007ffd82250000 - 0x00007ffd822f6000 	C:\Windows\System32\sechost.dll
0x00007ffd80f50000 - 0x00007ffd81068000 	C:\Windows\System32\RPCRT4.dll
0x00007ffd816e0000 - 0x00007ffd81754000 	C:\Windows\System32\WS2_32.dll
0x00007ffd7f730000 - 0x00007ffd7f78e000 	C:\Windows\SYSTEM32\POWRPROF.dll
0x00007ffd76df0000 - 0x00007ffd76e25000 	C:\Windows\SYSTEM32\WINMM.dll
0x00007ffd6ec90000 - 0x00007ffd6ec9b000 	C:\Windows\SYSTEM32\VERSION.dll
0x00007ffd7f710000 - 0x00007ffd7f724000 	C:\Windows\SYSTEM32\UMPDC.dll
0x00007ffd7e5a0000 - 0x00007ffd7e5bb000 	C:\Windows\SYSTEM32\kernel.appcore.dll
0x00007ffd5db70000 - 0x00007ffd5db7a000 	c:\Users\lenovo\.cursor\extensions\redhat.java-1.55.0-win32-x64\jre\21.0.11-win32-x86_64\bin\jimage.dll
0x00007ffd7ca30000 - 0x00007ffd7cc72000 	C:\Windows\SYSTEM32\DBGHELP.DLL
0x00007ffd809b0000 - 0x00007ffd80d35000 	C:\Windows\System32\combase.dll
0x00007ffd80e70000 - 0x00007ffd80f46000 	C:\Windows\System32\OLEAUT32.dll
0x00007ffd5a660000 - 0x00007ffd5a69c000 	C:\Windows\SYSTEM32\dbgcore.DLL
0x00007ffd80300000 - 0x00007ffd803a5000 	C:\Windows\System32\bcryptPrimitives.dll
0x00007ffd5a650000 - 0x00007ffd5a65f000 	c:\Users\lenovo\.cursor\extensions\redhat.java-1.55.0-win32-x64\jre\21.0.11-win32-x86_64\bin\instrument.dll
0x00007ffd41e70000 - 0x00007ffd41e90000 	c:\Users\lenovo\.cursor\extensions\redhat.java-1.55.0-win32-x64\jre\21.0.11-win32-x86_64\bin\java.dll
0x00007ffd81760000 - 0x00007ffd81eb3000 	C:\Windows\System32\SHELL32.dll
0x00007ffd7fa20000 - 0x00007ffd7fb8a000 	C:\Windows\System32\wintypes.dll
0x00007ffd7d490000 - 0x00007ffd7dcee000 	C:\Windows\SYSTEM32\windows.storage.dll
0x00007ffd811b0000 - 0x00007ffd812a5000 	C:\Windows\System32\SHCORE.dll
0x00007ffd80dd0000 - 0x00007ffd80e36000 	C:\Windows\System32\shlwapi.dll
0x00007ffd7f7f0000 - 0x00007ffd7f819000 	C:\Windows\SYSTEM32\profapi.dll
0x00007ffd4bf50000 - 0x00007ffd4bf68000 	c:\Users\lenovo\.cursor\extensions\redhat.java-1.55.0-win32-x64\jre\21.0.11-win32-x86_64\bin\zip.dll
0x00007ffd586a0000 - 0x00007ffd586b0000 	C:\Users\lenovo\.cursor\extensions\redhat.java-1.55.0-win32-x64\jre\21.0.11-win32-x86_64\bin\net.dll
0x00007ffd70900000 - 0x00007ffd70a28000 	C:\Windows\SYSTEM32\WINHTTP.dll
0x00007ffd7eb90000 - 0x00007ffd7ebfb000 	C:\Windows\system32\mswsock.dll
0x00007ffd4be50000 - 0x00007ffd4be66000 	C:\Users\lenovo\.cursor\extensions\redhat.java-1.55.0-win32-x64\jre\21.0.11-win32-x86_64\bin\nio.dll
0x00007ffd58670000 - 0x00007ffd58680000 	c:\Users\lenovo\.cursor\extensions\redhat.java-1.55.0-win32-x64\jre\21.0.11-win32-x86_64\bin\verify.dll
0x00007ffce3a00000 - 0x00007ffce3a45000 	C:\Users\lenovo\AppData\Roaming\Cursor\User\globalStorage\redhat.java\1.55.0\config_win\org.eclipse.equinox.launcher\org.eclipse.equinox.launcher.win32.win32.x86_64_1.3.100.v20260613-0559\eclipse_11924.dll
0x00007ffd82470000 - 0x00007ffd82607000 	C:\Windows\System32\ole32.dll
0x00007ffd584e0000 - 0x00007ffd584ea000 	C:\Users\lenovo\.cursor\extensions\redhat.java-1.55.0-win32-x64\jre\21.0.11-win32-x86_64\bin\management.dll
0x00007ffd51b60000 - 0x00007ffd51b6c000 	C:\Users\lenovo\.cursor\extensions\redhat.java-1.55.0-win32-x64\jre\21.0.11-win32-x86_64\bin\management_ext.dll
0x00007ffd82610000 - 0x00007ffd82618000 	C:\Windows\System32\PSAPI.DLL
0x00007ffd7ef80000 - 0x00007ffd7ef9b000 	C:\Windows\SYSTEM32\CRYPTSP.dll
0x00007ffd7e5c0000 - 0x00007ffd7e5fa000 	C:\Windows\system32\rsaenh.dll
0x00007ffd7ec40000 - 0x00007ffd7ec6b000 	C:\Windows\SYSTEM32\USERENV.dll
0x00007ffd7f7c0000 - 0x00007ffd7f7ea000 	C:\Windows\SYSTEM32\bcrypt.dll
0x00007ffd7ede0000 - 0x00007ffd7edec000 	C:\Windows\SYSTEM32\CRYPTBASE.dll
0x00007ffd7e080000 - 0x00007ffd7e0b4000 	C:\Windows\SYSTEM32\IPHLPAPI.DLL
0x00007ffd82240000 - 0x00007ffd8224a000 	C:\Windows\System32\NSI.dll
0x00007ffce3910000 - 0x00007ffce3959000 	C:\Users\lenovo\AppData\Local\Temp\jna--1106355917\jna12259191102121856532.dll
0x00007ffd78c60000 - 0x00007ffd78c7e000 	C:\Windows\SYSTEM32\dhcpcsvc6.DLL
0x00007ffd78940000 - 0x00007ffd78963000 	C:\Windows\SYSTEM32\dhcpcsvc.DLL
0x00007ffd51620000 - 0x00007ffd5162e000 	C:\Users\lenovo\.cursor\extensions\redhat.java-1.55.0-win32-x64\jre\21.0.11-win32-x86_64\bin\sunmscapi.dll
0x00007ffd7fb90000 - 0x00007ffd7fd07000 	C:\Windows\System32\CRYPT32.dll
0x00007ffd7f0d0000 - 0x00007ffd7f100000 	C:\Windows\SYSTEM32\ncrypt.dll
0x00007ffd7f080000 - 0x00007ffd7f0bf000 	C:\Windows\SYSTEM32\NTASN1.dll
0x00007ffd7e120000 - 0x00007ffd7e24c000 	C:\Windows\SYSTEM32\DNSAPI.dll
0x00007ffd6efd0000 - 0x00007ffd6efdb000 	C:\Windows\System32\rasadhlp.dll
0x00007ffd79250000 - 0x00007ffd792d6000 	C:\Windows\System32\fwpuclnt.dll
0x00007ffd4fd20000 - 0x00007ffd4fd29000 	C:\Users\lenovo\.cursor\extensions\redhat.java-1.55.0-win32-x64\jre\21.0.11-win32-x86_64\bin\extnet.dll

JVMTI agents:
c:\Users\lenovo\.cursor\extensions\redhat.java-1.55.0-win32-x64\lombok\lombok-1.18.39-4050.jar path:c:\Users\lenovo\.cursor\extensions\redhat.java-1.55.0-win32-x64\jre\21.0.11-win32-x86_64\bin\instrument.dll, loaded, initialized, instrumentlib options:none

dbghelp: loaded successfully - version: 4.0.5 - missing functions: none
symbol engine: initialized successfully - sym options: 0x614 - pdb path: .;c:\Users\lenovo\.cursor\extensions\redhat.java-1.55.0-win32-x64\jre\21.0.11-win32-x86_64\bin;C:\Windows\SYSTEM32;C:\Windows\WinSxS\amd64_microsoft.windows.common-controls_6595b64144ccf1df_6.0.26100.7309_none_3e05feeae336a044;c:\Users\lenovo\.cursor\extensions\redhat.java-1.55.0-win32-x64\jre\21.0.11-win32-x86_64\bin\server;C:\Users\lenovo\AppData\Roaming\Cursor\User\globalStorage\redhat.java\1.55.0\config_win\org.eclipse.equinox.launcher\org.eclipse.equinox.launcher.win32.win32.x86_64_1.3.100.v20260613-0559;C:\Users\lenovo\AppData\Local\Temp\jna--1106355917

VM Arguments:
jvm_args: --add-modules=ALL-SYSTEM --add-opens=java.base/java.util=ALL-UNNAMED --add-opens=java.base/java.lang=ALL-UNNAMED --add-opens=java.base/sun.nio.fs=ALL-UNNAMED -Declipse.application=org.eclipse.jdt.ls.core.id1 -Dosgi.bundles.defaultStartLevel=4 -Declipse.product=org.eclipse.jdt.ls.core.product -Djava.import.generatesMetadataFilesAtProjectRoot=false -DDetectVMInstallationsJob.disabled=true -Dfile.encoding=utf8 -XX:+UseParallelGC -XX:GCTimeRatio=4 -XX:AdaptiveSizePolicyWeight=90 -Dsun.zip.disableMemoryMapping=true -Xmx2G -Xms100m -Xlog:disable -javaagent:c:\Users\lenovo\.cursor\extensions\redhat.java-1.55.0-win32-x64\lombok\lombok-1.18.39-4050.jar -XX:+HeapDumpOnOutOfMemoryError -XX:HeapDumpPath=c:\Users\lenovo\AppData\Roaming\Cursor\User\workspaceStorage\3ccf0c871bdb3054dc9797006317609d\redhat.java -Daether.dependencyCollector.impl=bf 
java_command: c:\Users\lenovo\.cursor\extensions\redhat.java-1.55.0-win32-x64\server\plugins\org.eclipse.equinox.launcher_1.7.200.v20260619-2039.jar -configuration c:\Users\lenovo\AppData\Roaming\Cursor\User\globalStorage\redhat.java\1.55.0\config_win -data c:\Users\lenovo\AppData\Roaming\Cursor\User\workspaceStorage\3ccf0c871bdb3054dc9797006317609d\redhat.java\jdt_ws --pipe=\\.\pipe\lsp-2d1524581cc69ed77da154cbe78ae0d0-sock
java_class_path (initial): c:\Users\lenovo\.cursor\extensions\redhat.java-1.55.0-win32-x64\server\plugins\org.eclipse.equinox.launcher_1.7.200.v20260619-2039.jar
Launcher Type: SUN_STANDARD

[Global flags]
    uintx AdaptiveSizePolicyWeight                 = 90                                        {product} {command line}
     intx CICompilerCount                          = 4                                         {product} {ergonomic}
    uintx GCTimeRatio                              = 4                                         {product} {command line}
     bool HeapDumpOnOutOfMemoryError               = true                                   {manageable} {command line}
    ccstr HeapDumpPath                             = c:\Users\lenovo\AppData\Roaming\Cursor\User\workspaceStorage\3ccf0c871bdb3054dc9797006317609d\redhat.java         {manageable} {command line}
   size_t InitialHeapSize                          = 104857600                                 {product} {command line}
   size_t MaxHeapSize                              = 2147483648                                {product} {command line}
   size_t MaxNewSize                               = 715653120                                 {product} {ergonomic}
   size_t MinHeapDeltaBytes                        = 524288                                    {product} {ergonomic}
   size_t MinHeapSize                              = 104857600                                 {product} {command line}
   size_t NewSize                                  = 34603008                                  {product} {ergonomic}
    uintx NonNMethodCodeHeapSize                   = 5839372                                {pd product} {ergonomic}
    uintx NonProfiledCodeHeapSize                  = 122909434                              {pd product} {ergonomic}
   size_t OldSize                                  = 70254592                                  {product} {ergonomic}
    uintx ProfiledCodeHeapSize                     = 122909434                              {pd product} {ergonomic}
    uintx ReservedCodeCacheSize                    = 251658240                              {pd product} {ergonomic}
     bool SegmentedCodeCache                       = true                                      {product} {ergonomic}
   size_t SoftMaxHeapSize                          = 2147483648                             {manageable} {ergonomic}
     bool UseCompressedOops                        = true                           {product lp64_product} {ergonomic}
     bool UseLargePagesIndividualAllocation        = false                                  {pd product} {ergonomic}
     bool UseParallelGC                            = true                                      {product} {command line}

Logging:
Log output configuration:
 #0: stdout all=off uptime,level,tags foldmultilines=false
 #1: stderr all=off uptime,level,tags foldmultilines=false

Release file:
JAVA_VERSION="21.0.11" 
MODULES="java.base java.compiler java.datatransfer java.xml java.prefs java.desktop java.instrument java.logging java.management java.security.sasl java.naming java.rmi java.management.rmi java.net.http java.scripting java.security.jgss java.transaction.xa java.sql java.sql.rowset java.xml.crypto java.se java.smartcardio jdk.accessibility jdk.internal.jvmstat jdk.attach jdk.charsets jdk.internal.opt jdk.zipfs jdk.compiler jdk.crypto.ec jdk.crypto.cryptoki jdk.crypto.mscapi jdk.dynalink jdk.internal.ed jdk.editpad jdk.hotspot.agent jdk.httpserver jdk.internal.le jdk.internal.vm.ci jdk.internal.vm.compiler jdk.internal.vm.compiler.management jdk.jartool jdk.javadoc jdk.jcmd jdk.management jdk.management.agent jdk.jconsole jdk.jdeps jdk.jdwp.agent jdk.jdi jdk.jfr jdk.jshell jdk.jsobject jdk.jstatd jdk.localedata jdk.management.jfr jdk.naming.dns jdk.naming.rmi jdk.net jdk.nio.mapmode jdk.random jdk.sctp jdk.security.auth jdk.security.jgss jdk.unsupported jdk.unsupported.desktop jdk.xml.dom" 

Environment Variables:
PATH=C:\ProgramData\chocolatey\bin;C:\Windows\system32;C:\Windows;C:\Windows\System32\Wbem;C:\Windows\System32\WindowsPowerShell\v1.0\;C:\Windows\System32\OpenSSH\;C:\Program Files\nodejs\;C:\Program Files\Git\cmd;C:\Program Files\cursor\resources\app\bin;C:\Program Files\PuTTY\;C:\Program Files\Docker\Docker\resources\bin;%MAVEN_HOME%\bin;C:\Program Files\maven\apache-maven-3.9.12\bin;C:\Program Files\jdk\jdk-21.0.8_windows-x64_bin\jdk-21.0.8\bin;C:\Users\lenovo\flutter\bin;C:\Program Files\MySQL\MySQL Shell 8.0\bin\;C:\Users\lenovo\AppData\Local\Microsoft\WindowsApps;C:\Users\lenovo\AppData\Local\Programs\Microsoft VS Code\bin;C:\Users\lenovo\AppData\Roaming\npm;%MAVEN_HOME%\bin;;C:\tools\dart-sdk\bin;C:\Users\lenovo\AppData\Local\Pub\Cache\bin
USERNAME=lenovo
OS=Windows_NT
PROCESSOR_IDENTIFIER=Intel64 Family 6 Model 140 Stepping 1, GenuineIntel
TMP=C:\Users\lenovo\AppData\Local\Temp
TEMP=C:\Users\lenovo\AppData\Local\Temp




Periodic native trim disabled

---------------  S Y S T E M  ---------------

OS:
 Windows 11 , 64 bit Build 26100 (10.0.26100.7309)
OS uptime: 1 days 2:18 hours
Hyper-V role detected

CPU: total 8 (initial active 8) (4 cores per cpu, 2 threads per core) family 6 model 140 stepping 1 microcode 0xbe, cx8, cmov, fxsr, ht, mmx, 3dnowpref, sse, sse2, sse3, ssse3, sse4.1, sse4.2, popcnt, lzcnt, tsc, tscinvbit, avx, avx2, aes, erms, clmul, bmi1, bmi2, adx, avx512f, avx512dq, avx512cd, avx512bw, avx512vl, sha, fma, vzeroupper, avx512_vpopcntdq, avx512_vpclmulqdq, avx512_vaes, avx512_vnni, clflush, clflushopt, clwb, avx512_vbmi2, avx512_vbmi, hv, rdtscp, rdpid, fsrm, gfni, avx512_bitalg, f16c, cet_ibt, cet_ss, avx512_ifma
Processor Information for the first 8 processors :
  Max Mhz: 2419, Current Mhz: 907, Mhz Limit: 895

Memory: 4k page, system-wide physical 7856M (671M free)
TotalPageFile size 21017M (AvailPageFile size 68M)
current process WorkingSet (physical memory assigned to process): 212M, peak: 1117M
current process commit charge ("private bytes"): 1142M, peak: 1214M

vm_info: OpenJDK 64-Bit Server VM (21.0.11+10-LTS) for windows-amd64 JRE (21.0.11+10-LTS), built on 2026-04-21T00:00:00Z by "admin" with MS VC++ 17.12 (VS2022)

END.
